Archive member included to satisfy reference by file (symbol)

C:\STM32F429I-Discovery_FW_V1.0.1\Libraries\CMSIS\Lib\GCC\libarm_cortexM4lf_math.a(arm_const_structs.o)
                              src/SDR_func.o (arm_cfft_sR_f32_len1024)
C:\STM32F429I-Discovery_FW_V1.0.1\Libraries\CMSIS\Lib\GCC\libarm_cortexM4lf_math.a(arm_common_tables.o)
                              C:\STM32F429I-Discovery_FW_V1.0.1\Libraries\CMSIS\Lib\GCC\libarm_cortexM4lf_math.a(arm_const_structs.o) (armBitRevIndexTable_fixed_4096)
C:\STM32F429I-Discovery_FW_V1.0.1\Libraries\CMSIS\Lib\GCC\libarm_cortexM4lf_math.a(arm_cfft_f32.o)
                              src/SDR_func.o (arm_cfft_f32)
C:\STM32F429I-Discovery_FW_V1.0.1\Libraries\CMSIS\Lib\GCC\libarm_cortexM4lf_math.a(arm_fir_decimate_init_f32.o)
                              src/main.o (arm_fir_decimate_init_f32)
C:\STM32F429I-Discovery_FW_V1.0.1\Libraries\CMSIS\Lib\GCC\libarm_cortexM4lf_math.a(arm_fir_decimate_f32.o)
                              src/SDR_func.o (arm_fir_decimate_f32)
C:\STM32F429I-Discovery_FW_V1.0.1\Libraries\CMSIS\Lib\GCC\libarm_cortexM4lf_math.a(arm_cmplx_mult_cmplx_f32.o)
                              src/SDR_func.o (arm_cmplx_mult_cmplx_f32)
C:\STM32F429I-Discovery_FW_V1.0.1\Libraries\CMSIS\Lib\GCC\libarm_cortexM4lf_math.a(arm_bitreversal2.o)
                              C:\STM32F429I-Discovery_FW_V1.0.1\Libraries\CMSIS\Lib\GCC\libarm_cortexM4lf_math.a(arm_cfft_f32.o) (arm_bitreversal_32)
C:\STM32F429I-Discovery_FW_V1.0.1\Libraries\CMSIS\Lib\GCC\libarm_cortexM4lf_math.a(arm_cfft_radix8_f32.o)
                              C:\STM32F429I-Discovery_FW_V1.0.1\Libraries\CMSIS\Lib\GCC\libarm_cortexM4lf_math.a(arm_cfft_f32.o) (arm_radix8_butterfly_f32)
c:/ac6/systemworkbench/plugins/fr.ac6.mcu.externaltools.arm-none.win32_1.17.0.201812190825/tools/compiler/bin/../lib/gcc/arm-none-eabi/7.3.1/../../../../arm-none-eabi/lib/thumb/v7e-m/fpv4-sp/hard\libm.a(lib_a-s_cos.o)
                              src/SDR_math.o (cos)
c:/ac6/systemworkbench/plugins/fr.ac6.mcu.externaltools.arm-none.win32_1.17.0.201812190825/tools/compiler/bin/../lib/gcc/arm-none-eabi/7.3.1/../../../../arm-none-eabi/lib/thumb/v7e-m/fpv4-sp/hard\libm.a(lib_a-s_sin.o)
                              src/SDR_math.o (sin)
c:/ac6/systemworkbench/plugins/fr.ac6.mcu.externaltools.arm-none.win32_1.17.0.201812190825/tools/compiler/bin/../lib/gcc/arm-none-eabi/7.3.1/../../../../arm-none-eabi/lib/thumb/v7e-m/fpv4-sp/hard\libm.a(lib_a-w_log10.o)
                              src/user_interface.o (log10)
c:/ac6/systemworkbench/plugins/fr.ac6.mcu.externaltools.arm-none.win32_1.17.0.201812190825/tools/compiler/bin/../lib/gcc/arm-none-eabi/7.3.1/../../../../arm-none-eabi/lib/thumb/v7e-m/fpv4-sp/hard\libm.a(lib_a-w_pow.o)
                              src/SDR_func.o (pow)
c:/ac6/systemworkbench/plugins/fr.ac6.mcu.externaltools.arm-none.win32_1.17.0.201812190825/tools/compiler/bin/../lib/gcc/arm-none-eabi/7.3.1/../../../../arm-none-eabi/lib/thumb/v7e-m/fpv4-sp/hard\libm.a(lib_a-w_sqrt.o)
                              src/SDR_math.o (sqrt)
c:/ac6/systemworkbench/plugins/fr.ac6.mcu.externaltools.arm-none.win32_1.17.0.201812190825/tools/compiler/bin/../lib/gcc/arm-none-eabi/7.3.1/../../../../arm-none-eabi/lib/thumb/v7e-m/fpv4-sp/hard\libm.a(lib_a-wf_sqrt.o)
                              src/SDR_math.o (sqrtf)
c:/ac6/systemworkbench/plugins/fr.ac6.mcu.externaltools.arm-none.win32_1.17.0.201812190825/tools/compiler/bin/../lib/gcc/arm-none-eabi/7.3.1/../../../../arm-none-eabi/lib/thumb/v7e-m/fpv4-sp/hard\libm.a(lib_a-e_log10.o)
                              c:/ac6/systemworkbench/plugins/fr.ac6.mcu.externaltools.arm-none.win32_1.17.0.201812190825/tools/compiler/bin/../lib/gcc/arm-none-eabi/7.3.1/../../../../arm-none-eabi/lib/thumb/v7e-m/fpv4-sp/hard\libm.a(lib_a-w_log10.o) (__ieee754_log10)
c:/ac6/systemworkbench/plugins/fr.ac6.mcu.externaltools.arm-none.win32_1.17.0.201812190825/tools/compiler/bin/../lib/gcc/arm-none-eabi/7.3.1/../../../../arm-none-eabi/lib/thumb/v7e-m/fpv4-sp/hard\libm.a(lib_a-e_pow.o)
                              c:/ac6/systemworkbench/plugins/fr.ac6.mcu.externaltools.arm-none.win32_1.17.0.201812190825/tools/compiler/bin/../lib/gcc/arm-none-eabi/7.3.1/../../../../arm-none-eabi/lib/thumb/v7e-m/fpv4-sp/hard\libm.a(lib_a-w_pow.o) (__ieee754_pow)
c:/ac6/systemworkbench/plugins/fr.ac6.mcu.externaltools.arm-none.win32_1.17.0.201812190825/tools/compiler/bin/../lib/gcc/arm-none-eabi/7.3.1/../../../../arm-none-eabi/lib/thumb/v7e-m/fpv4-sp/hard\libm.a(lib_a-e_rem_pio2.o)
                              c:/ac6/systemworkbench/plugins/fr.ac6.mcu.externaltools.arm-none.win32_1.17.0.201812190825/tools/compiler/bin/../lib/gcc/arm-none-eabi/7.3.1/../../../../arm-none-eabi/lib/thumb/v7e-m/fpv4-sp/hard\libm.a(lib_a-s_cos.o) (__ieee754_rem_pio2)
[...]
Memory Configuration

Name             Origin             Length             Attributes
RAM              0x20000000         0x00030000         xrw
ROM              0x08000000         0x00200000         xr
CCM              0x10000000         0x00010000         xrw
*default*        0x00000000         0xffffffff

Linker script and memory map

LOAD c:/ac6/systemworkbench/plugins/fr.ac6.mcu.externaltools.arm-none.win32_1.17.0.201812190825/tools/compiler/bin/../lib/gcc/arm-none-eabi/7.3.1/thumb/v7e-m/fpv4-sp/hard/crti.o
LOAD c:/ac6/systemworkbench/plugins/fr.ac6.mcu.externaltools.arm-none.win32_1.17.0.201812190825/tools/compiler/bin/../lib/gcc/arm-none-eabi/7.3.1/thumb/v7e-m/fpv4-sp/hard/crtbegin.o
LOAD c:/ac6/systemworkbench/plugins/fr.ac6.mcu.externaltools.arm-none.win32_1.17.0.201812190825/tools/compiler/bin/../lib/gcc/arm-none-eabi/7.3.1/../../../../arm-none-eabi/lib/thumb/v7e-m/fpv4-sp/hard/crt0.o
LOAD src/SDR_InitPeriph.o
LOAD src/SDR_func.o
LOAD src/SDR_math.o
LOAD src/main.o
LOAD src/misc.o
LOAD src/stm32f429i_discovery.o
LOAD src/stm32f429i_discovery_ioe.o
LOAD src/stm32f429i_discovery_lcd.o
LOAD src/stm32f429i_discovery_sdram.o
LOAD src/stm32f4xx_adc.o
LOAD src/stm32f4xx_dac.o
LOAD src/stm32f4xx_dma.o
LOAD src/stm32f4xx_dma2d.o
LOAD src/stm32f4xx_exti.o
LOAD src/stm32f4xx_flash.o
LOAD src/stm32f4xx_fmc.o
LOAD src/stm32f4xx_gpio.o
LOAD src/stm32f4xx_i2c.o
LOAD src/stm32f4xx_it.o
LOAD src/stm32f4xx_ltdc.o
LOAD src/stm32f4xx_rcc.o
LOAD src/stm32f4xx_spi.o
LOAD src/stm32f4xx_syscfg.o
LOAD src/stm32f4xx_tim.o
LOAD src/system_stm32f4xx.o
LOAD src/user_interface.o
LOAD startup/startup_stm32.o
LOAD startup/sysmem.o
LOAD C:\STM32F429I-Discovery_FW_V1.0.1\Libraries\CMSIS\Lib\GCC\libarm_cortexM4lf_math.a
LOAD c:/ac6/systemworkbench/plugins/fr.ac6.mcu.externaltools.arm-none.win32_1.17.0.201812190825/tools/compiler/bin/../lib/gcc/arm-none-eabi/7.3.1/../../../../arm-none-eabi/lib/thumb/v7e-m/fpv4-sp/hard\libm.a
START GROUP
LOAD c:/ac6/systemworkbench/plugins/fr.ac6.mcu.externaltools.arm-none.win32_1.17.0.201812190825/tools/compiler/bin/../lib/gcc/arm-none-eabi/7.3.1/thumb/v7e-m/fpv4-sp/hard\libgcc.a
LOAD c:/ac6/systemworkbench/plugins/fr.ac6.mcu.externaltools.arm-none.win32_1.17.0.201812190825/tools/compiler/bin/../lib/gcc/arm-none-eabi/7.3.1/../../../../arm-none-eabi/lib/thumb/v7e-m/fpv4-sp/hard\libc_nano.a
END GROUP
START GROUP
LOAD c:/ac6/systemworkbench/plugins/fr.ac6.mcu.externaltools.arm-none.win32_1.17.0.201812190825/tools/compiler/bin/../lib/gcc/arm-none-eabi/7.3.1/thumb/v7e-m/fpv4-sp/hard\libgcc.a
LOAD c:/ac6/systemworkbench/plugins/fr.ac6.mcu.externaltools.arm-none.win32_1.17.0.201812190825/tools/compiler/bin/../lib/gcc/arm-none-eabi/7.3.1/../../../../arm-none-eabi/lib/thumb/v7e-m/fpv4-sp/hard\libc_nano.a
LOAD c:/ac6/systemworkbench/plugins/fr.ac6.mcu.externaltools.arm-none.win32_1.17.0.201812190825/tools/compiler/bin/../lib/gcc/arm-none-eabi/7.3.1/../../../../arm-none-eabi/lib/thumb/v7e-m/fpv4-sp/hard\libnosys.a
END GROUP
START GROUP
LOAD c:/ac6/systemworkbench/plugins/fr.ac6.mcu.externaltools.arm-none.win32_1.17.0.201812190825/tools/compiler/bin/../lib/gcc/arm-none-eabi/7.3.1/thumb/v7e-m/fpv4-sp/hard\libgcc.a
LOAD c:/ac6/systemworkbench/plugins/fr.ac6.mcu.externaltools.arm-none.win32_1.17.0.201812190825/tools/compiler/bin/../lib/gcc/arm-none-eabi/7.3.1/../../../../arm-none-eabi/lib/thumb/v7e-m/fpv4-sp/hard\libc_nano.a
LOAD c:/ac6/systemworkbench/plugins/fr.ac6.mcu.externaltools.arm-none.win32_1.17.0.201812190825/tools/compiler/bin/../lib/gcc/arm-none-eabi/7.3.1/../../../../arm-none-eabi/lib/thumb/v7e-m/fpv4-sp/hard\libnosys.a
END GROUP
LOAD c:/ac6/systemworkbench/plugins/fr.ac6.mcu.externaltools.arm-none.win32_1.17.0.201812190825/tools/compiler/bin/../lib/gcc/arm-none-eabi/7.3.1/thumb/v7e-m/fpv4-sp/hard/crtend.o
LOAD c:/ac6/systemworkbench/plugins/fr.ac6.mcu.externaltools.arm-none.win32_1.17.0.201812190825/tools/compiler/bin/../lib/gcc/arm-none-eabi/7.3.1/thumb/v7e-m/fpv4-sp/hard/crtn.o
                0x20030000                _estack = 0x20030000
                0x00000000                _Min_Heap_Size = 0x0
                0x00000400                _Min_Stack_Size = 0x400

.isr_vector     0x08000000      0x1ac
                0x08000000                . = ALIGN (0x4)
 *(.isr_vector)
 .isr_vector    0x08000000      0x1ac startup/startup_stm32.o
                0x08000000                g_pfnVectors
                0x080001ac                . = ALIGN (0x4)

.text           0x080001b0     0xd580
                0x080001b0                . = ALIGN (0x4)
 *(.text)
 .text          0x080001b0       0x40 c:/ac6/systemworkbench/plugins/fr.ac6.mcu.externaltools.arm-none.win32_1.17.0.201812190825/tools/compiler/bin/../lib/gcc/arm-none-eabi/7.3.1/thumb/v7e-m/fpv4-sp/hard/crtbegin.o
 .text          0x080001f0       0xc0 C:\STM32F429I-Discovery_FW_V1.0.1\Libraries\CMSIS\Lib\GCC\libarm_cortexM4lf_math.a(arm_bitreversal2.o)
                0x080001f0                arm_bitreversal_32
                0x0800025a                arm_bitreversal_16
 .text          0x080002b0      0x378 c:/ac6/systemworkbench/plugins/fr.ac6.mcu.externaltools.arm-none.win32_1.17.0.201812190825/tools/compiler/bin/../lib/gcc/arm-none-eabi/7.3.1/thumb/v7e-m/fpv4-sp/hard\libgcc.a(_arm_addsubdf3.o)
                0x080002b0                __aeabi_drsub
                0x080002b8                __aeabi_dsub
                0x080002b8                __subdf3
                0x080002bc                __aeabi_dadd
                0x080002bc                __adddf3
                0x08000534                __floatunsidf
                0x08000534                __aeabi_ui2d
                0x08000554                __floatsidf
                0x08000554                __aeabi_i2d
                0x08000578                __aeabi_f2d
                0x08000578                __extendsfdf2
                0x080005bc                __floatundidf
                0x080005bc                __aeabi_ul2d
                0x080005cc                __floatdidf
                0x080005cc                __aeabi_l2d
 .text          0x08000628      0x424 c:/ac6/systemworkbench/plugins/fr.ac6.mcu.externaltools.arm-none.win32_1.17.0.201812190825/tools/compiler/bin/../lib/gcc/arm-none-eabi/7.3.1/thumb/v7e-m/fpv4-sp/hard\libgcc.a(_arm_muldivdf3.o)
                0x08000628                __aeabi_dmul
                0x08000628                __muldf3
                0x0800087c                __divdf3
                0x0800087c                __aeabi_ddiv
 .text          0x08000a4c      0x110 c:/ac6/systemworkbench/plugins/fr.ac6.mcu.externaltools.arm-none.win32_1.17.0.201812190825/tools/compiler/bin/../lib/gcc/arm-none-eabi/7.3.1/thumb/v7e-m/fpv4-sp/hard\libgcc.a(_arm_cmpdf2.o)
                0x08000a4c                __gtdf2
                0x08000a4c                __gedf2
                0x08000a54                __ltdf2
                0x08000a54                __ledf2
                0x08000a5c                __nedf2
                0x08000a5c                __eqdf2
                0x08000a5c                __cmpdf2
                0x08000ad8                __aeabi_cdrcmple
                0x08000ae8                __aeabi_cdcmpeq
                0x08000ae8                __aeabi_cdcmple
                0x08000af8                __aeabi_dcmpeq
                0x08000b0c                __aeabi_dcmplt
                0x08000b20                __aeabi_dcmple
                0x08000b34                __aeabi_dcmpge
                0x08000b48                __aeabi_dcmpgt
 .text          0x08000b5c       0x2c c:/ac6/systemworkbench/plugins/fr.ac6.mcu.externaltools.arm-none.win32_1.17.0.201812190825/tools/compiler/bin/../lib/gcc/arm-none-eabi/7.3.1/thumb/v7e-m/fpv4-sp/hard\libgcc.a(_arm_unorddf2.o)
                0x08000b5c                __unorddf2
                0x08000b5c                __aeabi_dcmpun
 .text          0x08000b88       0x50 c:/ac6/systemworkbench/plugins/fr.ac6.mcu.externaltools.arm-none.win32_1.17.0.201812190825/tools/compiler/bin/../lib/gcc/arm-none-eabi/7.3.1/thumb/v7e-m/fpv4-sp/hard\libgcc.a(_arm_fixdfsi.o)
                0x08000b88                __aeabi_d2iz
                0x08000b88                __fixdfsi
 .text          0x08000bd8       0x40 c:/ac6/systemworkbench/plugins/fr.ac6.mcu.externaltools.arm-none.win32_1.17.0.201812190825/tools/compiler/bin/../lib/gcc/arm-none-eabi/7.3.1/thumb/v7e-m/fpv4-sp/hard\libgcc.a(_arm_fixunsdfsi.o)
                0x08000bd8                __aeabi_d2uiz
                0x08000bd8                __fixunsdfsi
 .text          0x08000c18       0xa0 c:/ac6/systemworkbench/plugins/fr.ac6.mcu.externaltools.arm-none.win32_1.17.0.201812190825/tools/compiler/bin/../lib/gcc/arm-none-eabi/7.3.1/thumb/v7e-m/fpv4-sp/hard\libgcc.a(_arm_truncdfsf2.o)
                0x08000c18                __truncdfsf2
                0x08000c18                __aeabi_d2f
 .text          0x08000cb8       0x10 c:/ac6/systemworkbench/plugins/fr.ac6.mcu.externaltools.arm-none.win32_1.17.0.201812190825/tools/compiler/bin/../lib/gcc/arm-none-eabi/7.3.1/../../../../arm-none-eabi/lib/thumb/v7e-m/fpv4-sp/hard\libc_nano.a(lib_a-strlen.o)
                0x08000cb8                strlen
 *fill*         0x08000cc8        0x8 
 .text          0x08000cd0       0xa0 c:/ac6/systemworkbench/plugins/fr.ac6.mcu.externaltools.arm-none.win32_1.17.0.201812190825/tools/compiler/bin/../lib/gcc/arm-none-eabi/7.3.1/../../../../arm-none-eabi/lib/thumb/v7e-m/fpv4-sp/hard\libc_nano.a(lib_a-memchr.o)
                0x08000cd0                memchr
 *(.text*)
 .text.Set_NVIC_PriorityGroupConfig
                0x08000d70       0x14 src/SDR_InitPeriph.o
                0x08000d70                Set_NVIC_PriorityGroupConfig
 .text.SDR_InitEXTI
                0x08000d84       0x74 src/SDR_InitPeriph.o
                0x08000d84                SDR_InitEXTI
 .text.SDR_InitGPIO
                0x08000df8      0x180 src/SDR_InitPeriph.o
                0x08000df8                SDR_InitGPIO
 .text.SDR_InitADC
                0x08000f78      0x194 src/SDR_InitPeriph.o
                0x08000f78                SDR_InitADC
 .text.SDR_StartADC
                0x0800110c        0xc src/SDR_InitPeriph.o
                0x0800110c                SDR_StartADC
 .text.SDR_InitDAC
                0x08001118      0x140 src/SDR_InitPeriph.o
                0x08001118                SDR_InitDAC
 .text.Load_Presets
                0x08001258       0x4c src/SDR_func.o
                0x08001258                Load_Presets
 .text.SetBW    0x080012a4       0xdc src/SDR_func.o
                0x080012a4                SetBW
 .text.Tune_Preset
                0x08001380      0x25c src/SDR_func.o
                0x08001380                Tune_Preset
 .text.EXTI0_IRQHandler
                0x080015dc      0x2a8 src/SDR_func.o
                0x080015dc                EXTI0_IRQHandler
 .text.SetAGC   0x08001884       0xac src/SDR_func.o
                0x08001884                SetAGC
 .text.SetMode  0x08001930      0x1e4 src/SDR_func.o
                0x08001930                SetMode
 *fill*         0x08001b14        0x4 
 .text.SetFstep
                0x08001b18       0x34 src/SDR_func.o
                0x08001b18                SetFstep
 .text.FplusClicked
                0x08001b4c      0x254 src/SDR_func.o
                0x08001b4c                FplusClicked
 .text.FminusClicked
                0x08001da0      0x254 src/SDR_func.o
                0x08001da0                FminusClicked
 .text.SysTick_Handler
                0x08001ff4        0x4 src/SDR_func.o
                0x08001ff4                SysTick_Handler
 .text.EXTI1_IRQHandler
                0x08001ff8      0x174 src/SDR_func.o
                0x08001ff8                EXTI1_IRQHandler
 .text.DMA2_Stream0_IRQHandler
                0x0800216c      0x528 src/SDR_func.o
                0x0800216c                DMA2_Stream0_IRQHandler
 .text.SDR_ComputeLO
                0x08002694      0x16c src/SDR_math.o
                0x08002694                SDR_ComputeLO
 .text.SDR_2R_toC_f32
                0x08002800       0x64 src/SDR_math.o
                0x08002800                SDR_2R_toC_f32
 .text.SDR_downconvert_f32
                0x08002864       0xec src/SDR_math.o
                0x08002864                SDR_downconvert_f32
 .text.SDR_float_to_DAC_audio
                0x08002950       0xc4 src/SDR_math.o
                0x08002950                SDR_float_to_DAC_audio
 .text.SDR_memcpy_f32
                0x08002a14       0x38 src/SDR_math.o
                0x08002a14                SDR_memcpy_f32
 .text.SDR_mirror_LSB
                0x08002a4c       0x80 src/SDR_math.o
                0x08002a4c                SDR_mirror_LSB
 .text.SDR_compute_IIR_parms
                0x08002acc      0x128 src/SDR_math.o
                0x08002acc                SDR_compute_IIR_parms
 .text.SDR_CWPeak
                0x08002bf4       0xf8 src/SDR_math.o
                0x08002bf4                SDR_CWPeak
 .text.SDR_demodAM_AGC
                0x08002cec      0x128 src/SDR_math.o
                0x08002cec                SDR_demodAM_AGC
 .text.SDR_demodSSB_CW_AGC
                0x08002e14      0x130 src/SDR_math.o
                0x08002e14                SDR_demodSSB_CW_AGC
 .text.startup.main
                0x08002f44      0x158 src/main.o
                0x08002f44                main
 .text.NVIC_Init
                0x0800309c       0x5c src/misc.o
                0x0800309c                NVIC_Init
 .text.IOE_TimeoutUserCallback
                0x080030f8       0xd4 src/stm32f429i_discovery_ioe.o
                0x080030f8                IOE_TimeoutUserCallback
 .text.I2C_WriteDeviceRegister.part.0
                0x080031cc       0xe8 src/stm32f429i_discovery_ioe.o
 .text.I2C_ReadDeviceRegister.part.1
                0x080032b4      0x14c src/stm32f429i_discovery_ioe.o
 .text.I2C_ReadDataBuffer
                0x08003400      0x168 src/stm32f429i_discovery_ioe.o
                0x08003400                I2C_ReadDataBuffer
 .text.IOE_TP_GetState
                0x08003568      0x1a8 src/stm32f429i_discovery_ioe.o
                0x08003568                IOE_TP_GetState
 .text.IOE_TP_Config
                0x08003710      0x368 src/stm32f429i_discovery_ioe.o
                0x08003710                IOE_TP_Config
 .text.IOE_Config
                0x08003a78      0x254 src/stm32f429i_discovery_ioe.o
                0x08003a78                IOE_Config
 .text.LCD_LayerInit
                0x08003ccc       0xb4 src/stm32f429i_discovery_lcd.o
                0x08003ccc                LCD_LayerInit
 .text.LCD_SetLayer
                0x08003d80       0x2c src/stm32f429i_discovery_lcd.o
                0x08003d80                LCD_SetLayer
 .text.LCD_SetTextColor
                0x08003dac        0xc src/stm32f429i_discovery_lcd.o
                0x08003dac                LCD_SetTextColor
 .text.LCD_SetBackColor
                0x08003db8        0xc src/stm32f429i_discovery_lcd.o
                0x08003db8                LCD_SetBackColor
 .text.LCD_SetFont
                0x08003dc4        0xc src/stm32f429i_discovery_lcd.o
                0x08003dc4                LCD_SetFont
 .text.LCD_SetTransparency
                0x08003dd0       0x38 src/stm32f429i_discovery_lcd.o
                0x08003dd0                LCD_SetTransparency
 .text.LCD_GetFont
                0x08003e08        0xc src/stm32f429i_discovery_lcd.o
                0x08003e08                LCD_GetFont
 .text.LCD_Clear
                0x08003e14       0x18 src/stm32f429i_discovery_lcd.o
                0x08003e14                LCD_Clear
 .text.LCD_DisplayStringLine
                0x08003e2c       0xf8 src/stm32f429i_discovery_lcd.o
                0x08003e2c                LCD_DisplayStringLine
 .text.LCD_DrawLine
                0x08003f24       0x78 src/stm32f429i_discovery_lcd.o
                0x08003f24                LCD_DrawLine
 .text.LCD_PowerOn
                0x08003f9c     0x1d10 src/stm32f429i_discovery_lcd.o
                0x08003f9c                LCD_PowerOn
 .text.LCD_SPIConfig
                0x08005cac       0xa8 src/stm32f429i_discovery_lcd.o
                0x08005cac                LCD_SPIConfig
 .text.LCD_Init
                0x08005d54      0x230 src/stm32f429i_discovery_lcd.o
                0x08005d54                LCD_Init
 .text.SDRAM_GPIOConfig
                0x08005f84      0x20c src/stm32f429i_discovery_sdram.o
                0x08005f84                SDRAM_GPIOConfig
 .text.SDRAM_InitSequence
                0x08006190       0xd4 src/stm32f429i_discovery_sdram.o
                0x08006190                SDRAM_InitSequence
 .text.SDRAM_Init
                0x08006264       0x60 src/stm32f429i_discovery_sdram.o
                0x08006264                SDRAM_Init
 .text.SDR_ADC_Init
                0x080062c4       0x4c src/stm32f4xx_adc.o
                0x080062c4                SDR_ADC_Init
 .text.SDR_ADC_StructInit
                0x08006310       0x14 src/stm32f4xx_adc.o
                0x08006310                SDR_ADC_StructInit
 .text.ADC_CommonInit
                0x08006324       0x28 src/stm32f4xx_adc.o
                0x08006324                ADC_CommonInit
 .text.ADC_CommonStructInit
                0x0800634c        0xc src/stm32f4xx_adc.o
                0x0800634c                ADC_CommonStructInit
 .text.ADC_Cmd  0x08006358       0x14 src/stm32f4xx_adc.o
                0x08006358                ADC_Cmd
 .text.ADC_RegularChannelConfig
                0x0800636c       0x8c src/stm32f4xx_adc.o
                0x0800636c                ADC_RegularChannelConfig
 .text.ADC_SoftwareStartConv
                0x080063f8        0xc src/stm32f4xx_adc.o
                0x080063f8                ADC_SoftwareStartConv
 .text.ADC_DMACmd
                0x08006404       0x14 src/stm32f4xx_adc.o
                0x08006404                ADC_DMACmd
 .text.ADC_MultiModeDMARequestAfterLastTransferCmd
                0x08006418       0x1c src/stm32f4xx_adc.o
                0x08006418                ADC_MultiModeDMARequestAfterLastTransferCmd
 .text.DAC_Init
                0x08006434       0x30 src/stm32f4xx_dac.o
                0x08006434                DAC_Init
 .text.DAC_StructInit
                0x08006464        0xc src/stm32f4xx_dac.o
                0x08006464                DAC_StructInit
 .text.DAC_Cmd  0x08006470       0x20 src/stm32f4xx_dac.o
                0x08006470                DAC_Cmd
 .text.DAC_DMACmd
                0x08006490       0x20 src/stm32f4xx_dac.o
                0x08006490                DAC_DMACmd
 .text.DMA_DeInit
                0x080064b0      0x12c src/stm32f4xx_dma.o
                0x080064b0                DMA_DeInit
 .text.DMA_Init
                0x080065dc       0x58 src/stm32f4xx_dma.o
                0x080065dc                DMA_Init
 .text.DMA_StructInit
                0x08006634       0x24 src/stm32f4xx_dma.o
                0x08006634                DMA_StructInit
 .text.DMA_Cmd  0x08006658       0x14 src/stm32f4xx_dma.o
                0x08006658                DMA_Cmd
 .text.DMA_DoubleBufferModeConfig
                0x0800666c       0x18 src/stm32f4xx_dma.o
                0x0800666c                DMA_DoubleBufferModeConfig
 .text.DMA_DoubleBufferModeCmd
                0x08006684       0x14 src/stm32f4xx_dma.o
                0x08006684                DMA_DoubleBufferModeCmd
 .text.DMA_GetCurrentMemoryTarget
                0x08006698        0x8 src/stm32f4xx_dma.o
                0x08006698                DMA_GetCurrentMemoryTarget
 .text.DMA_GetCmdStatus
                0x080066a0        0x8 src/stm32f4xx_dma.o
                0x080066a0                DMA_GetCmdStatus
 .text.DMA_ITConfig
                0x080066a8       0x40 src/stm32f4xx_dma.o
                0x080066a8                DMA_ITConfig
 .text.DMA_ClearITPendingBit
                0x080066e8       0x30 src/stm32f4xx_dma.o
                0x080066e8                DMA_ClearITPendingBit
 .text.DMA2D_DeInit
                0x08006718       0x1c src/stm32f4xx_dma2d.o
                0x08006718                DMA2D_DeInit
 .text.DMA2D_Init
                0x08006734       0xac src/stm32f4xx_dma2d.o
                0x08006734                DMA2D_Init
 .text.DMA2D_StartTransfer
                0x080067e0       0x10 src/stm32f4xx_dma2d.o
                0x080067e0                DMA2D_StartTransfer
 .text.DMA2D_GetFlagStatus
                0x080067f0       0x14 src/stm32f4xx_dma2d.o
                0x080067f0                DMA2D_GetFlagStatus
 .text.EXTI_Init
                0x08006804       0x70 src/stm32f4xx_exti.o
                0x08006804                EXTI_Init
 .text.EXTI_StructInit
                0x08006874       0x10 src/stm32f4xx_exti.o
                0x08006874                EXTI_StructInit
 .text.EXTI_GetITStatus
                0x08006884       0x14 src/stm32f4xx_exti.o
                0x08006884                EXTI_GetITStatus
 .text.FMC_SDRAMInit
                0x08006898       0xb8 src/stm32f4xx_fmc.o
                0x08006898                FMC_SDRAMInit
 .text.FMC_SDRAMCmdConfig
                0x08006950       0x24 src/stm32f4xx_fmc.o
                0x08006950                FMC_SDRAMCmdConfig
 .text.FMC_SetRefreshCount
                0x08006974       0x10 src/stm32f4xx_fmc.o
                0x08006974                FMC_SetRefreshCount
 .text.FMC_GetFlagStatus
                0x08006984       0x40 src/stm32f4xx_fmc.o
                0x08006984                FMC_GetFlagStatus
 .text.GPIO_Init
                0x080069c4       0x9c src/stm32f4xx_gpio.o
                0x080069c4                GPIO_Init
 .text.GPIO_StructInit
                0x08006a60        0xc src/stm32f4xx_gpio.o
                0x08006a60                GPIO_StructInit
 .text.GPIO_SetBits
                0x08006a6c        0x4 src/stm32f4xx_gpio.o
                0x08006a6c                GPIO_SetBits
 .text.GPIO_ResetBits
                0x08006a70        0x4 src/stm32f4xx_gpio.o
                0x08006a70                GPIO_ResetBits
 .text.GPIO_WriteBit
                0x08006a74        0xc src/stm32f4xx_gpio.o
                0x08006a74                GPIO_WriteBit
 .text.GPIO_PinAFConfig
                0x08006a80       0x2c src/stm32f4xx_gpio.o
                0x08006a80                GPIO_PinAFConfig
 .text.I2C_DeInit
                0x08006aac       0x6c src/stm32f4xx_i2c.o
                0x08006aac                I2C_DeInit
 .text.I2C_Init
                0x08006b18       0xd4 src/stm32f4xx_i2c.o
                0x08006b18                I2C_Init
 .text.I2C_Cmd  0x08006bec       0x18 src/stm32f4xx_i2c.o
                0x08006bec                I2C_Cmd
 .text.I2C_GenerateSTART
                0x08006c04       0x18 src/stm32f4xx_i2c.o
                0x08006c04                I2C_GenerateSTART
 .text.I2C_GenerateSTOP
                0x08006c1c       0x18 src/stm32f4xx_i2c.o
                0x08006c1c                I2C_GenerateSTOP
 .text.I2C_Send7bitAddress
                0x08006c34       0x18 src/stm32f4xx_i2c.o
                0x08006c34                I2C_Send7bitAddress
 .text.I2C_AcknowledgeConfig
                0x08006c4c       0x18 src/stm32f4xx_i2c.o
                0x08006c4c                I2C_AcknowledgeConfig
 .text.I2C_SoftwareResetCmd
                0x08006c64       0x14 src/stm32f4xx_i2c.o
                0x08006c64                I2C_SoftwareResetCmd
 .text.I2C_NACKPositionConfig
                0x08006c78       0x18 src/stm32f4xx_i2c.o
                0x08006c78                I2C_NACKPositionConfig
 .text.I2C_SendData
                0x08006c90        0x4 src/stm32f4xx_i2c.o
                0x08006c90                I2C_SendData
 .text.I2C_ReceiveData
                0x08006c94        0x8 src/stm32f4xx_i2c.o
                0x08006c94                I2C_ReceiveData
 .text.I2C_GetFlagStatus
                0x08006c9c       0x38 src/stm32f4xx_i2c.o
                0x08006c9c                I2C_GetFlagStatus
 .text.NMI_Handler
                0x08006cd4        0x4 src/stm32f4xx_it.o
                0x08006cd4                NMI_Handler
 .text.HardFault_Handler
                0x08006cd8        0x4 src/stm32f4xx_it.o
                0x08006cd8                HardFault_Handler
 .text.MemManage_Handler
                0x08006cdc        0x4 src/stm32f4xx_it.o
                0x08006cdc                MemManage_Handler
 .text.BusFault_Handler
                0x08006ce0        0x4 src/stm32f4xx_it.o
                0x08006ce0                BusFault_Handler
 .text.UsageFault_Handler
                0x08006ce4        0x4 src/stm32f4xx_it.o
                0x08006ce4                UsageFault_Handler
 .text.SVC_Handler
                0x08006ce8        0x4 src/stm32f4xx_it.o
                0x08006ce8                SVC_Handler
 .text.DebugMon_Handler
                0x08006cec        0x4 src/stm32f4xx_it.o
                0x08006cec                DebugMon_Handler
 .text.PendSV_Handler
                0x08006cf0        0x4 src/stm32f4xx_it.o
                0x08006cf0                PendSV_Handler
 .text.LTDC_Init
                0x08006cf4       0xa0 src/stm32f4xx_ltdc.o
                0x08006cf4                LTDC_Init
 .text.LTDC_Cmd
                0x08006d94       0x1c src/stm32f4xx_ltdc.o
                0x08006d94                LTDC_Cmd
 .text.LTDC_DitherCmd
                0x08006db0       0x1c src/stm32f4xx_ltdc.o
                0x08006db0                LTDC_DitherCmd
 .text.LTDC_ReloadConfig
                0x08006dcc        0xc src/stm32f4xx_ltdc.o
                0x08006dcc                LTDC_ReloadConfig
 .text.LTDC_LayerInit
                0x08006dd8       0x9c src/stm32f4xx_ltdc.o
                0x08006dd8                LTDC_LayerInit
 .text.LTDC_LayerCmd
                0x08006e74       0x14 src/stm32f4xx_ltdc.o
                0x08006e74                LTDC_LayerCmd
 .text.LTDC_LayerAlpha
                0x08006e88        0x4 src/stm32f4xx_ltdc.o
                0x08006e88                LTDC_LayerAlpha
 .text.RCC_PLLSAIConfig
                0x08006e8c       0x18 src/stm32f4xx_rcc.o
                0x08006e8c                RCC_PLLSAIConfig
 .text.RCC_PLLSAICmd
                0x08006ea4        0xc src/stm32f4xx_rcc.o
                0x08006ea4                RCC_PLLSAICmd
 .text.RCC_GetClocksFreq
                0x08006eb0       0x90 src/stm32f4xx_rcc.o
                0x08006eb0                RCC_GetClocksFreq
 .text.RCC_LTDCCLKDivConfig
                0x08006f40       0x18 src/stm32f4xx_rcc.o
                0x08006f40                RCC_LTDCCLKDivConfig
 .text.RCC_AHB1PeriphClockCmd
                0x08006f58       0x18 src/stm32f4xx_rcc.o
                0x08006f58                RCC_AHB1PeriphClockCmd
 .text.RCC_AHB3PeriphClockCmd
                0x08006f70       0x18 src/stm32f4xx_rcc.o
                0x08006f70                RCC_AHB3PeriphClockCmd
 .text.RCC_APB1PeriphClockCmd
                0x08006f88       0x18 src/stm32f4xx_rcc.o
                0x08006f88                RCC_APB1PeriphClockCmd
 .text.RCC_APB2PeriphClockCmd
                0x08006fa0       0x18 src/stm32f4xx_rcc.o
                0x08006fa0                RCC_APB2PeriphClockCmd
 .text.RCC_AHB1PeriphResetCmd
                0x08006fb8       0x18 src/stm32f4xx_rcc.o
                0x08006fb8                RCC_AHB1PeriphResetCmd
 .text.RCC_APB1PeriphResetCmd
                0x08006fd0       0x18 src/stm32f4xx_rcc.o
                0x08006fd0                RCC_APB1PeriphResetCmd
 .text.RCC_APB2PeriphResetCmd
                0x08006fe8       0x18 src/stm32f4xx_rcc.o
                0x08006fe8                RCC_APB2PeriphResetCmd
 .text.RCC_GetFlagStatus
                0x08007000       0x34 src/stm32f4xx_rcc.o
                0x08007000                RCC_GetFlagStatus
 .text.SPI_I2S_DeInit
                0x08007034       0xd0 src/stm32f4xx_spi.o
                0x08007034                SPI_I2S_DeInit
 .text.SPI_Init
                0x08007104       0x40 src/stm32f4xx_spi.o
                0x08007104                SPI_Init
 .text.SPI_Cmd  0x08007144       0x18 src/stm32f4xx_spi.o
                0x08007144                SPI_Cmd
 .text.SPI_I2S_SendData
                0x0800715c        0x4 src/stm32f4xx_spi.o
                0x0800715c                SPI_I2S_SendData
 .text.SPI_I2S_GetFlagStatus
                0x08007160        0xc src/stm32f4xx_spi.o
                0x08007160                SPI_I2S_GetFlagStatus
 .text.SYSCFG_EXTILineConfig
                0x0800716c       0x30 src/stm32f4xx_syscfg.o
                0x0800716c                SYSCFG_EXTILineConfig
 .text.TIM_TimeBaseInit
                0x0800719c       0x94 src/stm32f4xx_tim.o
                0x0800719c                TIM_TimeBaseInit
 .text.TIM_TimeBaseStructInit
                0x08007230       0x10 src/stm32f4xx_tim.o
                0x08007230                TIM_TimeBaseStructInit
 .text.TIM_Cmd  0x08007240       0x18 src/stm32f4xx_tim.o
                0x08007240                TIM_Cmd
 .text.TIM_SelectOutputTrigger
                0x08007258       0x14 src/stm32f4xx_tim.o
                0x08007258                TIM_SelectOutputTrigger
 .text.SystemInit
                0x0800726c       0xfc src/system_stm32f4xx.o
                0x0800726c                SystemInit
 .text.DisplayFrequency
                0x08007368       0x44 src/user_interface.o
                0x08007368                DisplayFrequency
 *fill*         0x080073ac        0x4 
 .text.Touch    0x080073b0      0x1ec src/user_interface.o
                0x080073b0                Touch
 *fill*         0x0800759c        0x4 
 .text.Display  0x080075a0       0x6c src/user_interface.o
                0x080075a0                Display
 .text.Display_Init
                0x0800760c      0x108 src/user_interface.o
                0x0800760c                Display_Init
 .text.Reset_Handler
                0x08007714       0x48 startup/startup_stm32.o
                0x08007714                Reset_Handler
 .text.Default_Handler
                0x0800775c        0x2 startup/startup_stm32.o
                0x0800775c                RTC_Alarm_IRQHandler
                0x0800775c                HASH_RNG_IRQHandler
                0x0800775c                EXTI2_IRQHandler
                0x0800775c                TIM8_CC_IRQHandler
                0x0800775c                UART8_IRQHandler
                0x0800775c                SPI4_IRQHandler
                0x0800775c                TIM1_CC_IRQHandler
                0x0800775c                DMA2_Stream5_IRQHandler
                0x0800775c                DMA1_Stream5_IRQHandler
                0x0800775c                PVD_IRQHandler
                0x0800775c                SDIO_IRQHandler
                0x0800775c                TAMP_STAMP_IRQHandler
                0x0800775c                CAN2_RX1_IRQHandler
                0x0800775c                EXTI3_IRQHandler
                0x0800775c                TIM8_TRG_COM_TIM14_IRQHandler
                0x0800775c                TIM1_UP_TIM10_IRQHandler
                0x0800775c                TIM8_UP_TIM13_IRQHandler
                0x0800775c                I2C3_ER_IRQHandler
                0x0800775c                I2C2_EV_IRQHandler
                0x0800775c                DMA1_Stream2_IRQHandler
                0x0800775c                CAN1_RX0_IRQHandler
                0x0800775c                FPU_IRQHandler
                0x0800775c                OTG_HS_WKUP_IRQHandler
                0x0800775c                LTDC_ER_IRQHandler
                0x0800775c                CAN2_SCE_IRQHandler
                0x0800775c                DMA2_Stream2_IRQHandler
                0x0800775c                SPI1_IRQHandler
                0x0800775c                TIM6_DAC_IRQHandler
                0x0800775c                TIM1_BRK_TIM9_IRQHandler
                0x0800775c                DCMI_IRQHandler
                0x0800775c                CAN2_RX0_IRQHandler
                0x0800775c                DMA2_Stream3_IRQHandler
                0x0800775c                USART6_IRQHandler
                0x0800775c                USART3_IRQHandler
                0x0800775c                CRYP_IRQHandler
                0x0800775c                CAN1_RX1_IRQHandler
                0x0800775c                UART5_IRQHandler
                0x0800775c                TIM4_IRQHandler
                0x0800775c                I2C1_EV_IRQHandler
                0x0800775c                DMA1_Stream6_IRQHandler
                0x0800775c                DMA1_Stream1_IRQHandler
                0x0800775c                UART4_IRQHandler
                0x0800775c                TIM3_IRQHandler
                0x0800775c                RCC_IRQHandler
                0x0800775c                TIM8_BRK_TIM12_IRQHandler
                0x0800775c                Default_Handler
                0x0800775c                EXTI15_10_IRQHandler
                0x0800775c                ADC_IRQHandler
                0x0800775c                DMA1_Stream7_IRQHandler
                0x0800775c                SPI5_IRQHandler
                0x0800775c                TIM7_IRQHandler
                0x0800775c                CAN2_TX_IRQHandler
                0x0800775c                TIM5_IRQHandler
                0x0800775c                DMA2_Stream7_IRQHandler
                0x0800775c                I2C3_EV_IRQHandler
                0x0800775c                EXTI9_5_IRQHandler
                0x0800775c                RTC_WKUP_IRQHandler
                0x0800775c                LTDC_IRQHandler
                0x0800775c                ETH_WKUP_IRQHandler
                0x0800775c                SPI2_IRQHandler
                0x0800775c                OTG_HS_EP1_IN_IRQHandler
                0x0800775c                DMA1_Stream0_IRQHandler
                0x0800775c                CAN1_TX_IRQHandler
                0x0800775c                EXTI4_IRQHandler
                0x0800775c                FSMC_IRQHandler
                0x0800775c                ETH_IRQHandler
                0x0800775c                OTG_HS_EP1_OUT_IRQHandler
                0x0800775c                WWDG_IRQHandler
                0x0800775c                SPI6_IRQHandler
                0x0800775c                TIM2_IRQHandler
                0x0800775c                OTG_FS_WKUP_IRQHandler
                0x0800775c                TIM1_TRG_COM_TIM11_IRQHandler
                0x0800775c                OTG_HS_IRQHandler
                0x0800775c                DMA2D_IRQHandler
                0x0800775c                UART7_IRQHandler
                0x0800775c                USART2_IRQHandler
                0x0800775c                I2C2_ER_IRQHandler
                0x0800775c                DMA2_Stream1_IRQHandler
                0x0800775c                CAN1_SCE_IRQHandler
                0x0800775c                FLASH_IRQHandler
                0x0800775c                DMA2_Stream4_IRQHandler
                0x0800775c                USART1_IRQHandler
                0x0800775c                OTG_FS_IRQHandler
                0x0800775c                SPI3_IRQHandler
                0x0800775c                DMA1_Stream4_IRQHandler
                0x0800775c                I2C1_ER_IRQHandler
                0x0800775c                DMA2_Stream6_IRQHandler
                0x0800775c                SAI1_IRQHandler
                0x0800775c                DMA1_Stream3_IRQHandler
 *fill*         0x0800775e        0x2 
 .text._sbrk    0x08007760       0x3c startup/sysmem.o
                0x08007760                _sbrk
 .text.arm_cfft_radix8by2_f32
                0x0800779c      0x1a4 C:\STM32F429I-Discovery_FW_V1.0.1\Libraries\CMSIS\Lib\GCC\libarm_cortexM4lf_math.a(arm_cfft_f32.o)
                0x0800779c                arm_cfft_radix8by2_f32
 .text.arm_cfft_radix8by4_f32
                0x08007940      0x4bc C:\STM32F429I-Discovery_FW_V1.0.1\Libraries\CMSIS\Lib\GCC\libarm_cortexM4lf_math.a(arm_cfft_f32.o)
                0x08007940                arm_cfft_radix8by4_f32
 .text.arm_cfft_f32
                0x08007dfc       0xf4 C:\STM32F429I-Discovery_FW_V1.0.1\Libraries\CMSIS\Lib\GCC\libarm_cortexM4lf_math.a(arm_cfft_f32.o)
                0x08007dfc                arm_cfft_f32
 .text.arm_fir_decimate_init_f32
                0x08007ef0       0x38 C:\STM32F429I-Discovery_FW_V1.0.1\Libraries\CMSIS\Lib\GCC\libarm_cortexM4lf_math.a(arm_fir_decimate_init_f32.o)
                0x08007ef0                arm_fir_decimate_init_f32
 .text.arm_fir_decimate_f32
                0x08007f28      0x378 C:\STM32F429I-Discovery_FW_V1.0.1\Libraries\CMSIS\Lib\GCC\libarm_cortexM4lf_math.a(arm_fir_decimate_f32.o)
                0x08007f28                arm_fir_decimate_f32
 .text.arm_cmplx_mult_cmplx_f32
                0x080082a0      0x140 C:\STM32F429I-Discovery_FW_V1.0.1\Libraries\CMSIS\Lib\GCC\libarm_cortexM4lf_math.a(arm_cmplx_mult_cmplx_f32.o)
                0x080082a0                arm_cmplx_mult_cmplx_f32
 .text.arm_radix8_butterfly_f32
                0x080083e0      0x5c4 C:\STM32F429I-Discovery_FW_V1.0.1\Libraries\CMSIS\Lib\GCC\libarm_cortexM4lf_math.a(arm_cfft_radix8_f32.o)
                0x080083e0                arm_radix8_butterfly_f32
 *fill*         0x080089a4        0x4 
 .text.cos      0x080089a8       0xc0 c:/ac6/systemworkbench/plugins/fr.ac6.mcu.externaltools.arm-none.win32_1.17.0.201812190825/tools/compiler/bin/../lib/gcc/arm-none-eabi/7.3.1/../../../../arm-none-eabi/lib/thumb/v7e-m/fpv4-sp/hard\libm.a(lib_a-s_cos.o)
                0x080089a8                cos
 .text.sin      0x08008a68       0xc0 c:/ac6/systemworkbench/plugins/fr.ac6.mcu.externaltools.arm-none.win32_1.17.0.201812190825/tools/compiler/bin/../lib/gcc/arm-none-eabi/7.3.1/../../../../arm-none-eabi/lib/thumb/v7e-m/fpv4-sp/hard\libm.a(lib_a-s_sin.o)
                0x08008a68                sin
 .text.log10    0x08008b28      0x100 c:/ac6/systemworkbench/plugins/fr.ac6.mcu.externaltools.arm-none.win32_1.17.0.201812190825/tools/compiler/bin/../lib/gcc/arm-none-eabi/7.3.1/../../../../arm-none-eabi/lib/thumb/v7e-m/fpv4-sp/hard\libm.a(lib_a-w_log10.o)
                0x08008b28                log10
 .text.pow      0x08008c28      0x338 c:/ac6/systemworkbench/plugins/fr.ac6.mcu.externaltools.arm-none.win32_1.17.0.201812190825/tools/compiler/bin/../lib/gcc/arm-none-eabi/7.3.1/../../../../arm-none-eabi/lib/thumb/v7e-m/fpv4-sp/hard\libm.a(lib_a-w_pow.o)
                0x08008c28                pow
 .text.sqrt     0x08008f60       0xb8 c:/ac6/systemworkbench/plugins/fr.ac6.mcu.externaltools.arm-none.win32_1.17.0.201812190825/tools/compiler/bin/../lib/gcc/arm-none-eabi/7.3.1/../../../../arm-none-eabi/lib/thumb/v7e-m/fpv4-sp/hard\libm.a(lib_a-w_sqrt.o)
                0x08008f60                sqrt
 .text.sqrtf    0x08009018       0xac c:/ac6/systemworkbench/plugins/fr.ac6.mcu.externaltools.arm-none.win32_1.17.0.201812190825/tools/compiler/bin/../lib/gcc/arm-none-eabi/7.3.1/../../../../arm-none-eabi/lib/thumb/v7e-m/fpv4-sp/hard\libm.a(lib_a-wf_sqrt.o)
                0x08009018                sqrtf
 *fill*         0x080090c4        0x4 
 .text.__ieee754_log10
                0x080090c8      0x13c c:/ac6/systemworkbench/plugins/fr.ac6.mcu.externaltools.arm-none.win32_1.17.0.201812190825/tools/compiler/bin/../lib/gcc/arm-none-eabi/7.3.1/../../../../arm-none-eabi/lib/thumb/v7e-m/fpv4-sp/hard\libm.a(lib_a-e_log10.o)
                0x080090c8                __ieee754_log10
 *fill*         0x08009204        0x4 
 .text.__ieee754_pow
                0x08009208      0xab8 c:/ac6/systemworkbench/plugins/fr.ac6.mcu.externaltools.arm-none.win32_1.17.0.201812190825/tools/compiler/bin/../lib/gcc/arm-none-eabi/7.3.1/../../../../arm-none-eabi/lib/thumb/v7e-m/fpv4-sp/hard\libm.a(lib_a-e_pow.o)
                0x08009208                __ieee754_pow
 .text.__ieee754_rem_pio2
                0x08009cc0      0x454 c:/ac6/systemworkbench/plugins/fr.ac6.mcu.externaltools.arm-none.win32_1.17.0.201812190825/tools/compiler/bin/../lib/gcc/arm-none-eabi/7.3.1/../../../../arm-none-eabi/lib/thumb/v7e-m/fpv4-sp/hard\libm.a(lib_a-e_rem_pio2.o)
                0x08009cc0                __ieee754_rem_pio2
 .text.__ieee754_sqrt
                0x0800a114      0x194 c:/ac6/systemworkbench/plugins/fr.ac6.mcu.externaltools.arm-none.win32_1.17.0.201812190825/tools/compiler/bin/../lib/gcc/arm-none-eabi/7.3.1/../../../../arm-none-eabi/lib/thumb/v7e-m/fpv4-sp/hard\libm.a(lib_a-e_sqrt.o)
                0x0800a114                __ieee754_sqrt
 .text.__ieee754_sqrtf
                0x0800a2a8        0x8 c:/ac6/systemworkbench/plugins/fr.ac6.mcu.externaltools.arm-none.win32_1.17.0.201812190825/tools/compiler/bin/../lib/gcc/arm-none-eabi/7.3.1/../../../../arm-none-eabi/lib/thumb/v7e-m/fpv4-sp/hard\libm.a(lib_a-ef_sqrt.o)
                0x0800a2a8                __ieee754_sqrtf
 .text.__kernel_cos
                0x0800a2b0      0x284 c:/ac6/systemworkbench/plugins/fr.ac6.mcu.externaltools.arm-none.win32_1.17.0.201812190825/tools/compiler/bin/../lib/gcc/arm-none-eabi/7.3.1/../../../../arm-none-eabi/lib/thumb/v7e-m/fpv4-sp/hard\libm.a(lib_a-k_cos.o)
                0x0800a2b0                __kernel_cos
 *fill*         0x0800a534        0x4 
 .text.__kernel_rem_pio2
                0x0800a538      0x818 c:/ac6/systemworkbench/plugins/fr.ac6.mcu.externaltools.arm-none.win32_1.17.0.201812190825/tools/compiler/bin/../lib/gcc/arm-none-eabi/7.3.1/../../../../arm-none-eabi/lib/thumb/v7e-m/fpv4-sp/hard\libm.a(lib_a-k_rem_pio2.o)
                0x0800a538                __kernel_rem_pio2
 .text.__kernel_sin
                0x0800ad50      0x194 c:/ac6/systemworkbench/plugins/fr.ac6.mcu.externaltools.arm-none.win32_1.17.0.201812190825/tools/compiler/bin/../lib/gcc/arm-none-eabi/7.3.1/../../../../arm-none-eabi/lib/thumb/v7e-m/fpv4-sp/hard\libm.a(lib_a-k_sin.o)
                0x0800ad50                __kernel_sin
 .text.fabs     0x0800aee4       0x14 c:/ac6/systemworkbench/plugins/fr.ac6.mcu.externaltools.arm-none.win32_1.17.0.201812190825/tools/compiler/bin/../lib/gcc/arm-none-eabi/7.3.1/../../../../arm-none-eabi/lib/thumb/v7e-m/fpv4-sp/hard\libm.a(lib_a-s_fabs.o)
                0x0800aee4                fabs
 .text.finite   0x0800aef8       0x10 c:/ac6/systemworkbench/plugins/fr.ac6.mcu.externaltools.arm-none.win32_1.17.0.201812190825/tools/compiler/bin/../lib/gcc/arm-none-eabi/7.3.1/../../../../arm-none-eabi/lib/thumb/v7e-m/fpv4-sp/hard\libm.a(lib_a-s_finite.o)
                0x0800aef8                finite
 .text.floor    0x0800af08      0x110 c:/ac6/systemworkbench/plugins/fr.ac6.mcu.externaltools.arm-none.win32_1.17.0.201812190825/tools/compiler/bin/../lib/gcc/arm-none-eabi/7.3.1/../../../../arm-none-eabi/lib/thumb/v7e-m/fpv4-sp/hard\libm.a(lib_a-s_floor.o)
                0x0800af08                floor
 .text.matherr  0x0800b018        0x4 c:/ac6/systemworkbench/plugins/fr.ac6.mcu.externaltools.arm-none.win32_1.17.0.201812190825/tools/compiler/bin/../lib/gcc/arm-none-eabi/7.3.1/../../../../arm-none-eabi/lib/thumb/v7e-m/fpv4-sp/hard\libm.a(lib_a-s_matherr.o)
                0x0800b018                matherr
 *fill*         0x0800b01c        0x4 
 .text.nan      0x0800b020       0x10 c:/ac6/systemworkbench/plugins/fr.ac6.mcu.externaltools.arm-none.win32_1.17.0.201812190825/tools/compiler/bin/../lib/gcc/arm-none-eabi/7.3.1/../../../../arm-none-eabi/lib/thumb/v7e-m/fpv4-sp/hard\libm.a(lib_a-s_nan.o)
                0x0800b020                nan
 .text.rint     0x0800b030      0x110 c:/ac6/systemworkbench/plugins/fr.ac6.mcu.externaltools.arm-none.win32_1.17.0.201812190825/tools/compiler/bin/../lib/gcc/arm-none-eabi/7.3.1/../../../../arm-none-eabi/lib/thumb/v7e-m/fpv4-sp/hard\libm.a(lib_a-s_rint.o)
                0x0800b030                rint
 .text.scalbn   0x0800b140      0x114 c:/ac6/systemworkbench/plugins/fr.ac6.mcu.externaltools.arm-none.win32_1.17.0.201812190825/tools/compiler/bin/../lib/gcc/arm-none-eabi/7.3.1/../../../../arm-none-eabi/lib/thumb/v7e-m/fpv4-sp/hard\libm.a(lib_a-s_scalbn.o)
                0x0800b140                scalbn
 *fill*         0x0800b254        0x4 
 .text.__ieee754_log
                0x0800b258      0x3b4 c:/ac6/systemworkbench/plugins/fr.ac6.mcu.externaltools.arm-none.win32_1.17.0.201812190825/tools/compiler/bin/../lib/gcc/arm-none-eabi/7.3.1/../../../../arm-none-eabi/lib/thumb/v7e-m/fpv4-sp/hard\libm.a(lib_a-e_log.o)
                0x0800b258                __ieee754_log
 .text.copysign
                0x0800b60c       0x1c c:/ac6/systemworkbench/plugins/fr.ac6.mcu.externaltools.arm-none.win32_1.17.0.201812190825/tools/compiler/bin/../lib/gcc/arm-none-eabi/7.3.1/../../../../arm-none-eabi/lib/thumb/v7e-m/fpv4-sp/hard\libm.a(lib_a-s_copysign.o)
                0x0800b60c                copysign
 .text.__errno  0x0800b628        0xc c:/ac6/systemworkbench/plugins/fr.ac6.mcu.externaltools.arm-none.win32_1.17.0.201812190825/tools/compiler/bin/../lib/gcc/arm-none-eabi/7.3.1/../../../../arm-none-eabi/lib/thumb/v7e-m/fpv4-sp/hard\libc_nano.a(lib_a-errno.o)
                0x0800b628                __errno
 .text.__libc_init_array
                0x0800b634       0x48 c:/ac6/systemworkbench/plugins/fr.ac6.mcu.externaltools.arm-none.win32_1.17.0.201812190825/tools/compiler/bin/../lib/gcc/arm-none-eabi/7.3.1/../../../../arm-none-eabi/lib/thumb/v7e-m/fpv4-sp/hard\libc_nano.a(lib_a-init.o)
                0x0800b634                __libc_init_array
 .text.memset   0x0800b67c       0x10 c:/ac6/systemworkbench/plugins/fr.ac6.mcu.externaltools.arm-none.win32_1.17.0.201812190825/tools/compiler/bin/../lib/gcc/arm-none-eabi/7.3.1/../../../../arm-none-eabi/lib/thumb/v7e-m/fpv4-sp/hard\libc_nano.a(lib_a-memset.o)
                0x0800b67c                memset
 .text.__cvt    0x0800b68c       0xc2 c:/ac6/systemworkbench/plugins/fr.ac6.mcu.externaltools.arm-none.win32_1.17.0.201812190825/tools/compiler/bin/../lib/gcc/arm-none-eabi/7.3.1/../../../../arm-none-eabi/lib/thumb/v7e-m/fpv4-sp/hard\libc_nano.a(lib_a-nano-vfprintf_float.o)
                0x0800b68c                __cvt
 .text.__exponent
                0x0800b74e       0x66 c:/ac6/systemworkbench/plugins/fr.ac6.mcu.externaltools.arm-none.win32_1.17.0.201812190825/tools/compiler/bin/../lib/gcc/arm-none-eabi/7.3.1/../../../../arm-none-eabi/lib/thumb/v7e-m/fpv4-sp/hard\libc_nano.a(lib_a-nano-vfprintf_float.o)
                0x0800b74e                __exponent
 .text._printf_float
                0x0800b7b4      0x480 c:/ac6/systemworkbench/plugins/fr.ac6.mcu.externaltools.arm-none.win32_1.17.0.201812190825/tools/compiler/bin/../lib/gcc/arm-none-eabi/7.3.1/../../../../arm-none-eabi/lib/thumb/v7e-m/fpv4-sp/hard\libc_nano.a(lib_a-nano-vfprintf_float.o)
                0x0800b7b4                _printf_float
 .text._printf_common
                0x0800bc34       0xea c:/ac6/systemworkbench/plugins/fr.ac6.mcu.externaltools.arm-none.win32_1.17.0.201812190825/tools/compiler/bin/../lib/gcc/arm-none-eabi/7.3.1/../../../../arm-none-eabi/lib/thumb/v7e-m/fpv4-sp/hard\libc_nano.a(lib_a-nano-vfprintf_i.o)
                0x0800bc34                _printf_common
 *fill*         0x0800bd1e        0x2 
 .text._printf_i
                0x0800bd20      0x224 c:/ac6/systemworkbench/plugins/fr.ac6.mcu.externaltools.arm-none.win32_1.17.0.201812190825/tools/compiler/bin/../lib/gcc/arm-none-eabi/7.3.1/../../../../arm-none-eabi/lib/thumb/v7e-m/fpv4-sp/hard\libc_nano.a(lib_a-nano-vfprintf_i.o)
                0x0800bd20                _printf_i
 .text.sprintf  0x0800bf44       0x40 c:/ac6/systemworkbench/plugins/fr.ac6.mcu.externaltools.arm-none.win32_1.17.0.201812190825/tools/compiler/bin/../lib/gcc/arm-none-eabi/7.3.1/../../../../arm-none-eabi/lib/thumb/v7e-m/fpv4-sp/hard\libc_nano.a(lib_a-sprintf.o)
                0x0800bf44                siprintf
                0x0800bf44                sprintf
 .text.strcpy   0x0800bf84       0x10 c:/ac6/systemworkbench/plugins/fr.ac6.mcu.externaltools.arm-none.win32_1.17.0.201812190825/tools/compiler/bin/../lib/gcc/arm-none-eabi/7.3.1/../../../../arm-none-eabi/lib/thumb/v7e-m/fpv4-sp/hard\libc_nano.a(lib_a-strcpy.o)
                0x0800bf84                strcpy
 .text.quorem   0x0800bf94      0x118 c:/ac6/systemworkbench/plugins/fr.ac6.mcu.externaltools.arm-none.win32_1.17.0.201812190825/tools/compiler/bin/../lib/gcc/arm-none-eabi/7.3.1/../../../../arm-none-eabi/lib/thumb/v7e-m/fpv4-sp/hard\libc_nano.a(lib_a-dtoa.o)
 *fill*         0x0800c0ac        0x4 
 .text._dtoa_r  0x0800c0b0      0xb70 c:/ac6/systemworkbench/plugins/fr.ac6.mcu.externaltools.arm-none.win32_1.17.0.201812190825/tools/compiler/bin/../lib/gcc/arm-none-eabi/7.3.1/../../../../arm-none-eabi/lib/thumb/v7e-m/fpv4-sp/hard\libc_nano.a(lib_a-dtoa.o)
                0x0800c0b0                _dtoa_r
 .text._localeconv_r
                0x0800cc20       0x1c c:/ac6/systemworkbench/plugins/fr.ac6.mcu.externaltools.arm-none.win32_1.17.0.201812190825/tools/compiler/bin/../lib/gcc/arm-none-eabi/7.3.1/../../../../arm-none-eabi/lib/thumb/v7e-m/fpv4-sp/hard\libc_nano.a(lib_a-localeconv.o)
                0x0800cc20                _localeconv_r
 .text.malloc   0x0800cc3c       0x10 c:/ac6/systemworkbench/plugins/fr.ac6.mcu.externaltools.arm-none.win32_1.17.0.201812190825/tools/compiler/bin/../lib/gcc/arm-none-eabi/7.3.1/../../../../arm-none-eabi/lib/thumb/v7e-m/fpv4-sp/hard\libc_nano.a(lib_a-malloc.o)
                0x0800cc3c                malloc
 .text.memcpy   0x0800cc4c       0x16 c:/ac6/systemworkbench/plugins/fr.ac6.mcu.externaltools.arm-none.win32_1.17.0.201812190825/tools/compiler/bin/../lib/gcc/arm-none-eabi/7.3.1/../../../../arm-none-eabi/lib/thumb/v7e-m/fpv4-sp/hard\libc_nano.a(lib_a-memcpy-stub.o)
                0x0800cc4c                memcpy
 .text._Balloc  0x0800cc62       0x68 c:/ac6/systemworkbench/plugins/fr.ac6.mcu.externaltools.arm-none.win32_1.17.0.201812190825/tools/compiler/bin/../lib/gcc/arm-none-eabi/7.3.1/../../../../arm-none-eabi/lib/thumb/v7e-m/fpv4-sp/hard\libc_nano.a(lib_a-mprec.o)
                0x0800cc62                _Balloc
 .text._Bfree   0x0800ccca       0x2e c:/ac6/systemworkbench/plugins/fr.ac6.mcu.externaltools.arm-none.win32_1.17.0.201812190825/tools/compiler/bin/../lib/gcc/arm-none-eabi/7.3.1/../../../../arm-none-eabi/lib/thumb/v7e-m/fpv4-sp/hard\libc_nano.a(lib_a-mprec.o)
                0x0800ccca                _Bfree
 .text.__multadd
                0x0800ccf8       0x76 c:/ac6/systemworkbench/plugins/fr.ac6.mcu.externaltools.arm-none.win32_1.17.0.201812190825/tools/compiler/bin/../lib/gcc/arm-none-eabi/7.3.1/../../../../arm-none-eabi/lib/thumb/v7e-m/fpv4-sp/hard\libc_nano.a(lib_a-mprec.o)
                0x0800ccf8                __multadd
 .text.__hi0bits
                0x0800cd6e       0x3e c:/ac6/systemworkbench/plugins/fr.ac6.mcu.externaltools.arm-none.win32_1.17.0.201812190825/tools/compiler/bin/../lib/gcc/arm-none-eabi/7.3.1/../../../../arm-none-eabi/lib/thumb/v7e-m/fpv4-sp/hard\libc_nano.a(lib_a-mprec.o)
                0x0800cd6e                __hi0bits
 .text.__lo0bits
                0x0800cdac       0x5e c:/ac6/systemworkbench/plugins/fr.ac6.mcu.externaltools.arm-none.win32_1.17.0.201812190825/tools/compiler/bin/../lib/gcc/arm-none-eabi/7.3.1/../../../../arm-none-eabi/lib/thumb/v7e-m/fpv4-sp/hard\libc_nano.a(lib_a-mprec.o)
                0x0800cdac                __lo0bits
 .text.__i2b    0x0800ce0a       0x12 c:/ac6/systemworkbench/plugins/fr.ac6.mcu.externaltools.arm-none.win32_1.17.0.201812190825/tools/compiler/bin/../lib/gcc/arm-none-eabi/7.3.1/../../../../arm-none-eabi/lib/thumb/v7e-m/fpv4-sp/hard\libc_nano.a(lib_a-mprec.o)
                0x0800ce0a                __i2b
 .text.__multiply
                0x0800ce1c      0x12c c:/ac6/systemworkbench/plugins/fr.ac6.mcu.externaltools.arm-none.win32_1.17.0.201812190825/tools/compiler/bin/../lib/gcc/arm-none-eabi/7.3.1/../../../../arm-none-eabi/lib/thumb/v7e-m/fpv4-sp/hard\libc_nano.a(lib_a-mprec.o)
                0x0800ce1c                __multiply
 .text.__pow5mult
                0x0800cf48       0x9c c:/ac6/systemworkbench/plugins/fr.ac6.mcu.externaltools.arm-none.win32_1.17.0.201812190825/tools/compiler/bin/../lib/gcc/arm-none-eabi/7.3.1/../../../../arm-none-eabi/lib/thumb/v7e-m/fpv4-sp/hard\libc_nano.a(lib_a-mprec.o)
                0x0800cf48                __pow5mult
 .text.__lshift
                0x0800cfe4       0xa8 c:/ac6/systemworkbench/plugins/fr.ac6.mcu.externaltools.arm-none.win32_1.17.0.201812190825/tools/compiler/bin/../lib/gcc/arm-none-eabi/7.3.1/../../../../arm-none-eabi/lib/thumb/v7e-m/fpv4-sp/hard\libc_nano.a(lib_a-mprec.o)
                0x0800cfe4                __lshift
 .text.__mcmp   0x0800d08c       0x34 c:/ac6/systemworkbench/plugins/fr.ac6.mcu.externaltools.arm-none.win32_1.17.0.201812190825/tools/compiler/bin/../lib/gcc/arm-none-eabi/7.3.1/../../../../arm-none-eabi/lib/thumb/v7e-m/fpv4-sp/hard\libc_nano.a(lib_a-mprec.o)
                0x0800d08c                __mcmp
 .text.__mdiff  0x0800d0c0       0xba c:/ac6/systemworkbench/plugins/fr.ac6.mcu.externaltools.arm-none.win32_1.17.0.201812190825/tools/compiler/bin/../lib/gcc/arm-none-eabi/7.3.1/../../../../arm-none-eabi/lib/thumb/v7e-m/fpv4-sp/hard\libc_nano.a(lib_a-mprec.o)
                0x0800d0c0                __mdiff
 .text.__d2b    0x0800d17a       0x9e c:/ac6/systemworkbench/plugins/fr.ac6.mcu.externaltools.arm-none.win32_1.17.0.201812190825/tools/compiler/bin/../lib/gcc/arm-none-eabi/7.3.1/../../../../arm-none-eabi/lib/thumb/v7e-m/fpv4-sp/hard\libc_nano.a(lib_a-mprec.o)
                0x0800d17a                __d2b
 .text._calloc_r
                0x0800d218       0x1c c:/ac6/systemworkbench/plugins/fr.ac6.mcu.externaltools.arm-none.win32_1.17.0.201812190825/tools/compiler/bin/../lib/gcc/arm-none-eabi/7.3.1/../../../../arm-none-eabi/lib/thumb/v7e-m/fpv4-sp/hard\libc_nano.a(lib_a-nano-callocr.o)
                0x0800d218                _calloc_r
 .text._free_r  0x0800d234       0x9c c:/ac6/systemworkbench/plugins/fr.ac6.mcu.externaltools.arm-none.win32_1.17.0.201812190825/tools/compiler/bin/../lib/gcc/arm-none-eabi/7.3.1/../../../../arm-none-eabi/lib/thumb/v7e-m/fpv4-sp/hard\libc_nano.a(lib_a-nano-freer.o)
                0x0800d234                _free_r
 .text._malloc_r
                0x0800d2d0       0xb4 c:/ac6/systemworkbench/plugins/fr.ac6.mcu.externaltools.arm-none.win32_1.17.0.201812190825/tools/compiler/bin/../lib/gcc/arm-none-eabi/7.3.1/../../../../arm-none-eabi/lib/thumb/v7e-m/fpv4-sp/hard\libc_nano.a(lib_a-nano-mallocr.o)
                0x0800d2d0                _malloc_r
 .text.__ssputs_r
                0x0800d384       0xb4 c:/ac6/systemworkbench/plugins/fr.ac6.mcu.externaltools.arm-none.win32_1.17.0.201812190825/tools/compiler/bin/../lib/gcc/arm-none-eabi/7.3.1/../../../../arm-none-eabi/lib/thumb/v7e-m/fpv4-sp/hard\libc_nano.a(lib_a-nano-svfprintf.o)
                0x0800d384                __ssputs_r
 .text._svfprintf_r
                0x0800d438      0x1f0 c:/ac6/systemworkbench/plugins/fr.ac6.mcu.externaltools.arm-none.win32_1.17.0.201812190825/tools/compiler/bin/../lib/gcc/arm-none-eabi/7.3.1/../../../../arm-none-eabi/lib/thumb/v7e-m/fpv4-sp/hard\libc_nano.a(lib_a-nano-svfprintf.o)
                0x0800d438                _svfiprintf_r
                0x0800d438                _svfprintf_r
 .text._sbrk_r  0x0800d628       0x20 c:/ac6/systemworkbench/plugins/fr.ac6.mcu.externaltools.arm-none.win32_1.17.0.201812190825/tools/compiler/bin/../lib/gcc/arm-none-eabi/7.3.1/../../../../arm-none-eabi/lib/thumb/v7e-m/fpv4-sp/hard\libc_nano.a(lib_a-sbrkr.o)
                0x0800d628                _sbrk_r
 .text.__ascii_mbtowc
                0x0800d648       0x24 c:/ac6/systemworkbench/plugins/fr.ac6.mcu.externaltools.arm-none.win32_1.17.0.201812190825/tools/compiler/bin/../lib/gcc/arm-none-eabi/7.3.1/../../../../arm-none-eabi/lib/thumb/v7e-m/fpv4-sp/hard\libc_nano.a(lib_a-mbtowc_r.o)
                0x0800d648                __ascii_mbtowc
 .text.memmove  0x0800d66c       0x32 c:/ac6/systemworkbench/plugins/fr.ac6.mcu.externaltools.arm-none.win32_1.17.0.201812190825/tools/compiler/bin/../lib/gcc/arm-none-eabi/7.3.1/../../../../arm-none-eabi/lib/thumb/v7e-m/fpv4-sp/hard\libc_nano.a(lib_a-memmove.o)
                0x0800d66c                memmove
 .text.__malloc_lock
                0x0800d69e        0x2 c:/ac6/systemworkbench/plugins/fr.ac6.mcu.externaltools.arm-none.win32_1.17.0.201812190825/tools/compiler/bin/../lib/gcc/arm-none-eabi/7.3.1/../../../../arm-none-eabi/lib/thumb/v7e-m/fpv4-sp/hard\libc_nano.a(lib_a-mlock.o)
                0x0800d69e                __malloc_lock
 .text.__malloc_unlock
                0x0800d6a0        0x2 c:/ac6/systemworkbench/plugins/fr.ac6.mcu.externaltools.arm-none.win32_1.17.0.201812190825/tools/compiler/bin/../lib/gcc/arm-none-eabi/7.3.1/../../../../arm-none-eabi/lib/thumb/v7e-m/fpv4-sp/hard\libc_nano.a(lib_a-mlock.o)
                0x0800d6a0                __malloc_unlock
 .text._realloc_r
                0x0800d6a2       0x4c c:/ac6/systemworkbench/plugins/fr.ac6.mcu.externaltools.arm-none.win32_1.17.0.201812190825/tools/compiler/bin/../lib/gcc/arm-none-eabi/7.3.1/../../../../arm-none-eabi/lib/thumb/v7e-m/fpv4-sp/hard\libc_nano.a(lib_a-nano-reallocr.o)
                0x0800d6a2                _realloc_r
 .text.__ascii_wctomb
                0x0800d6ee       0x1a c:/ac6/systemworkbench/plugins/fr.ac6.mcu.externaltools.arm-none.win32_1.17.0.201812190825/tools/compiler/bin/../lib/gcc/arm-none-eabi/7.3.1/../../../../arm-none-eabi/lib/thumb/v7e-m/fpv4-sp/hard\libc_nano.a(lib_a-wctomb_r.o)
                0x0800d6ee                __ascii_wctomb
 .text._malloc_usable_size_r
                0x0800d708       0x10 c:/ac6/systemworkbench/plugins/fr.ac6.mcu.externaltools.arm-none.win32_1.17.0.201812190825/tools/compiler/bin/../lib/gcc/arm-none-eabi/7.3.1/../../../../arm-none-eabi/lib/thumb/v7e-m/fpv4-sp/hard\libc_nano.a(lib_a-nano-msizer.o)
                0x0800d708                _malloc_usable_size_r
 *(.glue_7)
 .glue_7        0x0800d718        0x0 linker stubs
 *(.glue_7t)
 .glue_7t       0x0800d718        0x0 linker stubs
 *(.eh_frame)
 .eh_frame      0x0800d718        0x0 c:/ac6/systemworkbench/plugins/fr.ac6.mcu.externaltools.arm-none.win32_1.17.0.201812190825/tools/compiler/bin/../lib/gcc/arm-none-eabi/7.3.1/thumb/v7e-m/fpv4-sp/hard/crtbegin.o
 *(.init)
 .init          0x0800d718        0x4 c:/ac6/systemworkbench/plugins/fr.ac6.mcu.externaltools.arm-none.win32_1.17.0.201812190825/tools/compiler/bin/../lib/gcc/arm-none-eabi/7.3.1/thumb/v7e-m/fpv4-sp/hard/crti.o
                0x0800d718                _init
 .init          0x0800d71c        0x8 c:/ac6/systemworkbench/plugins/fr.ac6.mcu.externaltools.arm-none.win32_1.17.0.201812190825/tools/compiler/bin/../lib/gcc/arm-none-eabi/7.3.1/thumb/v7e-m/fpv4-sp/hard/crtn.o
 *(.fini)
 .fini          0x0800d724        0x4 c:/ac6/systemworkbench/plugins/fr.ac6.mcu.externaltools.arm-none.win32_1.17.0.201812190825/tools/compiler/bin/../lib/gcc/arm-none-eabi/7.3.1/thumb/v7e-m/fpv4-sp/hard/crti.o
                0x0800d724                _fini
 .fini          0x0800d728        0x8 c:/ac6/systemworkbench/plugins/fr.ac6.mcu.externaltools.arm-none.win32_1.17.0.201812190825/tools/compiler/bin/../lib/gcc/arm-none-eabi/7.3.1/thumb/v7e-m/fpv4-sp/hard/crtn.o
                0x0800d730                . = ALIGN (0x4)
                0x0800d730                _etext = .

.vfp11_veneer   0x0800d730        0x0
 .vfp11_veneer  0x0800d730        0x0 linker stubs

.v4_bx          0x0800d730        0x0
 .v4_bx         0x0800d730        0x0 linker stubs

.iplt           0x0800d730        0x0
 .iplt          0x0800d730        0x0 c:/ac6/systemworkbench/plugins/fr.ac6.mcu.externaltools.arm-none.win32_1.17.0.201812190825/tools/compiler/bin/../lib/gcc/arm-none-eabi/7.3.1/thumb/v7e-m/fpv4-sp/hard/crtbegin.o

.rodata         0x0800d730    0x11d30
                0x0800d730                . = ALIGN (0x4)
 *(.rodata)
 .rodata        0x0800d730     0xc058 src/SDR_func.o
                0x0800d788                FFTmaskAM_I
                0x0800f788                FFTmaskAM_R
                0x08011788                FFTmaskSSB_I
                0x08013788                FFTmaskSSB_R
                0x08015788                FFTmaskCW_I
                0x08017788                FFTmaskCW_R
 .rodata        0x08019788     0x29d0 src/stm32f429i_discovery_lcd.o
                0x08019788                ASCII8x8_Table
                0x08019d88                ASCII8x12_Table
                0x0801a688                ASCII12x12_Table
                0x0801af88                ASCII16x24_Table
 *(.rodata*)
 .rodata.str1.4
                0x0801c158       0x81 src/user_interface.o
 *fill*         0x0801c1d9        0x3 
 .rodata.arm_cfft_sR_f32_len1024
                0x0801c1dc       0x10 C:\STM32F429I-Discovery_FW_V1.0.1\Libraries\CMSIS\Lib\GCC\libarm_cortexM4lf_math.a(arm_const_structs.o)
                0x0801c1dc                arm_cfft_sR_f32_len1024
 .rodata.twiddleCoef_1024
                0x0801c1ec     0x2000 C:\STM32F429I-Discovery_FW_V1.0.1\Libraries\CMSIS\Lib\GCC\libarm_cortexM4lf_math.a(arm_common_tables.o)
                0x0801c1ec                twiddleCoef_1024
 .rodata.armBitRevIndexTable1024
                0x0801e1ec      0xe10 C:\STM32F429I-Discovery_FW_V1.0.1\Libraries\CMSIS\Lib\GCC\libarm_cortexM4lf_math.a(arm_common_tables.o)
                0x0801e1ec                armBitRevIndexTable1024
 .rodata.log10.str1.4
                0x0801effc        0x6 c:/ac6/systemworkbench/plugins/fr.ac6.mcu.externaltools.arm-none.win32_1.17.0.201812190825/tools/compiler/bin/../lib/gcc/arm-none-eabi/7.3.1/../../../../arm-none-eabi/lib/thumb/v7e-m/fpv4-sp/hard\libm.a(lib_a-w_log10.o)
                                  0x9 (size before relaxing)
 *fill*         0x0801f002        0x2 
 .rodata.pow.str1.4
                0x0801f004        0x4 c:/ac6/systemworkbench/plugins/fr.ac6.mcu.externaltools.arm-none.win32_1.17.0.201812190825/tools/compiler/bin/../lib/gcc/arm-none-eabi/7.3.1/../../../../arm-none-eabi/lib/thumb/v7e-m/fpv4-sp/hard\libm.a(lib_a-w_pow.o)
 .rodata.sqrt.str1.4
                0x0801f008        0x5 c:/ac6/systemworkbench/plugins/fr.ac6.mcu.externaltools.arm-none.win32_1.17.0.201812190825/tools/compiler/bin/../lib/gcc/arm-none-eabi/7.3.1/../../../../arm-none-eabi/lib/thumb/v7e-m/fpv4-sp/hard\libm.a(lib_a-w_sqrt.o)
 *fill*         0x0801f00d        0x3 
 .rodata.sqrtf.str1.4
                0x0801f010        0x8 c:/ac6/systemworkbench/plugins/fr.ac6.mcu.externaltools.arm-none.win32_1.17.0.201812190825/tools/compiler/bin/../lib/gcc/arm-none-eabi/7.3.1/../../../../arm-none-eabi/lib/thumb/v7e-m/fpv4-sp/hard\libm.a(lib_a-wf_sqrt.o)
                                  0x6 (size before relaxing)
 .rodata.__ieee754_pow.str1.4
                0x0801f018        0x1 c:/ac6/systemworkbench/plugins/fr.ac6.mcu.externaltools.arm-none.win32_1.17.0.201812190825/tools/compiler/bin/../lib/gcc/arm-none-eabi/7.3.1/../../../../arm-none-eabi/lib/thumb/v7e-m/fpv4-sp/hard\libm.a(lib_a-e_pow.o)
 .rodata.npio2_hw
                0x0801f018       0x80 c:/ac6/systemworkbench/plugins/fr.ac6.mcu.externaltools.arm-none.win32_1.17.0.201812190825/tools/compiler/bin/../lib/gcc/arm-none-eabi/7.3.1/../../../../arm-none-eabi/lib/thumb/v7e-m/fpv4-sp/hard\libm.a(lib_a-e_rem_pio2.o)
 .rodata.two_over_pi
                0x0801f098      0x108 c:/ac6/systemworkbench/plugins/fr.ac6.mcu.externaltools.arm-none.win32_1.17.0.201812190825/tools/compiler/bin/../lib/gcc/arm-none-eabi/7.3.1/../../../../arm-none-eabi/lib/thumb/v7e-m/fpv4-sp/hard\libm.a(lib_a-e_rem_pio2.o)
 .rodata.PIo2   0x0801f1a0       0x40 c:/ac6/systemworkbench/plugins/fr.ac6.mcu.externaltools.arm-none.win32_1.17.0.201812190825/tools/compiler/bin/../lib/gcc/arm-none-eabi/7.3.1/../../../../arm-none-eabi/lib/thumb/v7e-m/fpv4-sp/hard\libm.a(lib_a-k_rem_pio2.o)
 .rodata.init_jk
                0x0801f1e0       0x10 c:/ac6/systemworkbench/plugins/fr.ac6.mcu.externaltools.arm-none.win32_1.17.0.201812190825/tools/compiler/bin/../lib/gcc/arm-none-eabi/7.3.1/../../../../arm-none-eabi/lib/thumb/v7e-m/fpv4-sp/hard\libm.a(lib_a-k_rem_pio2.o)
 .rodata.TWO52  0x0801f1f0       0x10 c:/ac6/systemworkbench/plugins/fr.ac6.mcu.externaltools.arm-none.win32_1.17.0.201812190825/tools/compiler/bin/../lib/gcc/arm-none-eabi/7.3.1/../../../../arm-none-eabi/lib/thumb/v7e-m/fpv4-sp/hard\libm.a(lib_a-s_rint.o)
 .rodata._printf_float.str1.1
                0x0801f200       0x12 c:/ac6/systemworkbench/plugins/fr.ac6.mcu.externaltools.arm-none.win32_1.17.0.201812190825/tools/compiler/bin/../lib/gcc/arm-none-eabi/7.3.1/../../../../arm-none-eabi/lib/thumb/v7e-m/fpv4-sp/hard\libc_nano.a(lib_a-nano-vfprintf_float.o)
 .rodata._printf_i.str1.1
                0x0801f212       0x22 c:/ac6/systemworkbench/plugins/fr.ac6.mcu.externaltools.arm-none.win32_1.17.0.201812190825/tools/compiler/bin/../lib/gcc/arm-none-eabi/7.3.1/../../../../arm-none-eabi/lib/thumb/v7e-m/fpv4-sp/hard\libc_nano.a(lib_a-nano-vfprintf_i.o)
 .rodata._dtoa_r.str1.1
                0x0801f234        0xd c:/ac6/systemworkbench/plugins/fr.ac6.mcu.externaltools.arm-none.win32_1.17.0.201812190825/tools/compiler/bin/../lib/gcc/arm-none-eabi/7.3.1/../../../../arm-none-eabi/lib/thumb/v7e-m/fpv4-sp/hard\libc_nano.a(lib_a-dtoa.o)
                                  0xf (size before relaxing)
 *fill*         0x0801f241        0x7 
 .rodata.__mprec_bigtens
                0x0801f248       0x28 c:/ac6/systemworkbench/plugins/fr.ac6.mcu.externaltools.arm-none.win32_1.17.0.201812190825/tools/compiler/bin/../lib/gcc/arm-none-eabi/7.3.1/../../../../arm-none-eabi/lib/thumb/v7e-m/fpv4-sp/hard\libc_nano.a(lib_a-mprec.o)
                0x0801f248                __mprec_bigtens
 .rodata.__mprec_tens
                0x0801f270       0xc8 c:/ac6/systemworkbench/plugins/fr.ac6.mcu.externaltools.arm-none.win32_1.17.0.201812190825/tools/compiler/bin/../lib/gcc/arm-none-eabi/7.3.1/../../../../arm-none-eabi/lib/thumb/v7e-m/fpv4-sp/hard\libc_nano.a(lib_a-mprec.o)
                0x0801f270                __mprec_tens
 .rodata.p05.7359
                0x0801f338        0xc c:/ac6/systemworkbench/plugins/fr.ac6.mcu.externaltools.arm-none.win32_1.17.0.201812190825/tools/compiler/bin/../lib/gcc/arm-none-eabi/7.3.1/../../../../arm-none-eabi/lib/thumb/v7e-m/fpv4-sp/hard\libc_nano.a(lib_a-mprec.o)
 .rodata._svfprintf_r.str1.1
                0x0801f344       0x11 c:/ac6/systemworkbench/plugins/fr.ac6.mcu.externaltools.arm-none.win32_1.17.0.201812190825/tools/compiler/bin/../lib/gcc/arm-none-eabi/7.3.1/../../../../arm-none-eabi/lib/thumb/v7e-m/fpv4-sp/hard\libc_nano.a(lib_a-nano-svfprintf.o)
 .rodata._setlocale_r.str1.1
                0x0801f355        0x8 c:/ac6/systemworkbench/plugins/fr.ac6.mcu.externaltools.arm-none.win32_1.17.0.201812190825/tools/compiler/bin/../lib/gcc/arm-none-eabi/7.3.1/../../../../arm-none-eabi/lib/thumb/v7e-m/fpv4-sp/hard\libc_nano.a(lib_a-locale.o)
                                  0x9 (size before relaxing)
 .rodata.str1.1
                0x0801f35d        0x2 c:/ac6/systemworkbench/plugins/fr.ac6.mcu.externaltools.arm-none.win32_1.17.0.201812190825/tools/compiler/bin/../lib/gcc/arm-none-eabi/7.3.1/../../../../arm-none-eabi/lib/thumb/v7e-m/fpv4-sp/hard\libc_nano.a(lib_a-locale.o)
 .rodata._ctype_
                0x0801f35f      0x101 c:/ac6/systemworkbench/plugins/fr.ac6.mcu.externaltools.arm-none.win32_1.17.0.201812190825/tools/compiler/bin/../lib/gcc/arm-none-eabi/7.3.1/../../../../arm-none-eabi/lib/thumb/v7e-m/fpv4-sp/hard\libc_nano.a(lib_a-ctype_.o)
                0x0801f35f                _ctype_
                0x0801f460                . = ALIGN (0x4)

.rel.dyn        0x0801f460        0x0
 .rel.iplt      0x0801f460        0x0 c:/ac6/systemworkbench/plugins/fr.ac6.mcu.externaltools.arm-none.win32_1.17.0.201812190825/tools/compiler/bin/../lib/gcc/arm-none-eabi/7.3.1/thumb/v7e-m/fpv4-sp/hard/crtbegin.o

.ARM.extab      0x0801f460        0x0
                0x0801f460                . = ALIGN (0x4)
 *(.ARM.extab* .gnu.linkonce.armextab.*)
                0x0801f460                . = ALIGN (0x4)

.ARM            0x0801f460        0x0
                0x0801f460                . = ALIGN (0x4)
                0x0801f460                __exidx_start = .
 *(.ARM.exidx*)
                0x0801f460                __exidx_end = .
                0x0801f460                . = ALIGN (0x4)

.preinit_array  0x0801f460        0x0
                0x0801f460                . = ALIGN (0x4)
                0x0801f460                PROVIDE (__preinit_array_start = .)
 *(.preinit_array*)
                0x0801f460                PROVIDE (__preinit_array_end = .)
                0x0801f460                . = ALIGN (0x4)

.init_array     0x0801f460        0x4
                0x0801f460                . = ALIGN (0x4)
                0x0801f460                PROVIDE (__init_array_start = .)
 *(SORT_BY_NAME(.init_array.*))
 *(.init_array*)
 .init_array    0x0801f460        0x4 c:/ac6/systemworkbench/plugins/fr.ac6.mcu.externaltools.arm-none.win32_1.17.0.201812190825/tools/compiler/bin/../lib/gcc/arm-none-eabi/7.3.1/thumb/v7e-m/fpv4-sp/hard/crtbegin.o
                0x0801f464                PROVIDE (__init_array_end = .)
                0x0801f464                . = ALIGN (0x4)

.fini_array     0x0801f464        0x4
                0x0801f464                . = ALIGN (0x4)
                [!provide]                PROVIDE (__fini_array_start = .)
 *(SORT_BY_NAME(.fini_array.*))
 *(.fini_array*)
 .fini_array    0x0801f464        0x4 c:/ac6/systemworkbench/plugins/fr.ac6.mcu.externaltools.arm-none.win32_1.17.0.201812190825/tools/compiler/bin/../lib/gcc/arm-none-eabi/7.3.1/thumb/v7e-m/fpv4-sp/hard/crtbegin.o
                [!provide]                PROVIDE (__fini_array_end = .)
                0x0801f468                . = ALIGN (0x4)
                0x0801f468                _sidata = LOADADDR (.data)

.data           0x20000000      0x41c load address 0x0801f468
                0x20000000                . = ALIGN (0x4)
                0x20000000                _sdata = .
 *(.data)
 .data          0x20000000       0xe1 src/SDR_func.o
 *fill*         0x200000e1        0x3 
 .data          0x200000e4       0x14 src/SDR_math.o
 .data          0x200000f8      0x100 src/main.o
                0x200000f8                FIRcoefs
 .data          0x200001f8        0x4 src/stm32f429i_discovery_ioe.o
                0x200001f8                IOE_TimeOut
 .data          0x200001fc       0x28 src/stm32f429i_discovery_lcd.o
                0x200001fc                Font16x24
                0x2000020c                Font8x8
                0x20000214                Font8x12
                0x2000021c                Font12x12
 .data          0x20000224       0x10 src/stm32f4xx_rcc.o
 .data          0x20000234       0x14 src/system_stm32f4xx.o
                0x20000234                AHBPrescTable
                0x20000244                SystemCoreClock
 *(.data*)
 .data.__fdlib_version
                0x20000248        0x1 c:/ac6/systemworkbench/plugins/fr.ac6.mcu.externaltools.arm-none.win32_1.17.0.201812190825/tools/compiler/bin/../lib/gcc/arm-none-eabi/7.3.1/../../../../arm-none-eabi/lib/thumb/v7e-m/fpv4-sp/hard\libm.a(lib_a-s_lib_ver.o)
                0x20000248                __fdlib_version
 *fill*         0x20000249        0x3 
 .data._impure_ptr
                0x2000024c        0x4 c:/ac6/systemworkbench/plugins/fr.ac6.mcu.externaltools.arm-none.win32_1.17.0.201812190825/tools/compiler/bin/../lib/gcc/arm-none-eabi/7.3.1/../../../../arm-none-eabi/lib/thumb/v7e-m/fpv4-sp/hard\libc_nano.a(lib_a-impure.o)
                0x2000024c                _impure_ptr
 .data.impure_data
                0x20000250       0x60 c:/ac6/systemworkbench/plugins/fr.ac6.mcu.externaltools.arm-none.win32_1.17.0.201812190825/tools/compiler/bin/../lib/gcc/arm-none-eabi/7.3.1/../../../../arm-none-eabi/lib/thumb/v7e-m/fpv4-sp/hard\libc_nano.a(lib_a-impure.o)
 .data.__global_locale
                0x200002b0      0x16c c:/ac6/systemworkbench/plugins/fr.ac6.mcu.externaltools.arm-none.win32_1.17.0.201812190825/tools/compiler/bin/../lib/gcc/arm-none-eabi/7.3.1/../../../../arm-none-eabi/lib/thumb/v7e-m/fpv4-sp/hard\libc_nano.a(lib_a-locale.o)
                0x200002b0                __global_locale
                0x2000041c                . = ALIGN (0x4)
                0x2000041c                _edata = .

.igot.plt       0x2000041c        0x0 load address 0x0801f884
 .igot.plt      0x2000041c        0x0 c:/ac6/systemworkbench/plugins/fr.ac6.mcu.externaltools.arm-none.win32_1.17.0.201812190825/tools/compiler/bin/../lib/gcc/arm-none-eabi/7.3.1/thumb/v7e-m/fpv4-sp/hard/crtbegin.o
                0x2000041c                . = ALIGN (0x4)

.bss            0x2000041c     0xbd38 load address 0x0801f884
                0x2000041c                _sbss = .
                0x2000041c                __bss_start__ = _sbss
 *(.bss)
 .bss           0x2000041c       0x1c c:/ac6/systemworkbench/plugins/fr.ac6.mcu.externaltools.arm-none.win32_1.17.0.201812190825/tools/compiler/bin/../lib/gcc/arm-none-eabi/7.3.1/thumb/v7e-m/fpv4-sp/hard/crtbegin.o
 .bss           0x20000438       0x6a src/SDR_func.o
 *fill*         0x200004a2        0x2 
 .bss           0x200004a4       0x34 src/SDR_math.o
 .bss           0x200004d8        0x8 src/stm32f429i_discovery_ioe.o
 .bss           0x200004e0        0xa src/stm32f429i_discovery_lcd.o
 .bss           0x200004ea        0x4 src/user_interface.o
 *fill*         0x200004ee        0x2 
 .bss           0x200004f0        0x4 startup/sysmem.o
 *(.bss*)
 .bss.__malloc_free_list
                0x200004f4        0x4 c:/ac6/systemworkbench/plugins/fr.ac6.mcu.externaltools.arm-none.win32_1.17.0.201812190825/tools/compiler/bin/../lib/gcc/arm-none-eabi/7.3.1/../../../../arm-none-eabi/lib/thumb/v7e-m/fpv4-sp/hard\libc_nano.a(lib_a-nano-mallocr.o)
                0x200004f4                __malloc_free_list
 .bss.__malloc_sbrk_start
                0x200004f8        0x4 c:/ac6/systemworkbench/plugins/fr.ac6.mcu.externaltools.arm-none.win32_1.17.0.201812190825/tools/compiler/bin/../lib/gcc/arm-none-eabi/7.3.1/../../../../arm-none-eabi/lib/thumb/v7e-m/fpv4-sp/hard\libc_nano.a(lib_a-nano-mallocr.o)
                0x200004f8                __malloc_sbrk_start
 *(COMMON)
 COMMON         0x200004fc     0xbc4c src/main.o
                0x200004fc                SfirR
                0x20000508                ADC_Data1
                0x20000908                audiotmp
                0x2000090c                fCbase
                0x2000290c                Decay
                0x2000291c                tmpSamp
                0x2000394c                uhADCDualConvertedValue
                0x20003950                LO_R
                0x20004150                volume
                0x20004154                a1
                0x20004158                msg
                0x20004178                uwTick
                0x2000417c                SamplingRate
                0x20004180                LO_I
                0x20004980                FIRstate1R
                0x20006a7c                Muted
                0x20006a80                agc
                0x20006a84                mean
                0x20006a88                ADC_Rdata
                0x20007288                Hcount
                0x20007290                AudioRate
                0x20007294                currentmode
                0x20007298                AudioOut0
                0x20007698                USBindex
                0x2000769c                ADC_Idata
                0x20007e9c                PeakAudioValue
                0x20007ea0                SfirI
                0x20007eac                psets
                0x20007ffc                AudioOut1
                0x200083fc                a2
                0x20008400                Qfactor
                0x20008404                CWindex
                0x20008408                bw
                0x2000840c                IQdata
                0x2000940c                AgcThreshold
                0x20009410                cwpitch
                0x20009414                Hangcount
                0x20009418                LOfreq
                0x2000941c                os_time
                0x20009420                FIRstate1I
                0x2000b51c                meanavg
                0x2000b520                arc
                0x2000b524                b0
                0x2000b528                NVIC_InitStructure
                0x2000b52c                EXTI_InitStructure
                0x2000b534                AGC_decay
                0x2000b53c                Fstep
                0x2000b540                TestSampledValue
                0x2000b544                fAudio
                0x2000bd44                ADC_Data0
                0x2000c144                LSBindex
                0x2000c146                AMindex
 COMMON         0x2000c148        0x8 src/stm32f429i_discovery_ioe.o
                0x2000c148                TP_State
 COMMON         0x2000c150        0x4 c:/ac6/systemworkbench/plugins/fr.ac6.mcu.externaltools.arm-none.win32_1.17.0.201812190825/tools/compiler/bin/../lib/gcc/arm-none-eabi/7.3.1/../../../../arm-none-eabi/lib/thumb/v7e-m/fpv4-sp/hard\libc_nano.a(lib_a-reent.o)
                0x2000c150                errno
                0x2000c154                . = ALIGN (0x4)
                0x2000c154                _ebss = .
                0x2000c154                __bss_end__ = _ebss

._user_heap_stack
                0x2000c154      0x404 load address 0x0801f884
                0x2000c158                . = ALIGN (0x8)
 *fill*         0x2000c154        0x4 
                0x2000c158                PROVIDE (end = .)
                [!provide]                PROVIDE (_end = .)
                0x2000c158                . = (. + _Min_Heap_Size)
                0x2000c558                . = (. + _Min_Stack_Size)
 *fill*         0x2000c158      0x400 
                0x2000c558                . = ALIGN (0x8)

.ccm            0x10000000     0xf000
                0x10000000                . = ALIGN (0x4)
                0x10000000                _sccm = .
 *(.ccm)
 .ccm           0x10000000     0xf000 src/main.o
                0x10000000                FFTbuf2
                0x10002000                FFTbuf
                0x10004000                FFTmask
                0x10006000                Idata
                0x10006800                Rdata
                0x10007000                Ibase
                0x10009000                Rbase
                0x1000b000                Ibasedata
                0x1000d000                Rbasedata
                0x1000f000                . = ALIGN (0x4)
                0x1000f000                _eccm = .

/DISCARD/
 libc.a(*)
 libm.a(*)
 libgcc.a(*)

.ARM.attributes
                0x00000000       0x30
 *(.ARM.attributes)
 .ARM.attributes
                0x00000000       0x22 c:/ac6/systemworkbench/plugins/fr.ac6.mcu.externaltools.arm-none.win32_1.17.0.201812190825/tools/compiler/bin/../lib/gcc/arm-none-eabi/7.3.1/thumb/v7e-m/fpv4-sp/hard/crti.o
 .ARM.attributes
                0x00000022       0x34 c:/ac6/systemworkbench/plugins/fr.ac6.mcu.externaltools.arm-none.win32_1.17.0.201812190825/tools/compiler/bin/../lib/gcc/arm-none-eabi/7.3.1/thumb/v7e-m/fpv4-sp/hard/crtbegin.o
 .ARM.attributes
                0x00000056       0x39 src/SDR_InitPeriph.o
 .ARM.attributes
                0x0000008f       0x39 src/SDR_func.o
 .ARM.attributes
                0x000000c8       0x39 src/SDR_math.o
 .ARM.attributes
                0x00000101       0x39 src/main.o
 .ARM.attributes
                0x0000013a       0x39 src/misc.o
 .ARM.attributes
                0x00000173       0x39 src/stm32f429i_discovery_ioe.o
 .ARM.attributes
                0x000001ac       0x39 src/stm32f429i_discovery_lcd.o
 .ARM.attributes
                0x000001e5       0x39 src/stm32f429i_discovery_sdram.o
 .ARM.attributes
                0x0000021e       0x39 src/stm32f4xx_adc.o
 .ARM.attributes
                0x00000257       0x39 src/stm32f4xx_dac.o
 .ARM.attributes
                0x00000290       0x39 src/stm32f4xx_dma.o
 .ARM.attributes
                0x000002c9       0x39 src/stm32f4xx_dma2d.o
 .ARM.attributes
                0x00000302       0x39 src/stm32f4xx_exti.o
 .ARM.attributes
                0x0000033b       0x39 src/stm32f4xx_fmc.o
 .ARM.attributes
                0x00000374       0x39 src/stm32f4xx_gpio.o
 .ARM.attributes
                0x000003ad       0x39 src/stm32f4xx_i2c.o
 .ARM.attributes
                0x000003e6       0x39 src/stm32f4xx_it.o
 .ARM.attributes
                0x0000041f       0x39 src/stm32f4xx_ltdc.o
 .ARM.attributes
                0x00000458       0x39 src/stm32f4xx_rcc.o
 .ARM.attributes
                0x00000491       0x39 src/stm32f4xx_spi.o
 .ARM.attributes
                0x000004ca       0x39 src/stm32f4xx_syscfg.o
 .ARM.attributes
                0x00000503       0x39 src/stm32f4xx_tim.o
 .ARM.attributes
                0x0000053c       0x39 src/system_stm32f4xx.o
 .ARM.attributes
                0x00000575       0x39 src/user_interface.o
 .ARM.attributes
                0x000005ae       0x25 startup/startup_stm32.o
 .ARM.attributes
                0x000005d3       0x39 startup/sysmem.o
 .ARM.attributes
                0x0000060c       0x39 C:\STM32F429I-Discovery_FW_V1.0.1\Libraries\CMSIS\Lib\GCC\libarm_cortexM4lf_math.a(arm_const_structs.o)
 .ARM.attributes
                0x00000645       0x39 C:\STM32F429I-Discovery_FW_V1.0.1\Libraries\CMSIS\Lib\GCC\libarm_cortexM4lf_math.a(arm_common_tables.o)
 .ARM.attributes
                0x0000067e       0x39 C:\STM32F429I-Discovery_FW_V1.0.1\Libraries\CMSIS\Lib\GCC\libarm_cortexM4lf_math.a(arm_cfft_f32.o)
 .ARM.attributes
                0x000006b7       0x39 C:\STM32F429I-Discovery_FW_V1.0.1\Libraries\CMSIS\Lib\GCC\libarm_cortexM4lf_math.a(arm_fir_decimate_init_f32.o)
 .ARM.attributes
                0x000006f0       0x39 C:\STM32F429I-Discovery_FW_V1.0.1\Libraries\CMSIS\Lib\GCC\libarm_cortexM4lf_math.a(arm_fir_decimate_f32.o)
 .ARM.attributes
                0x00000729       0x39 C:\STM32F429I-Discovery_FW_V1.0.1\Libraries\CMSIS\Lib\GCC\libarm_cortexM4lf_math.a(arm_cmplx_mult_cmplx_f32.o)
 .ARM.attributes
                0x00000762       0x25 C:\STM32F429I-Discovery_FW_V1.0.1\Libraries\CMSIS\Lib\GCC\libarm_cortexM4lf_math.a(arm_bitreversal2.o)
 .ARM.attributes
                0x00000787       0x39 C:\STM32F429I-Discovery_FW_V1.0.1\Libraries\CMSIS\Lib\GCC\libarm_cortexM4lf_math.a(arm_cfft_radix8_f32.o)
 .ARM.attributes
                0x000007c0       0x34 c:/ac6/systemworkbench/plugins/fr.ac6.mcu.externaltools.arm-none.win32_1.17.0.201812190825/tools/compiler/bin/../lib/gcc/arm-none-eabi/7.3.1/../../../../arm-none-eabi/lib/thumb/v7e-m/fpv4-sp/hard\libm.a(lib_a-s_cos.o)
 .ARM.attributes
                0x000007f4       0x34 c:/ac6/systemworkbench/plugins/fr.ac6.mcu.externaltools.arm-none.win32_1.17.0.201812190825/tools/compiler/bin/../lib/gcc/arm-none-eabi/7.3.1/../../../../arm-none-eabi/lib/thumb/v7e-m/fpv4-sp/hard\libm.a(lib_a-s_sin.o)
 .ARM.attributes
                0x00000828       0x34 c:/ac6/systemworkbench/plugins/fr.ac6.mcu.externaltools.arm-none.win32_1.17.0.201812190825/tools/compiler/bin/../lib/gcc/arm-none-eabi/7.3.1/../../../../arm-none-eabi/lib/thumb/v7e-m/fpv4-sp/hard\libm.a(lib_a-w_log10.o)
 .ARM.attributes
                0x0000085c       0x34 c:/ac6/systemworkbench/plugins/fr.ac6.mcu.externaltools.arm-none.win32_1.17.0.201812190825/tools/compiler/bin/../lib/gcc/arm-none-eabi/7.3.1/../../../../arm-none-eabi/lib/thumb/v7e-m/fpv4-sp/hard\libm.a(lib_a-w_pow.o)
 .ARM.attributes
                0x00000890       0x34 c:/ac6/systemworkbench/plugins/fr.ac6.mcu.externaltools.arm-none.win32_1.17.0.201812190825/tools/compiler/bin/../lib/gcc/arm-none-eabi/7.3.1/../../../../arm-none-eabi/lib/thumb/v7e-m/fpv4-sp/hard\libm.a(lib_a-w_sqrt.o)
 .ARM.attributes
                0x000008c4       0x34 c:/ac6/systemworkbench/plugins/fr.ac6.mcu.externaltools.arm-none.win32_1.17.0.201812190825/tools/compiler/bin/../lib/gcc/arm-none-eabi/7.3.1/../../../../arm-none-eabi/lib/thumb/v7e-m/fpv4-sp/hard\libm.a(lib_a-wf_sqrt.o)
 .ARM.attributes
                0x000008f8       0x34 c:/ac6/systemworkbench/plugins/fr.ac6.mcu.externaltools.arm-none.win32_1.17.0.201812190825/tools/compiler/bin/../lib/gcc/arm-none-eabi/7.3.1/../../../../arm-none-eabi/lib/thumb/v7e-m/fpv4-sp/hard\libm.a(lib_a-e_log10.o)
 .ARM.attributes
                0x0000092c       0x34 c:/ac6/systemworkbench/plugins/fr.ac6.mcu.externaltools.arm-none.win32_1.17.0.201812190825/tools/compiler/bin/../lib/gcc/arm-none-eabi/7.3.1/../../../../arm-none-eabi/lib/thumb/v7e-m/fpv4-sp/hard\libm.a(lib_a-e_pow.o)
 .ARM.attributes
                0x00000960       0x34 c:/ac6/systemworkbench/plugins/fr.ac6.mcu.externaltools.arm-none.win32_1.17.0.201812190825/tools/compiler/bin/../lib/gcc/arm-none-eabi/7.3.1/../../../../arm-none-eabi/lib/thumb/v7e-m/fpv4-sp/hard\libm.a(lib_a-e_rem_pio2.o)
 .ARM.attributes
                0x00000994       0x34 c:/ac6/systemworkbench/plugins/fr.ac6.mcu.externaltools.arm-none.win32_1.17.0.201812190825/tools/compiler/bin/../lib/gcc/arm-none-eabi/7.3.1/../../../../arm-none-eabi/lib/thumb/v7e-m/fpv4-sp/hard\libm.a(lib_a-e_sqrt.o)
 .ARM.attributes
                0x000009c8       0x34 c:/ac6/systemworkbench/plugins/fr.ac6.mcu.externaltools.arm-none.win32_1.17.0.201812190825/tools/compiler/bin/../lib/gcc/arm-none-eabi/7.3.1/../../../../arm-none-eabi/lib/thumb/v7e-m/fpv4-sp/hard\libm.a(lib_a-ef_sqrt.o)
 .ARM.attributes
                0x000009fc       0x34 c:/ac6/systemworkbench/plugins/fr.ac6.mcu.externaltools.arm-none.win32_1.17.0.201812190825/tools/compiler/bin/../lib/gcc/arm-none-eabi/7.3.1/../../../../arm-none-eabi/lib/thumb/v7e-m/fpv4-sp/hard\libm.a(lib_a-k_cos.o)
 .ARM.attributes
                0x00000a30       0x34 c:/ac6/systemworkbench/plugins/fr.ac6.mcu.externaltools.arm-none.win32_1.17.0.201812190825/tools/compiler/bin/../lib/gcc/arm-none-eabi/7.3.1/../../../../arm-none-eabi/lib/thumb/v7e-m/fpv4-sp/hard\libm.a(lib_a-k_rem_pio2.o)
 .ARM.attributes
                0x00000a64       0x34 c:/ac6/systemworkbench/plugins/fr.ac6.mcu.externaltools.arm-none.win32_1.17.0.201812190825/tools/compiler/bin/../lib/gcc/arm-none-eabi/7.3.1/../../../../arm-none-eabi/lib/thumb/v7e-m/fpv4-sp/hard\libm.a(lib_a-k_sin.o)
 .ARM.attributes
                0x00000a98       0x34 c:/ac6/systemworkbench/plugins/fr.ac6.mcu.externaltools.arm-none.win32_1.17.0.201812190825/tools/compiler/bin/../lib/gcc/arm-none-eabi/7.3.1/../../../../arm-none-eabi/lib/thumb/v7e-m/fpv4-sp/hard\libm.a(lib_a-s_fabs.o)
 .ARM.attributes
                0x00000acc       0x34 c:/ac6/systemworkbench/plugins/fr.ac6.mcu.externaltools.arm-none.win32_1.17.0.201812190825/tools/compiler/bin/../lib/gcc/arm-none-eabi/7.3.1/../../../../arm-none-eabi/lib/thumb/v7e-m/fpv4-sp/hard\libm.a(lib_a-s_finite.o)
 .ARM.attributes
                0x00000b00       0x34 c:/ac6/systemworkbench/plugins/fr.ac6.mcu.externaltools.arm-none.win32_1.17.0.201812190825/tools/compiler/bin/../lib/gcc/arm-none-eabi/7.3.1/../../../../arm-none-eabi/lib/thumb/v7e-m/fpv4-sp/hard\libm.a(lib_a-s_floor.o)
 .ARM.attributes
                0x00000b34       0x34 c:/ac6/systemworkbench/plugins/fr.ac6.mcu.externaltools.arm-none.win32_1.17.0.201812190825/tools/compiler/bin/../lib/gcc/arm-none-eabi/7.3.1/../../../../arm-none-eabi/lib/thumb/v7e-m/fpv4-sp/hard\libm.a(lib_a-s_lib_ver.o)
 .ARM.attributes
                0x00000b68       0x34 c:/ac6/systemworkbench/plugins/fr.ac6.mcu.externaltools.arm-none.win32_1.17.0.201812190825/tools/compiler/bin/../lib/gcc/arm-none-eabi/7.3.1/../../../../arm-none-eabi/lib/thumb/v7e-m/fpv4-sp/hard\libm.a(lib_a-s_matherr.o)
 .ARM.attributes
                0x00000b9c       0x34 c:/ac6/systemworkbench/plugins/fr.ac6.mcu.externaltools.arm-none.win32_1.17.0.201812190825/tools/compiler/bin/../lib/gcc/arm-none-eabi/7.3.1/../../../../arm-none-eabi/lib/thumb/v7e-m/fpv4-sp/hard\libm.a(lib_a-s_nan.o)
 .ARM.attributes
                0x00000bd0       0x34 c:/ac6/systemworkbench/plugins/fr.ac6.mcu.externaltools.arm-none.win32_1.17.0.201812190825/tools/compiler/bin/../lib/gcc/arm-none-eabi/7.3.1/../../../../arm-none-eabi/lib/thumb/v7e-m/fpv4-sp/hard\libm.a(lib_a-s_rint.o)
 .ARM.attributes
                0x00000c04       0x34 c:/ac6/systemworkbench/plugins/fr.ac6.mcu.externaltools.arm-none.win32_1.17.0.201812190825/tools/compiler/bin/../lib/gcc/arm-none-eabi/7.3.1/../../../../arm-none-eabi/lib/thumb/v7e-m/fpv4-sp/hard\libm.a(lib_a-s_scalbn.o)
 .ARM.attributes
                0x00000c38       0x34 c:/ac6/systemworkbench/plugins/fr.ac6.mcu.externaltools.arm-none.win32_1.17.0.201812190825/tools/compiler/bin/../lib/gcc/arm-none-eabi/7.3.1/../../../../arm-none-eabi/lib/thumb/v7e-m/fpv4-sp/hard\libm.a(lib_a-e_log.o)
 .ARM.attributes
                0x00000c6c       0x34 c:/ac6/systemworkbench/plugins/fr.ac6.mcu.externaltools.arm-none.win32_1.17.0.201812190825/tools/compiler/bin/../lib/gcc/arm-none-eabi/7.3.1/../../../../arm-none-eabi/lib/thumb/v7e-m/fpv4-sp/hard\libm.a(lib_a-s_copysign.o)
 .ARM.attributes
                0x00000ca0       0x22 c:/ac6/systemworkbench/plugins/fr.ac6.mcu.externaltools.arm-none.win32_1.17.0.201812190825/tools/compiler/bin/../lib/gcc/arm-none-eabi/7.3.1/thumb/v7e-m/fpv4-sp/hard\libgcc.a(_arm_addsubdf3.o)
 .ARM.attributes
                0x00000cc2       0x22 c:/ac6/systemworkbench/plugins/fr.ac6.mcu.externaltools.arm-none.win32_1.17.0.201812190825/tools/compiler/bin/../lib/gcc/arm-none-eabi/7.3.1/thumb/v7e-m/fpv4-sp/hard\libgcc.a(_arm_muldivdf3.o)
 .ARM.attributes
                0x00000ce4       0x22 c:/ac6/systemworkbench/plugins/fr.ac6.mcu.externaltools.arm-none.win32_1.17.0.201812190825/tools/compiler/bin/../lib/gcc/arm-none-eabi/7.3.1/thumb/v7e-m/fpv4-sp/hard\libgcc.a(_arm_cmpdf2.o)
 .ARM.attributes
                0x00000d06       0x22 c:/ac6/systemworkbench/plugins/fr.ac6.mcu.externaltools.arm-none.win32_1.17.0.201812190825/tools/compiler/bin/../lib/gcc/arm-none-eabi/7.3.1/thumb/v7e-m/fpv4-sp/hard\libgcc.a(_arm_unorddf2.o)
 .ARM.attributes
                0x00000d28       0x22 c:/ac6/systemworkbench/plugins/fr.ac6.mcu.externaltools.arm-none.win32_1.17.0.201812190825/tools/compiler/bin/../lib/gcc/arm-none-eabi/7.3.1/thumb/v7e-m/fpv4-sp/hard\libgcc.a(_arm_fixdfsi.o)
 .ARM.attributes
                0x00000d4a       0x22 c:/ac6/systemworkbench/plugins/fr.ac6.mcu.externaltools.arm-none.win32_1.17.0.201812190825/tools/compiler/bin/../lib/gcc/arm-none-eabi/7.3.1/thumb/v7e-m/fpv4-sp/hard\libgcc.a(_arm_fixunsdfsi.o)
 .ARM.attributes
                0x00000d6c       0x22 c:/ac6/systemworkbench/plugins/fr.ac6.mcu.externaltools.arm-none.win32_1.17.0.201812190825/tools/compiler/bin/../lib/gcc/arm-none-eabi/7.3.1/thumb/v7e-m/fpv4-sp/hard\libgcc.a(_arm_truncdfsf2.o)
 .ARM.attributes
                0x00000d8e       0x34 c:/ac6/systemworkbench/plugins/fr.ac6.mcu.externaltools.arm-none.win32_1.17.0.201812190825/tools/compiler/bin/../lib/gcc/arm-none-eabi/7.3.1/../../../../arm-none-eabi/lib/thumb/v7e-m/fpv4-sp/hard\libc_nano.a(lib_a-errno.o)
 .ARM.attributes
                0x00000dc2       0x34 c:/ac6/systemworkbench/plugins/fr.ac6.mcu.externaltools.arm-none.win32_1.17.0.201812190825/tools/compiler/bin/../lib/gcc/arm-none-eabi/7.3.1/../../../../arm-none-eabi/lib/thumb/v7e-m/fpv4-sp/hard\libc_nano.a(lib_a-impure.o)
 .ARM.attributes
                0x00000df6       0x34 c:/ac6/systemworkbench/plugins/fr.ac6.mcu.externaltools.arm-none.win32_1.17.0.201812190825/tools/compiler/bin/../lib/gcc/arm-none-eabi/7.3.1/../../../../arm-none-eabi/lib/thumb/v7e-m/fpv4-sp/hard\libc_nano.a(lib_a-init.o)
 .ARM.attributes
                0x00000e2a       0x34 c:/ac6/systemworkbench/plugins/fr.ac6.mcu.externaltools.arm-none.win32_1.17.0.201812190825/tools/compiler/bin/../lib/gcc/arm-none-eabi/7.3.1/../../../../arm-none-eabi/lib/thumb/v7e-m/fpv4-sp/hard\libc_nano.a(lib_a-memset.o)
 .ARM.attributes
                0x00000e5e       0x34 c:/ac6/systemworkbench/plugins/fr.ac6.mcu.externaltools.arm-none.win32_1.17.0.201812190825/tools/compiler/bin/../lib/gcc/arm-none-eabi/7.3.1/../../../../arm-none-eabi/lib/thumb/v7e-m/fpv4-sp/hard\libc_nano.a(lib_a-nano-vfprintf_float.o)
 .ARM.attributes
                0x00000e92       0x34 c:/ac6/systemworkbench/plugins/fr.ac6.mcu.externaltools.arm-none.win32_1.17.0.201812190825/tools/compiler/bin/../lib/gcc/arm-none-eabi/7.3.1/../../../../arm-none-eabi/lib/thumb/v7e-m/fpv4-sp/hard\libc_nano.a(lib_a-nano-vfprintf_i.o)
 .ARM.attributes
                0x00000ec6       0x34 c:/ac6/systemworkbench/plugins/fr.ac6.mcu.externaltools.arm-none.win32_1.17.0.201812190825/tools/compiler/bin/../lib/gcc/arm-none-eabi/7.3.1/../../../../arm-none-eabi/lib/thumb/v7e-m/fpv4-sp/hard\libc_nano.a(lib_a-sprintf.o)
 .ARM.attributes
                0x00000efa       0x34 c:/ac6/systemworkbench/plugins/fr.ac6.mcu.externaltools.arm-none.win32_1.17.0.201812190825/tools/compiler/bin/../lib/gcc/arm-none-eabi/7.3.1/../../../../arm-none-eabi/lib/thumb/v7e-m/fpv4-sp/hard\libc_nano.a(lib_a-strcpy.o)
 .ARM.attributes
                0x00000f2e       0x1b c:/ac6/systemworkbench/plugins/fr.ac6.mcu.externaltools.arm-none.win32_1.17.0.201812190825/tools/compiler/bin/../lib/gcc/arm-none-eabi/7.3.1/../../../../arm-none-eabi/lib/thumb/v7e-m/fpv4-sp/hard\libc_nano.a(lib_a-strlen.o)
 .ARM.attributes
                0x00000f49       0x34 c:/ac6/systemworkbench/plugins/fr.ac6.mcu.externaltools.arm-none.win32_1.17.0.201812190825/tools/compiler/bin/../lib/gcc/arm-none-eabi/7.3.1/../../../../arm-none-eabi/lib/thumb/v7e-m/fpv4-sp/hard\libc_nano.a(lib_a-dtoa.o)
 .ARM.attributes
                0x00000f7d       0x34 c:/ac6/systemworkbench/plugins/fr.ac6.mcu.externaltools.arm-none.win32_1.17.0.201812190825/tools/compiler/bin/../lib/gcc/arm-none-eabi/7.3.1/../../../../arm-none-eabi/lib/thumb/v7e-m/fpv4-sp/hard\libc_nano.a(lib_a-localeconv.o)
 .ARM.attributes
                0x00000fb1       0x34 c:/ac6/systemworkbench/plugins/fr.ac6.mcu.externaltools.arm-none.win32_1.17.0.201812190825/tools/compiler/bin/../lib/gcc/arm-none-eabi/7.3.1/../../../../arm-none-eabi/lib/thumb/v7e-m/fpv4-sp/hard\libc_nano.a(lib_a-malloc.o)
 .ARM.attributes