Archive member included to satisfy reference by file (symbol)

C:\STM32F429I-Discovery_FW_V1.0.1\Libraries\CMSIS\Lib\GCC\libarm_cortexM4lf_math.a(arm_const_structs.o)
                              src/SDR_func.o (arm_cfft_sR_f32_len1024)
C:\STM32F429I-Discovery_FW_V1.0.1\Libraries\CMSIS\Lib\GCC\libarm_cortexM4lf_math.a(arm_common_tables.o)
                              C:\STM32F429I-Discovery_FW_V1.0.1\Libraries\CMSIS\Lib\GCC\libarm_cortexM4lf_math.a(arm_const_structs.o) (armBitRevIndexTable_fixed_4096)
C:\STM32F429I-Discovery_FW_V1.0.1\Libraries\CMSIS\Lib\GCC\libarm_cortexM4lf_math.a(arm_cfft_f32.o)
                              src/SDR_func.o (arm_cfft_f32)
C:\STM32F429I-Discovery_FW_V1.0.1\Libraries\CMSIS\Lib\GCC\libarm_cortexM4lf_math.a(arm_fir_decimate_init_f32.o)
                              src/main.o (arm_fir_decimate_init_f32)
C:\STM32F429I-Discovery_FW_V1.0.1\Libraries\CMSIS\Lib\GCC\libarm_cortexM4lf_math.a(arm_fir_decimate_f32.o)
                              src/SDR_func.o (arm_fir_decimate_f32)
C:\STM32F429I-Discovery_FW_V1.0.1\Libraries\CMSIS\Lib\GCC\libarm_cortexM4lf_math.a(arm_cmplx_mult_cmplx_f32.o)
                              src/SDR_func.o (arm_cmplx_mult_cmplx_f32)
C:\STM32F429I-Discovery_FW_V1.0.1\Libraries\CMSIS\Lib\GCC\libarm_cortexM4lf_math.a(arm_bitreversal2.o)
                              C:\STM32F429I-Discovery_FW_V1.0.1\Libraries\CMSIS\Lib\GCC\libarm_cortexM4lf_math.a(arm_cfft_f32.o) (arm_bitreversal_32)
C:\STM32F429I-Discovery_FW_V1.0.1\Libraries\CMSIS\Lib\GCC\libarm_cortexM4lf_math.a(arm_cfft_radix8_f32.o)
                              C:\STM32F429I-Discovery_FW_V1.0.1\Libraries\CMSIS\Lib\GCC\libarm_cortexM4lf_math.a(arm_cfft_f32.o) (arm_radix8_butterfly_f32)
c:/ac6/systemworkbench/plugins/fr.ac6.mcu.externaltools.arm-none.win32_1.17.0.201812190825/tools/compiler/bin/../lib/gcc/arm-none-eabi/7.3.1/../../../../arm-none-eabi/lib/thumb/v7e-m/fpv4-sp/hard\libm.a(lib_a-s_cos.o)
                              src/SDR_math.o (cos)
c:/ac6/systemworkbench/plugins/fr.ac6.mcu.externaltools.arm-none.win32_1.17.0.201812190825/tools/compiler/bin/../lib/gcc/arm-none-eabi/7.3.1/../../../../arm-none-eabi/lib/thumb/v7e-m/fpv4-sp/hard\libm.a(lib_a-s_sin.o)
                              src/SDR_math.o (sin)
c:/ac6/systemworkbench/plugins/fr.ac6.mcu.externaltools.arm-none.win32_1.17.0.201812190825/tools/compiler/bin/../lib/gcc/arm-none-eabi/7.3.1/../../../../arm-none-eabi/lib/thumb/v7e-m/fpv4-sp/hard\libm.a(lib_a-w_log10.o)
                              src/main.o (log10)
c:/ac6/systemworkbench/plugins/fr.ac6.mcu.externaltools.arm-none.win32_1.17.0.201812190825/tools/compiler/bin/../lib/gcc/arm-none-eabi/7.3.1/../../../../arm-none-eabi/lib/thumb/v7e-m/fpv4-sp/hard\libm.a(lib_a-w_pow.o)
                              src/SDR_func.o (pow)
c:/ac6/systemworkbench/plugins/fr.ac6.mcu.externaltools.arm-none.win32_1.17.0.201812190825/tools/compiler/bin/../lib/gcc/arm-none-eabi/7.3.1/../../../../arm-none-eabi/lib/thumb/v7e-m/fpv4-sp/hard\libm.a(lib_a-w_sqrt.o)
                              src/SDR_math.o (sqrt)
c:/ac6/systemworkbench/plugins/fr.ac6.mcu.externaltools.arm-none.win32_1.17.0.201812190825/tools/compiler/bin/../lib/gcc/arm-none-eabi/7.3.1/../../../../arm-none-eabi/lib/thumb/v7e-m/fpv4-sp/hard\libm.a(lib_a-wf_sqrt.o)
                              src/SDR_math.o (sqrtf)
c:/ac6/systemworkbench/plugins/fr.ac6.mcu.externaltools.arm-none.win32_1.17.0.201812190825/tools/compiler/bin/../lib/gcc/arm-none-eabi/7.3.1/../../../../arm-none-eabi/lib/thumb/v7e-m/fpv4-sp/hard\libm.a(lib_a-e_log10.o)
                              c:/ac6/systemworkbench/plugins/fr.ac6.mcu.externaltools.arm-none.win32_1.17.0.201812190825/tools/compiler/bin/../lib/gcc/arm-none-eabi/7.3.1/../../../../arm-none-eabi/lib/thumb/v7e-m/fpv4-sp/hard\libm.a(lib_a-w_log10.o) (__ieee754_log10)
c:/ac6/systemworkbench/plugins/fr.ac6.mcu.externaltools.arm-none.win32_1.17.0.201812190825/tools/compiler/bin/../lib/gcc/arm-none-eabi/7.3.1/../../../../arm-none-eabi/lib/thumb/v7e-m/fpv4-sp/hard\libm.a(lib_a-e_pow.o)
                              c:/ac6/systemworkbench/plugins/fr.ac6.mcu.externaltools.arm-none.win32_1.17.0.201812190825/tools/compiler/bin/../lib/gcc/arm-none-eabi/7.3.1/../../../../arm-none-eabi/lib/thumb/v7e-m/fpv4-sp/hard\libm.a(lib_a-w_pow.o) (__ieee754_pow)
c:/ac6/systemworkbench/plugins/fr.ac6.mcu.externaltools.arm-none.win32_1.17.0.201812190825/tools/compiler/bin/../lib/gcc/arm-none-eabi/7.3.1/../../../../arm-none-eabi/lib/thumb/v7e-m/fpv4-sp/hard\libm.a(lib_a-e_rem_pio2.o)
                              c:/ac6/systemworkbench/plugins/fr.ac6.mcu.externaltools.arm-none.win32_1.17.0.201812190825/tools/compiler/bin/../lib/gcc/arm-none-eabi/7.3.1/../../../../arm-none-eabi/lib/thumb/v7e-m/fpv4-sp/hard\libm.a(lib_a-s_cos.o) (__ieee754_rem_pio2)
[...]
Memory Configuration

Name             Origin             Length             Attributes
RAM              0x20000000         0x00030000         xrw
ROM              0x08000000         0x00200000         xr
CCM              0x10000000         0x00010000         xrw
*default*        0x00000000         0xffffffff

Linker script and memory map

LOAD c:/ac6/systemworkbench/plugins/fr.ac6.mcu.externaltools.arm-none.win32_1.17.0.201812190825/tools/compiler/bin/../lib/gcc/arm-none-eabi/7.3.1/thumb/v7e-m/fpv4-sp/hard/crti.o
LOAD c:/ac6/systemworkbench/plugins/fr.ac6.mcu.externaltools.arm-none.win32_1.17.0.201812190825/tools/compiler/bin/../lib/gcc/arm-none-eabi/7.3.1/thumb/v7e-m/fpv4-sp/hard/crtbegin.o
LOAD c:/ac6/systemworkbench/plugins/fr.ac6.mcu.externaltools.arm-none.win32_1.17.0.201812190825/tools/compiler/bin/../lib/gcc/arm-none-eabi/7.3.1/../../../../arm-none-eabi/lib/thumb/v7e-m/fpv4-sp/hard/crt0.o
LOAD src/SDR_InitPeriph.o
LOAD src/SDR_func.o
LOAD src/SDR_math.o
LOAD src/main.o
LOAD src/misc.o
LOAD src/stm32f429i_discovery.o
LOAD src/stm32f429i_discovery_ioe.o
LOAD src/stm32f429i_discovery_lcd.o
LOAD src/stm32f429i_discovery_sdram.o
LOAD src/stm32f4xx_adc.o
LOAD src/stm32f4xx_dac.o
LOAD src/stm32f4xx_dma.o
LOAD src/stm32f4xx_dma2d.o
LOAD src/stm32f4xx_exti.o
LOAD src/stm32f4xx_flash.o
LOAD src/stm32f4xx_fmc.o
LOAD src/stm32f4xx_gpio.o
LOAD src/stm32f4xx_i2c.o
LOAD src/stm32f4xx_it.o
LOAD src/stm32f4xx_ltdc.o
LOAD src/stm32f4xx_rcc.o
LOAD src/stm32f4xx_spi.o
LOAD src/stm32f4xx_syscfg.o
LOAD src/stm32f4xx_tim.o
LOAD src/system_stm32f4xx.o
LOAD startup/startup_stm32.o
LOAD startup/sysmem.o
LOAD C:\STM32F429I-Discovery_FW_V1.0.1\Libraries\CMSIS\Lib\GCC\libarm_cortexM4lf_math.a
LOAD c:/ac6/systemworkbench/plugins/fr.ac6.mcu.externaltools.arm-none.win32_1.17.0.201812190825/tools/compiler/bin/../lib/gcc/arm-none-eabi/7.3.1/../../../../arm-none-eabi/lib/thumb/v7e-m/fpv4-sp/hard\libm.a
START GROUP
LOAD c:/ac6/systemworkbench/plugins/fr.ac6.mcu.externaltools.arm-none.win32_1.17.0.201812190825/tools/compiler/bin/../lib/gcc/arm-none-eabi/7.3.1/thumb/v7e-m/fpv4-sp/hard\libgcc.a
LOAD c:/ac6/systemworkbench/plugins/fr.ac6.mcu.externaltools.arm-none.win32_1.17.0.201812190825/tools/compiler/bin/../lib/gcc/arm-none-eabi/7.3.1/../../../../arm-none-eabi/lib/thumb/v7e-m/fpv4-sp/hard\libc_nano.a
END GROUP
START GROUP
LOAD c:/ac6/systemworkbench/plugins/fr.ac6.mcu.externaltools.arm-none.win32_1.17.0.201812190825/tools/compiler/bin/../lib/gcc/arm-none-eabi/7.3.1/thumb/v7e-m/fpv4-sp/hard\libgcc.a
LOAD c:/ac6/systemworkbench/plugins/fr.ac6.mcu.externaltools.arm-none.win32_1.17.0.201812190825/tools/compiler/bin/../lib/gcc/arm-none-eabi/7.3.1/../../../../arm-none-eabi/lib/thumb/v7e-m/fpv4-sp/hard\libc_nano.a
LOAD c:/ac6/systemworkbench/plugins/fr.ac6.mcu.externaltools.arm-none.win32_1.17.0.201812190825/tools/compiler/bin/../lib/gcc/arm-none-eabi/7.3.1/../../../../arm-none-eabi/lib/thumb/v7e-m/fpv4-sp/hard\libnosys.a
END GROUP
START GROUP
LOAD c:/ac6/systemworkbench/plugins/fr.ac6.mcu.externaltools.arm-none.win32_1.17.0.201812190825/tools/compiler/bin/../lib/gcc/arm-none-eabi/7.3.1/thumb/v7e-m/fpv4-sp/hard\libgcc.a
LOAD c:/ac6/systemworkbench/plugins/fr.ac6.mcu.externaltools.arm-none.win32_1.17.0.201812190825/tools/compiler/bin/../lib/gcc/arm-none-eabi/7.3.1/../../../../arm-none-eabi/lib/thumb/v7e-m/fpv4-sp/hard\libc_nano.a
LOAD c:/ac6/systemworkbench/plugins/fr.ac6.mcu.externaltools.arm-none.win32_1.17.0.201812190825/tools/compiler/bin/../lib/gcc/arm-none-eabi/7.3.1/../../../../arm-none-eabi/lib/thumb/v7e-m/fpv4-sp/hard\libnosys.a
END GROUP
LOAD c:/ac6/systemworkbench/plugins/fr.ac6.mcu.externaltools.arm-none.win32_1.17.0.201812190825/tools/compiler/bin/../lib/gcc/arm-none-eabi/7.3.1/thumb/v7e-m/fpv4-sp/hard/crtend.o
LOAD c:/ac6/systemworkbench/plugins/fr.ac6.mcu.externaltools.arm-none.win32_1.17.0.201812190825/tools/compiler/bin/../lib/gcc/arm-none-eabi/7.3.1/thumb/v7e-m/fpv4-sp/hard/crtn.o
                0x20030000                _estack = 0x20030000
                0x00000000                _Min_Heap_Size = 0x0
                0x00000400                _Min_Stack_Size = 0x400

.isr_vector     0x08000000      0x1ac
                0x08000000                . = ALIGN (0x4)
 *(.isr_vector)
 .isr_vector    0x08000000      0x1ac startup/startup_stm32.o
                0x08000000                g_pfnVectors
                0x080001ac                . = ALIGN (0x4)

.text           0x080001b0     0xd598
                0x080001b0                . = ALIGN (0x4)
 *(.text)
 .text          0x080001b0       0x40 c:/ac6/systemworkbench/plugins/fr.ac6.mcu.externaltools.arm-none.win32_1.17.0.201812190825/tools/compiler/bin/../lib/gcc/arm-none-eabi/7.3.1/thumb/v7e-m/fpv4-sp/hard/crtbegin.o
 .text          0x080001f0       0xc0 C:\STM32F429I-Discovery_FW_V1.0.1\Libraries\CMSIS\Lib\GCC\libarm_cortexM4lf_math.a(arm_bitreversal2.o)
                0x080001f0                arm_bitreversal_32
                0x0800025a                arm_bitreversal_16
 .text          0x080002b0      0x378 c:/ac6/systemworkbench/plugins/fr.ac6.mcu.externaltools.arm-none.win32_1.17.0.201812190825/tools/compiler/bin/../lib/gcc/arm-none-eabi/7.3.1/thumb/v7e-m/fpv4-sp/hard\libgcc.a(_arm_addsubdf3.o)
                0x080002b0                __aeabi_drsub
                0x080002b8                __aeabi_dsub
                0x080002b8                __subdf3
                0x080002bc                __aeabi_dadd
                0x080002bc                __adddf3
                0x08000534                __floatunsidf
                0x08000534                __aeabi_ui2d
                0x08000554                __floatsidf
                0x08000554                __aeabi_i2d
                0x08000578                __aeabi_f2d
                0x08000578                __extendsfdf2
                0x080005bc                __floatundidf
                0x080005bc                __aeabi_ul2d
                0x080005cc                __floatdidf
                0x080005cc                __aeabi_l2d
 .text          0x08000628      0x424 c:/ac6/systemworkbench/plugins/fr.ac6.mcu.externaltools.arm-none.win32_1.17.0.201812190825/tools/compiler/bin/../lib/gcc/arm-none-eabi/7.3.1/thumb/v7e-m/fpv4-sp/hard\libgcc.a(_arm_muldivdf3.o)
                0x08000628                __aeabi_dmul
                0x08000628                __muldf3
                0x0800087c                __divdf3
                0x0800087c                __aeabi_ddiv
 .text          0x08000a4c      0x110 c:/ac6/systemworkbench/plugins/fr.ac6.mcu.externaltools.arm-none.win32_1.17.0.201812190825/tools/compiler/bin/../lib/gcc/arm-none-eabi/7.3.1/thumb/v7e-m/fpv4-sp/hard\libgcc.a(_arm_cmpdf2.o)
                0x08000a4c                __gtdf2
                0x08000a4c                __gedf2
                0x08000a54                __ltdf2
                0x08000a54                __ledf2
                0x08000a5c                __nedf2
                0x08000a5c                __eqdf2
                0x08000a5c                __cmpdf2
                0x08000ad8                __aeabi_cdrcmple
                0x08000ae8                __aeabi_cdcmpeq
                0x08000ae8                __aeabi_cdcmple
                0x08000af8                __aeabi_dcmpeq
                0x08000b0c                __aeabi_dcmplt
                0x08000b20                __aeabi_dcmple
                0x08000b34                __aeabi_dcmpge
                0x08000b48                __aeabi_dcmpgt
 .text          0x08000b5c       0x2c c:/ac6/systemworkbench/plugins/fr.ac6.mcu.externaltools.arm-none.win32_1.17.0.201812190825/tools/compiler/bin/../lib/gcc/arm-none-eabi/7.3.1/thumb/v7e-m/fpv4-sp/hard\libgcc.a(_arm_unorddf2.o)
                0x08000b5c                __unorddf2
                0x08000b5c                __aeabi_dcmpun
 .text          0x08000b88       0x50 c:/ac6/systemworkbench/plugins/fr.ac6.mcu.externaltools.arm-none.win32_1.17.0.201812190825/tools/compiler/bin/../lib/gcc/arm-none-eabi/7.3.1/thumb/v7e-m/fpv4-sp/hard\libgcc.a(_arm_fixdfsi.o)
                0x08000b88                __aeabi_d2iz
                0x08000b88                __fixdfsi
 .text          0x08000bd8       0x40 c:/ac6/systemworkbench/plugins/fr.ac6.mcu.externaltools.arm-none.win32_1.17.0.201812190825/tools/compiler/bin/../lib/gcc/arm-none-eabi/7.3.1/thumb/v7e-m/fpv4-sp/hard\libgcc.a(_arm_fixunsdfsi.o)
                0x08000bd8                __aeabi_d2uiz
                0x08000bd8                __fixunsdfsi
 .text          0x08000c18       0xa0 c:/ac6/systemworkbench/plugins/fr.ac6.mcu.externaltools.arm-none.win32_1.17.0.201812190825/tools/compiler/bin/../lib/gcc/arm-none-eabi/7.3.1/thumb/v7e-m/fpv4-sp/hard\libgcc.a(_arm_truncdfsf2.o)
                0x08000c18                __truncdfsf2
                0x08000c18                __aeabi_d2f
 .text          0x08000cb8       0x10 c:/ac6/systemworkbench/plugins/fr.ac6.mcu.externaltools.arm-none.win32_1.17.0.201812190825/tools/compiler/bin/../lib/gcc/arm-none-eabi/7.3.1/../../../../arm-none-eabi/lib/thumb/v7e-m/fpv4-sp/hard\libc_nano.a(lib_a-strlen.o)
                0x08000cb8                strlen
 *fill*         0x08000cc8        0x8 
 .text          0x08000cd0       0xa0 c:/ac6/systemworkbench/plugins/fr.ac6.mcu.externaltools.arm-none.win32_1.17.0.201812190825/tools/compiler/bin/../lib/gcc/arm-none-eabi/7.3.1/../../../../arm-none-eabi/lib/thumb/v7e-m/fpv4-sp/hard\libc_nano.a(lib_a-memchr.o)
                0x08000cd0                memchr
 *(.text*)
 .text.Set_NVIC_PriorityGroupConfig
                0x08000d70       0x14 src/SDR_InitPeriph.o
                0x08000d70                Set_NVIC_PriorityGroupConfig
 .text.SDR_InitEXTI
                0x08000d84       0x74 src/SDR_InitPeriph.o
                0x08000d84                SDR_InitEXTI
 .text.SDR_InitGPIO
                0x08000df8      0x180 src/SDR_InitPeriph.o
                0x08000df8                SDR_InitGPIO
 .text.SDR_InitADC
                0x08000f78      0x194 src/SDR_InitPeriph.o
                0x08000f78                SDR_InitADC
 .text.SDR_StartADC
                0x0800110c        0xc src/SDR_InitPeriph.o
                0x0800110c                SDR_StartADC
 .text.SDR_InitDAC
                0x08001118      0x140 src/SDR_InitPeriph.o
                0x08001118                SDR_InitDAC
 .text.Load_Presets
                0x08001258       0x4c src/SDR_func.o
                0x08001258                Load_Presets
 .text.SetBW    0x080012a4       0xdc src/SDR_func.o
                0x080012a4                SetBW
 .text.Tune_Preset
                0x08001380      0x25c src/SDR_func.o
                0x08001380                Tune_Preset
 .text.EXTI0_IRQHandler
                0x080015dc      0x2a8 src/SDR_func.o
                0x080015dc                EXTI0_IRQHandler
 .text.SetAGC   0x08001884       0xac src/SDR_func.o
                0x08001884                SetAGC
 .text.SetMode  0x08001930      0x1e4 src/SDR_func.o
                0x08001930                SetMode
 *fill*         0x08001b14        0x4 
 .text.SetFstep
                0x08001b18       0x34 src/SDR_func.o
                0x08001b18                SetFstep
 .text.FplusClicked
                0x08001b4c      0x254 src/SDR_func.o
                0x08001b4c                FplusClicked
 .text.FminusClicked
                0x08001da0      0x254 src/SDR_func.o
                0x08001da0                FminusClicked
 .text.SysTick_Handler
                0x08001ff4        0x4 src/SDR_func.o
                0x08001ff4                SysTick_Handler
 .text.EXTI1_IRQHandler
                0x08001ff8      0x180 src/SDR_func.o
                0x08001ff8                EXTI1_IRQHandler
 .text.DMA2_Stream0_IRQHandler
                0x08002178      0x528 src/SDR_func.o
                0x08002178                DMA2_Stream0_IRQHandler
 .text.SDR_ComputeLO
                0x080026a0      0x16c src/SDR_math.o
                0x080026a0                SDR_ComputeLO
 .text.SDR_2R_toC_f32
                0x0800280c       0x64 src/SDR_math.o
                0x0800280c                SDR_2R_toC_f32
 .text.SDR_downconvert_f32
                0x08002870       0xec src/SDR_math.o
                0x08002870                SDR_downconvert_f32
 .text.SDR_float_to_DAC_audio
                0x0800295c       0xc4 src/SDR_math.o
                0x0800295c                SDR_float_to_DAC_audio
 .text.SDR_memcpy_f32
                0x08002a20       0x38 src/SDR_math.o
                0x08002a20                SDR_memcpy_f32
 .text.SDR_mirror_LSB
                0x08002a58       0x80 src/SDR_math.o
                0x08002a58                SDR_mirror_LSB
 .text.SDR_compute_IIR_parms
                0x08002ad8      0x128 src/SDR_math.o
                0x08002ad8                SDR_compute_IIR_parms
 .text.SDR_CWPeak
                0x08002c00       0xf8 src/SDR_math.o
                0x08002c00                SDR_CWPeak
 .text.SDR_demodAM_AGC
                0x08002cf8      0x128 src/SDR_math.o
                0x08002cf8                SDR_demodAM_AGC
 .text.SDR_demodSSB_CW_AGC
                0x08002e20      0x130 src/SDR_math.o
                0x08002e20                SDR_demodSSB_CW_AGC
 .text.DisplayFrequency
                0x08002f50       0x44 src/main.o
                0x08002f50                DisplayFrequency
 *fill*         0x08002f94        0x4 
 .text.startup.main
                0x08002f98      0x4c8 src/main.o
                0x08002f98                main
 .text.NVIC_Init
                0x08003460       0x5c src/misc.o
                0x08003460                NVIC_Init
 .text.IOE_TimeoutUserCallback
                0x080034bc       0xd4 src/stm32f429i_discovery_ioe.o
                0x080034bc                IOE_TimeoutUserCallback
 .text.I2C_WriteDeviceRegister.part.0
                0x08003590       0xe8 src/stm32f429i_discovery_ioe.o
 .text.I2C_ReadDeviceRegister.part.1
                0x08003678      0x14c src/stm32f429i_discovery_ioe.o
 .text.I2C_ReadDataBuffer
                0x080037c4      0x168 src/stm32f429i_discovery_ioe.o
                0x080037c4                I2C_ReadDataBuffer
 .text.IOE_TP_GetState
                0x0800392c      0x1a8 src/stm32f429i_discovery_ioe.o
                0x0800392c                IOE_TP_GetState
 .text.IOE_TP_Config
                0x08003ad4      0x368 src/stm32f429i_discovery_ioe.o
                0x08003ad4                IOE_TP_Config
 .text.IOE_Config
                0x08003e3c      0x254 src/stm32f429i_discovery_ioe.o
                0x08003e3c                IOE_Config
 .text.LCD_LayerInit
                0x08004090       0xb4 src/stm32f429i_discovery_lcd.o
                0x08004090                LCD_LayerInit
 .text.LCD_SetLayer
                0x08004144       0x2c src/stm32f429i_discovery_lcd.o
                0x08004144                LCD_SetLayer
 .text.LCD_SetTextColor
                0x08004170        0xc src/stm32f429i_discovery_lcd.o
                0x08004170                LCD_SetTextColor
 .text.LCD_SetBackColor
                0x0800417c        0xc src/stm32f429i_discovery_lcd.o
                0x0800417c                LCD_SetBackColor
 .text.LCD_SetFont
                0x08004188        0xc src/stm32f429i_discovery_lcd.o
                0x08004188                LCD_SetFont
 .text.LCD_SetTransparency
                0x08004194       0x38 src/stm32f429i_discovery_lcd.o
                0x08004194                LCD_SetTransparency
 .text.LCD_GetFont
                0x080041cc        0xc src/stm32f429i_discovery_lcd.o
                0x080041cc                LCD_GetFont
 .text.LCD_Clear
                0x080041d8       0x18 src/stm32f429i_discovery_lcd.o
                0x080041d8                LCD_Clear
 .text.LCD_DisplayStringLine
                0x080041f0       0xf8 src/stm32f429i_discovery_lcd.o
                0x080041f0                LCD_DisplayStringLine
 .text.LCD_DrawLine
                0x080042e8       0x78 src/stm32f429i_discovery_lcd.o
                0x080042e8                LCD_DrawLine
 .text.LCD_PowerOn
                0x08004360     0x1d10 src/stm32f429i_discovery_lcd.o
                0x08004360                LCD_PowerOn
 .text.LCD_SPIConfig
                0x08006070       0xa8 src/stm32f429i_discovery_lcd.o
                0x08006070                LCD_SPIConfig
 .text.LCD_Init
                0x08006118      0x230 src/stm32f429i_discovery_lcd.o
                0x08006118                LCD_Init
 .text.SDRAM_GPIOConfig
                0x08006348      0x20c src/stm32f429i_discovery_sdram.o
                0x08006348                SDRAM_GPIOConfig
 .text.SDRAM_InitSequence
                0x08006554       0xd4 src/stm32f429i_discovery_sdram.o
                0x08006554                SDRAM_InitSequence
 .text.SDRAM_Init
                0x08006628       0x60 src/stm32f429i_discovery_sdram.o
                0x08006628                SDRAM_Init
 .text.SDR_ADC_Init
                0x08006688       0x4c src/stm32f4xx_adc.o
                0x08006688                SDR_ADC_Init
 .text.SDR_ADC_StructInit
                0x080066d4       0x14 src/stm32f4xx_adc.o
                0x080066d4                SDR_ADC_StructInit
 .text.ADC_CommonInit
                0x080066e8       0x28 src/stm32f4xx_adc.o
                0x080066e8                ADC_CommonInit
 .text.ADC_CommonStructInit
                0x08006710        0xc src/stm32f4xx_adc.o
                0x08006710                ADC_CommonStructInit
 .text.ADC_Cmd  0x0800671c       0x14 src/stm32f4xx_adc.o
                0x0800671c                ADC_Cmd
 .text.ADC_RegularChannelConfig
                0x08006730       0x8c src/stm32f4xx_adc.o
                0x08006730                ADC_RegularChannelConfig
 .text.ADC_SoftwareStartConv
                0x080067bc        0xc src/stm32f4xx_adc.o
                0x080067bc                ADC_SoftwareStartConv
 .text.ADC_DMACmd
                0x080067c8       0x14 src/stm32f4xx_adc.o
                0x080067c8                ADC_DMACmd
 .text.ADC_MultiModeDMARequestAfterLastTransferCmd
                0x080067dc       0x1c src/stm32f4xx_adc.o
                0x080067dc                ADC_MultiModeDMARequestAfterLastTransferCmd
 .text.DAC_Init
                0x080067f8       0x30 src/stm32f4xx_dac.o
                0x080067f8                DAC_Init
 .text.DAC_StructInit
                0x08006828        0xc src/stm32f4xx_dac.o
                0x08006828                DAC_StructInit
 .text.DAC_Cmd  0x08006834       0x20 src/stm32f4xx_dac.o
                0x08006834                DAC_Cmd
 .text.DAC_DMACmd
                0x08006854       0x20 src/stm32f4xx_dac.o
                0x08006854                DAC_DMACmd
 .text.DMA_DeInit
                0x08006874      0x12c src/stm32f4xx_dma.o
                0x08006874                DMA_DeInit
 .text.DMA_Init
                0x080069a0       0x58 src/stm32f4xx_dma.o
                0x080069a0                DMA_Init
 .text.DMA_StructInit
                0x080069f8       0x24 src/stm32f4xx_dma.o
                0x080069f8                DMA_StructInit
 .text.DMA_Cmd  0x08006a1c       0x14 src/stm32f4xx_dma.o
                0x08006a1c                DMA_Cmd
 .text.DMA_DoubleBufferModeConfig
                0x08006a30       0x18 src/stm32f4xx_dma.o
                0x08006a30                DMA_DoubleBufferModeConfig
 .text.DMA_DoubleBufferModeCmd
                0x08006a48       0x14 src/stm32f4xx_dma.o
                0x08006a48                DMA_DoubleBufferModeCmd
 .text.DMA_GetCurrentMemoryTarget
                0x08006a5c        0x8 src/stm32f4xx_dma.o
                0x08006a5c                DMA_GetCurrentMemoryTarget
 .text.DMA_GetCmdStatus
                0x08006a64        0x8 src/stm32f4xx_dma.o
                0x08006a64                DMA_GetCmdStatus
 .text.DMA_ITConfig
                0x08006a6c       0x40 src/stm32f4xx_dma.o
                0x08006a6c                DMA_ITConfig
 .text.DMA_ClearITPendingBit
                0x08006aac       0x30 src/stm32f4xx_dma.o
                0x08006aac                DMA_ClearITPendingBit
 .text.DMA2D_DeInit
                0x08006adc       0x1c src/stm32f4xx_dma2d.o
                0x08006adc                DMA2D_DeInit
 .text.DMA2D_Init
                0x08006af8       0xac src/stm32f4xx_dma2d.o
                0x08006af8                DMA2D_Init
 .text.DMA2D_StartTransfer
                0x08006ba4       0x10 src/stm32f4xx_dma2d.o
                0x08006ba4                DMA2D_StartTransfer
 .text.DMA2D_GetFlagStatus
                0x08006bb4       0x14 src/stm32f4xx_dma2d.o
                0x08006bb4                DMA2D_GetFlagStatus
 .text.EXTI_Init
                0x08006bc8       0x70 src/stm32f4xx_exti.o
                0x08006bc8                EXTI_Init
 .text.EXTI_StructInit
                0x08006c38       0x10 src/stm32f4xx_exti.o
                0x08006c38                EXTI_StructInit
 .text.EXTI_GetITStatus
                0x08006c48       0x14 src/stm32f4xx_exti.o
                0x08006c48                EXTI_GetITStatus
 .text.FMC_SDRAMInit
                0x08006c5c       0xb8 src/stm32f4xx_fmc.o
                0x08006c5c                FMC_SDRAMInit
 .text.FMC_SDRAMCmdConfig
                0x08006d14       0x24 src/stm32f4xx_fmc.o
                0x08006d14                FMC_SDRAMCmdConfig
 .text.FMC_SetRefreshCount
                0x08006d38       0x10 src/stm32f4xx_fmc.o
                0x08006d38                FMC_SetRefreshCount
 .text.FMC_GetFlagStatus
                0x08006d48       0x40 src/stm32f4xx_fmc.o
                0x08006d48                FMC_GetFlagStatus
 .text.GPIO_Init
                0x08006d88       0x9c src/stm32f4xx_gpio.o
                0x08006d88                GPIO_Init
 .text.GPIO_StructInit
                0x08006e24        0xc src/stm32f4xx_gpio.o
                0x08006e24                GPIO_StructInit
 .text.GPIO_SetBits
                0x08006e30        0x4 src/stm32f4xx_gpio.o
                0x08006e30                GPIO_SetBits
 .text.GPIO_ResetBits
                0x08006e34        0x4 src/stm32f4xx_gpio.o
                0x08006e34                GPIO_ResetBits
 .text.GPIO_WriteBit
                0x08006e38        0xc src/stm32f4xx_gpio.o
                0x08006e38                GPIO_WriteBit
 .text.GPIO_PinAFConfig
                0x08006e44       0x2c src/stm32f4xx_gpio.o
                0x08006e44                GPIO_PinAFConfig
 .text.I2C_DeInit
                0x08006e70       0x6c src/stm32f4xx_i2c.o
                0x08006e70                I2C_DeInit
 .text.I2C_Init
                0x08006edc       0xd4 src/stm32f4xx_i2c.o
                0x08006edc                I2C_Init
 .text.I2C_Cmd  0x08006fb0       0x18 src/stm32f4xx_i2c.o
                0x08006fb0                I2C_Cmd
 .text.I2C_GenerateSTART
                0x08006fc8       0x18 src/stm32f4xx_i2c.o
                0x08006fc8                I2C_GenerateSTART
 .text.I2C_GenerateSTOP
                0x08006fe0       0x18 src/stm32f4xx_i2c.o
                0x08006fe0                I2C_GenerateSTOP
 .text.I2C_Send7bitAddress
                0x08006ff8       0x18 src/stm32f4xx_i2c.o
                0x08006ff8                I2C_Send7bitAddress
 .text.I2C_AcknowledgeConfig
                0x08007010       0x18 src/stm32f4xx_i2c.o
                0x08007010                I2C_AcknowledgeConfig
 .text.I2C_SoftwareResetCmd
                0x08007028       0x14 src/stm32f4xx_i2c.o
                0x08007028                I2C_SoftwareResetCmd
 .text.I2C_NACKPositionConfig
                0x0800703c       0x18 src/stm32f4xx_i2c.o
                0x0800703c                I2C_NACKPositionConfig
 .text.I2C_SendData
                0x08007054        0x4 src/stm32f4xx_i2c.o
                0x08007054                I2C_SendData
 .text.I2C_ReceiveData
                0x08007058        0x8 src/stm32f4xx_i2c.o
                0x08007058                I2C_ReceiveData
 .text.I2C_GetFlagStatus
                0x08007060       0x38 src/stm32f4xx_i2c.o
                0x08007060                I2C_GetFlagStatus
 .text.NMI_Handler
                0x08007098        0x4 src/stm32f4xx_it.o
                0x08007098                NMI_Handler
 .text.HardFault_Handler
                0x0800709c        0x4 src/stm32f4xx_it.o
                0x0800709c                HardFault_Handler
 .text.MemManage_Handler
                0x080070a0        0x4 src/stm32f4xx_it.o
                0x080070a0                MemManage_Handler
 .text.BusFault_Handler
                0x080070a4        0x4 src/stm32f4xx_it.o
                0x080070a4                BusFault_Handler
 .text.UsageFault_Handler
                0x080070a8        0x4 src/stm32f4xx_it.o
                0x080070a8                UsageFault_Handler
 .text.SVC_Handler
                0x080070ac        0x4 src/stm32f4xx_it.o
                0x080070ac                SVC_Handler
 .text.DebugMon_Handler
                0x080070b0        0x4 src/stm32f4xx_it.o
                0x080070b0                DebugMon_Handler
 .text.PendSV_Handler
                0x080070b4        0x4 src/stm32f4xx_it.o
                0x080070b4                PendSV_Handler
 .text.LTDC_Init
                0x080070b8       0xa0 src/stm32f4xx_ltdc.o
                0x080070b8                LTDC_Init
 .text.LTDC_Cmd
                0x08007158       0x1c src/stm32f4xx_ltdc.o
                0x08007158                LTDC_Cmd
 .text.LTDC_DitherCmd
                0x08007174       0x1c src/stm32f4xx_ltdc.o
                0x08007174                LTDC_DitherCmd
 .text.LTDC_ReloadConfig
                0x08007190        0xc src/stm32f4xx_ltdc.o
                0x08007190                LTDC_ReloadConfig
 .text.LTDC_LayerInit
                0x0800719c       0x9c src/stm32f4xx_ltdc.o
                0x0800719c                LTDC_LayerInit
 .text.LTDC_LayerCmd
                0x08007238       0x14 src/stm32f4xx_ltdc.o
                0x08007238                LTDC_LayerCmd
 .text.LTDC_LayerAlpha
                0x0800724c        0x4 src/stm32f4xx_ltdc.o
                0x0800724c                LTDC_LayerAlpha
 .text.RCC_PLLSAIConfig
                0x08007250       0x18 src/stm32f4xx_rcc.o
                0x08007250                RCC_PLLSAIConfig
 .text.RCC_PLLSAICmd
                0x08007268        0xc src/stm32f4xx_rcc.o
                0x08007268                RCC_PLLSAICmd
 .text.RCC_GetClocksFreq
                0x08007274       0x90 src/stm32f4xx_rcc.o
                0x08007274                RCC_GetClocksFreq
 .text.RCC_LTDCCLKDivConfig
                0x08007304       0x18 src/stm32f4xx_rcc.o
                0x08007304                RCC_LTDCCLKDivConfig
 .text.RCC_AHB1PeriphClockCmd
                0x0800731c       0x18 src/stm32f4xx_rcc.o
                0x0800731c                RCC_AHB1PeriphClockCmd
 .text.RCC_AHB3PeriphClockCmd
                0x08007334       0x18 src/stm32f4xx_rcc.o
                0x08007334                RCC_AHB3PeriphClockCmd
 .text.RCC_APB1PeriphClockCmd
                0x0800734c       0x18 src/stm32f4xx_rcc.o
                0x0800734c                RCC_APB1PeriphClockCmd
 .text.RCC_APB2PeriphClockCmd
                0x08007364       0x18 src/stm32f4xx_rcc.o
                0x08007364                RCC_APB2PeriphClockCmd
 .text.RCC_AHB1PeriphResetCmd
                0x0800737c       0x18 src/stm32f4xx_rcc.o
                0x0800737c                RCC_AHB1PeriphResetCmd
 .text.RCC_APB1PeriphResetCmd
                0x08007394       0x18 src/stm32f4xx_rcc.o
                0x08007394                RCC_APB1PeriphResetCmd
 .text.RCC_APB2PeriphResetCmd
                0x080073ac       0x18 src/stm32f4xx_rcc.o
                0x080073ac                RCC_APB2PeriphResetCmd
 .text.RCC_GetFlagStatus
                0x080073c4       0x34 src/stm32f4xx_rcc.o
                0x080073c4                RCC_GetFlagStatus
 .text.SPI_I2S_DeInit
                0x080073f8       0xd0 src/stm32f4xx_spi.o
                0x080073f8                SPI_I2S_DeInit
 .text.SPI_Init
                0x080074c8       0x40 src/stm32f4xx_spi.o
                0x080074c8                SPI_Init
 .text.SPI_Cmd  0x08007508       0x18 src/stm32f4xx_spi.o
                0x08007508                SPI_Cmd
 .text.SPI_I2S_SendData
                0x08007520        0x4 src/stm32f4xx_spi.o
                0x08007520                SPI_I2S_SendData
 .text.SPI_I2S_GetFlagStatus
                0x08007524        0xc src/stm32f4xx_spi.o
                0x08007524                SPI_I2S_GetFlagStatus
 .text.SYSCFG_EXTILineConfig
                0x08007530       0x30 src/stm32f4xx_syscfg.o
                0x08007530                SYSCFG_EXTILineConfig
 .text.TIM_TimeBaseInit
                0x08007560       0x94 src/stm32f4xx_tim.o
                0x08007560                TIM_TimeBaseInit
 .text.TIM_TimeBaseStructInit
                0x080075f4       0x10 src/stm32f4xx_tim.o
                0x080075f4                TIM_TimeBaseStructInit
 .text.TIM_Cmd  0x08007604       0x18 src/stm32f4xx_tim.o
                0x08007604                TIM_Cmd
 .text.TIM_SelectOutputTrigger
                0x0800761c       0x14 src/stm32f4xx_tim.o
                0x0800761c                TIM_SelectOutputTrigger
 .text.SystemInit
                0x08007630       0xfc src/system_stm32f4xx.o
                0x08007630                SystemInit
 .text.Reset_Handler
                0x0800772c       0x48 startup/startup_stm32.o
                0x0800772c                Reset_Handler
 .text.Default_Handler
                0x08007774        0x2 startup/startup_stm32.o
                0x08007774                RTC_Alarm_IRQHandler
                0x08007774                HASH_RNG_IRQHandler
                0x08007774                EXTI2_IRQHandler
                0x08007774                TIM8_CC_IRQHandler
                0x08007774                UART8_IRQHandler
                0x08007774                SPI4_IRQHandler
                0x08007774                TIM1_CC_IRQHandler
                0x08007774                DMA2_Stream5_IRQHandler
                0x08007774                DMA1_Stream5_IRQHandler
                0x08007774                PVD_IRQHandler
                0x08007774                SDIO_IRQHandler
                0x08007774                TAMP_STAMP_IRQHandler
                0x08007774                CAN2_RX1_IRQHandler
                0x08007774                EXTI3_IRQHandler
                0x08007774                TIM8_TRG_COM_TIM14_IRQHandler
                0x08007774                TIM1_UP_TIM10_IRQHandler
                0x08007774                TIM8_UP_TIM13_IRQHandler
                0x08007774                I2C3_ER_IRQHandler
                0x08007774                I2C2_EV_IRQHandler
                0x08007774                DMA1_Stream2_IRQHandler
                0x08007774                CAN1_RX0_IRQHandler
                0x08007774                FPU_IRQHandler
                0x08007774                OTG_HS_WKUP_IRQHandler
                0x08007774                LTDC_ER_IRQHandler
                0x08007774                CAN2_SCE_IRQHandler
                0x08007774                DMA2_Stream2_IRQHandler
                0x08007774                SPI1_IRQHandler
                0x08007774                TIM6_DAC_IRQHandler
                0x08007774                TIM1_BRK_TIM9_IRQHandler
                0x08007774                DCMI_IRQHandler
                0x08007774                CAN2_RX0_IRQHandler
                0x08007774                DMA2_Stream3_IRQHandler
                0x08007774                USART6_IRQHandler
                0x08007774                USART3_IRQHandler
                0x08007774                CRYP_IRQHandler
                0x08007774                CAN1_RX1_IRQHandler
                0x08007774                UART5_IRQHandler
                0x08007774                TIM4_IRQHandler
                0x08007774                I2C1_EV_IRQHandler
                0x08007774                DMA1_Stream6_IRQHandler
                0x08007774                DMA1_Stream1_IRQHandler
                0x08007774                UART4_IRQHandler
                0x08007774                TIM3_IRQHandler
                0x08007774                RCC_IRQHandler
                0x08007774                TIM8_BRK_TIM12_IRQHandler
                0x08007774                Default_Handler
                0x08007774                EXTI15_10_IRQHandler
                0x08007774                ADC_IRQHandler
                0x08007774                DMA1_Stream7_IRQHandler
                0x08007774                SPI5_IRQHandler
                0x08007774                TIM7_IRQHandler
                0x08007774                CAN2_TX_IRQHandler
                0x08007774                TIM5_IRQHandler
                0x08007774                DMA2_Stream7_IRQHandler
                0x08007774                I2C3_EV_IRQHandler
                0x08007774                EXTI9_5_IRQHandler
                0x08007774                RTC_WKUP_IRQHandler
                0x08007774                LTDC_IRQHandler
                0x08007774                ETH_WKUP_IRQHandler
                0x08007774                SPI2_IRQHandler
                0x08007774                OTG_HS_EP1_IN_IRQHandler
                0x08007774                DMA1_Stream0_IRQHandler
                0x08007774                CAN1_TX_IRQHandler
                0x08007774                EXTI4_IRQHandler
                0x08007774                FSMC_IRQHandler
                0x08007774                ETH_IRQHandler
                0x08007774                OTG_HS_EP1_OUT_IRQHandler
                0x08007774                WWDG_IRQHandler
                0x08007774                SPI6_IRQHandler
                0x08007774                TIM2_IRQHandler
                0x08007774                OTG_FS_WKUP_IRQHandler
                0x08007774                TIM1_TRG_COM_TIM11_IRQHandler
                0x08007774                OTG_HS_IRQHandler
                0x08007774                DMA2D_IRQHandler
                0x08007774                UART7_IRQHandler
                0x08007774                USART2_IRQHandler
                0x08007774                I2C2_ER_IRQHandler
                0x08007774                DMA2_Stream1_IRQHandler
                0x08007774                CAN1_SCE_IRQHandler
                0x08007774                FLASH_IRQHandler
                0x08007774                DMA2_Stream4_IRQHandler
                0x08007774                USART1_IRQHandler
                0x08007774                OTG_FS_IRQHandler
                0x08007774                SPI3_IRQHandler
                0x08007774                DMA1_Stream4_IRQHandler
                0x08007774                I2C1_ER_IRQHandler
                0x08007774                DMA2_Stream6_IRQHandler
                0x08007774                SAI1_IRQHandler
                0x08007774                DMA1_Stream3_IRQHandler
 *fill*         0x08007776        0x2 
 .text._sbrk    0x08007778       0x3c startup/sysmem.o
                0x08007778                _sbrk
 .text.arm_cfft_radix8by2_f32
                0x080077b4      0x1a4 C:\STM32F429I-Discovery_FW_V1.0.1\Libraries\CMSIS\Lib\GCC\libarm_cortexM4lf_math.a(arm_cfft_f32.o)
                0x080077b4                arm_cfft_radix8by2_f32
 .text.arm_cfft_radix8by4_f32
                0x08007958      0x4bc C:\STM32F429I-Discovery_FW_V1.0.1\Libraries\CMSIS\Lib\GCC\libarm_cortexM4lf_math.a(arm_cfft_f32.o)
                0x08007958                arm_cfft_radix8by4_f32
 .text.arm_cfft_f32
                0x08007e14       0xf4 C:\STM32F429I-Discovery_FW_V1.0.1\Libraries\CMSIS\Lib\GCC\libarm_cortexM4lf_math.a(arm_cfft_f32.o)
                0x08007e14                arm_cfft_f32
 .text.arm_fir_decimate_init_f32
                0x08007f08       0x38 C:\STM32F429I-Discovery_FW_V1.0.1\Libraries\CMSIS\Lib\GCC\libarm_cortexM4lf_math.a(arm_fir_decimate_init_f32.o)
                0x08007f08                arm_fir_decimate_init_f32
 .text.arm_fir_decimate_f32
                0x08007f40      0x378 C:\STM32F429I-Discovery_FW_V1.0.1\Libraries\CMSIS\Lib\GCC\libarm_cortexM4lf_math.a(arm_fir_decimate_f32.o)
                0x08007f40                arm_fir_decimate_f32
 .text.arm_cmplx_mult_cmplx_f32
                0x080082b8      0x140 C:\STM32F429I-Discovery_FW_V1.0.1\Libraries\CMSIS\Lib\GCC\libarm_cortexM4lf_math.a(arm_cmplx_mult_cmplx_f32.o)
                0x080082b8                arm_cmplx_mult_cmplx_f32
 .text.arm_radix8_butterfly_f32
                0x080083f8      0x5c4 C:\STM32F429I-Discovery_FW_V1.0.1\Libraries\CMSIS\Lib\GCC\libarm_cortexM4lf_math.a(arm_cfft_radix8_f32.o)
                0x080083f8                arm_radix8_butterfly_f32
 *fill*         0x080089bc        0x4 
 .text.cos      0x080089c0       0xc0 c:/ac6/systemworkbench/plugins/fr.ac6.mcu.externaltools.arm-none.win32_1.17.0.201812190825/tools/compiler/bin/../lib/gcc/arm-none-eabi/7.3.1/../../../../arm-none-eabi/lib/thumb/v7e-m/fpv4-sp/hard\libm.a(lib_a-s_cos.o)
                0x080089c0                cos
 .text.sin      0x08008a80       0xc0 c:/ac6/systemworkbench/plugins/fr.ac6.mcu.externaltools.arm-none.win32_1.17.0.201812190825/tools/compiler/bin/../lib/gcc/arm-none-eabi/7.3.1/../../../../arm-none-eabi/lib/thumb/v7e-m/fpv4-sp/hard\libm.a(lib_a-s_sin.o)
                0x08008a80                sin
 .text.log10    0x08008b40      0x100 c:/ac6/systemworkbench/plugins/fr.ac6.mcu.externaltools.arm-none.win32_1.17.0.201812190825/tools/compiler/bin/../lib/gcc/arm-none-eabi/7.3.1/../../../../arm-none-eabi/lib/thumb/v7e-m/fpv4-sp/hard\libm.a(lib_a-w_log10.o)
                0x08008b40                log10
 .text.pow      0x08008c40      0x338 c:/ac6/systemworkbench/plugins/fr.ac6.mcu.externaltools.arm-none.win32_1.17.0.201812190825/tools/compiler/bin/../lib/gcc/arm-none-eabi/7.3.1/../../../../arm-none-eabi/lib/thumb/v7e-m/fpv4-sp/hard\libm.a(lib_a-w_pow.o)
                0x08008c40                pow
 .text.sqrt     0x08008f78       0xb8 c:/ac6/systemworkbench/plugins/fr.ac6.mcu.externaltools.arm-none.win32_1.17.0.201812190825/tools/compiler/bin/../lib/gcc/arm-none-eabi/7.3.1/../../../../arm-none-eabi/lib/thumb/v7e-m/fpv4-sp/hard\libm.a(lib_a-w_sqrt.o)
                0x08008f78                sqrt
 .text.sqrtf    0x08009030       0xac c:/ac6/systemworkbench/plugins/fr.ac6.mcu.externaltools.arm-none.win32_1.17.0.201812190825/tools/compiler/bin/../lib/gcc/arm-none-eabi/7.3.1/../../../../arm-none-eabi/lib/thumb/v7e-m/fpv4-sp/hard\libm.a(lib_a-wf_sqrt.o)
                0x08009030                sqrtf
 *fill*         0x080090dc        0x4 
 .text.__ieee754_log10
                0x080090e0      0x13c c:/ac6/systemworkbench/plugins/fr.ac6.mcu.externaltools.arm-none.win32_1.17.0.201812190825/tools/compiler/bin/../lib/gcc/arm-none-eabi/7.3.1/../../../../arm-none-eabi/lib/thumb/v7e-m/fpv4-sp/hard\libm.a(lib_a-e_log10.o)
                0x080090e0                __ieee754_log10
 *fill*         0x0800921c        0x4 
 .text.__ieee754_pow
                0x08009220      0xab8 c:/ac6/systemworkbench/plugins/fr.ac6.mcu.externaltools.arm-none.win32_1.17.0.201812190825/tools/compiler/bin/../lib/gcc/arm-none-eabi/7.3.1/../../../../arm-none-eabi/lib/thumb/v7e-m/fpv4-sp/hard\libm.a(lib_a-e_pow.o)
                0x08009220                __ieee754_pow
 .text.__ieee754_rem_pio2
                0x08009cd8      0x454 c:/ac6/systemworkbench/plugins/fr.ac6.mcu.externaltools.arm-none.win32_1.17.0.201812190825/tools/compiler/bin/../lib/gcc/arm-none-eabi/7.3.1/../../../../arm-none-eabi/lib/thumb/v7e-m/fpv4-sp/hard\libm.a(lib_a-e_rem_pio2.o)
                0x08009cd8                __ieee754_rem_pio2
 .text.__ieee754_sqrt
                0x0800a12c      0x194 c:/ac6/systemworkbench/plugins/fr.ac6.mcu.externaltools.arm-none.win32_1.17.0.201812190825/tools/compiler/bin/../lib/gcc/arm-none-eabi/7.3.1/../../../../arm-none-eabi/lib/thumb/v7e-m/fpv4-sp/hard\libm.a(lib_a-e_sqrt.o)
                0x0800a12c                __ieee754_sqrt
 .text.__ieee754_sqrtf
                0x0800a2c0        0x8 c:/ac6/systemworkbench/plugins/fr.ac6.mcu.externaltools.arm-none.win32_1.17.0.201812190825/tools/compiler/bin/../lib/gcc/arm-none-eabi/7.3.1/../../../../arm-none-eabi/lib/thumb/v7e-m/fpv4-sp/hard\libm.a(lib_a-ef_sqrt.o)
                0x0800a2c0                __ieee754_sqrtf
 .text.__kernel_cos
                0x0800a2c8      0x284 c:/ac6/systemworkbench/plugins/fr.ac6.mcu.externaltools.arm-none.win32_1.17.0.201812190825/tools/compiler/bin/../lib/gcc/arm-none-eabi/7.3.1/../../../../arm-none-eabi/lib/thumb/v7e-m/fpv4-sp/hard\libm.a(lib_a-k_cos.o)
                0x0800a2c8                __kernel_cos
 *fill*         0x0800a54c        0x4 
 .text.__kernel_rem_pio2
                0x0800a550      0x818 c:/ac6/systemworkbench/plugins/fr.ac6.mcu.externaltools.arm-none.win32_1.17.0.201812190825/tools/compiler/bin/../lib/gcc/arm-none-eabi/7.3.1/../../../../arm-none-eabi/lib/thumb/v7e-m/fpv4-sp/hard\libm.a(lib_a-k_rem_pio2.o)
                0x0800a550                __kernel_rem_pio2
 .text.__kernel_sin
                0x0800ad68      0x194 c:/ac6/systemworkbench/plugins/fr.ac6.mcu.externaltools.arm-none.win32_1.17.0.201812190825/tools/compiler/bin/../lib/gcc/arm-none-eabi/7.3.1/../../../../arm-none-eabi/lib/thumb/v7e-m/fpv4-sp/hard\libm.a(lib_a-k_sin.o)
                0x0800ad68                __kernel_sin
 .text.fabs     0x0800aefc       0x14 c:/ac6/systemworkbench/plugins/fr.ac6.mcu.externaltools.arm-none.win32_1.17.0.201812190825/tools/compiler/bin/../lib/gcc/arm-none-eabi/7.3.1/../../../../arm-none-eabi/lib/thumb/v7e-m/fpv4-sp/hard\libm.a(lib_a-s_fabs.o)
                0x0800aefc                fabs
 .text.finite   0x0800af10       0x10 c:/ac6/systemworkbench/plugins/fr.ac6.mcu.externaltools.arm-none.win32_1.17.0.201812190825/tools/compiler/bin/../lib/gcc/arm-none-eabi/7.3.1/../../../../arm-none-eabi/lib/thumb/v7e-m/fpv4-sp/hard\libm.a(lib_a-s_finite.o)
                0x0800af10                finite
 .text.floor    0x0800af20      0x110 c:/ac6/systemworkbench/plugins/fr.ac6.mcu.externaltools.arm-none.win32_1.17.0.201812190825/tools/compiler/bin/../lib/gcc/arm-none-eabi/7.3.1/../../../../arm-none-eabi/lib/thumb/v7e-m/fpv4-sp/hard\libm.a(lib_a-s_floor.o)
                0x0800af20                floor
 .text.matherr  0x0800b030        0x4 c:/ac6/systemworkbench/plugins/fr.ac6.mcu.externaltools.arm-none.win32_1.17.0.201812190825/tools/compiler/bin/../lib/gcc/arm-none-eabi/7.3.1/../../../../arm-none-eabi/lib/thumb/v7e-m/fpv4-sp/hard\libm.a(lib_a-s_matherr.o)
                0x0800b030                matherr
 *fill*         0x0800b034        0x4 
 .text.nan      0x0800b038       0x10 c:/ac6/systemworkbench/plugins/fr.ac6.mcu.externaltools.arm-none.win32_1.17.0.201812190825/tools/compiler/bin/../lib/gcc/arm-none-eabi/7.3.1/../../../../arm-none-eabi/lib/thumb/v7e-m/fpv4-sp/hard\libm.a(lib_a-s_nan.o)
                0x0800b038                nan
 .text.rint     0x0800b048      0x110 c:/ac6/systemworkbench/plugins/fr.ac6.mcu.externaltools.arm-none.win32_1.17.0.201812190825/tools/compiler/bin/../lib/gcc/arm-none-eabi/7.3.1/../../../../arm-none-eabi/lib/thumb/v7e-m/fpv4-sp/hard\libm.a(lib_a-s_rint.o)
                0x0800b048                rint
 .text.scalbn   0x0800b158      0x114 c:/ac6/systemworkbench/plugins/fr.ac6.mcu.externaltools.arm-none.win32_1.17.0.201812190825/tools/compiler/bin/../lib/gcc/arm-none-eabi/7.3.1/../../../../arm-none-eabi/lib/thumb/v7e-m/fpv4-sp/hard\libm.a(lib_a-s_scalbn.o)
                0x0800b158                scalbn
 *fill*         0x0800b26c        0x4 
 .text.__ieee754_log
                0x0800b270      0x3b4 c:/ac6/systemworkbench/plugins/fr.ac6.mcu.externaltools.arm-none.win32_1.17.0.201812190825/tools/compiler/bin/../lib/gcc/arm-none-eabi/7.3.1/../../../../arm-none-eabi/lib/thumb/v7e-m/fpv4-sp/hard\libm.a(lib_a-e_log.o)
                0x0800b270                __ieee754_log
 .text.copysign
                0x0800b624       0x1c c:/ac6/systemworkbench/plugins/fr.ac6.mcu.externaltools.arm-none.win32_1.17.0.201812190825/tools/compiler/bin/../lib/gcc/arm-none-eabi/7.3.1/../../../../arm-none-eabi/lib/thumb/v7e-m/fpv4-sp/hard\libm.a(lib_a-s_copysign.o)
                0x0800b624                copysign
 .text.__errno  0x0800b640        0xc c:/ac6/systemworkbench/plugins/fr.ac6.mcu.externaltools.arm-none.win32_1.17.0.201812190825/tools/compiler/bin/../lib/gcc/arm-none-eabi/7.3.1/../../../../arm-none-eabi/lib/thumb/v7e-m/fpv4-sp/hard\libc_nano.a(lib_a-errno.o)
                0x0800b640                __errno
 .text.__libc_init_array
                0x0800b64c       0x48 c:/ac6/systemworkbench/plugins/fr.ac6.mcu.externaltools.arm-none.win32_1.17.0.201812190825/tools/compiler/bin/../lib/gcc/arm-none-eabi/7.3.1/../../../../arm-none-eabi/lib/thumb/v7e-m/fpv4-sp/hard\libc_nano.a(lib_a-init.o)
                0x0800b64c                __libc_init_array
 .text.memset   0x0800b694       0x10 c:/ac6/systemworkbench/plugins/fr.ac6.mcu.externaltools.arm-none.win32_1.17.0.201812190825/tools/compiler/bin/../lib/gcc/arm-none-eabi/7.3.1/../../../../arm-none-eabi/lib/thumb/v7e-m/fpv4-sp/hard\libc_nano.a(lib_a-memset.o)
                0x0800b694                memset
 .text.__cvt    0x0800b6a4       0xc2 c:/ac6/systemworkbench/plugins/fr.ac6.mcu.externaltools.arm-none.win32_1.17.0.201812190825/tools/compiler/bin/../lib/gcc/arm-none-eabi/7.3.1/../../../../arm-none-eabi/lib/thumb/v7e-m/fpv4-sp/hard\libc_nano.a(lib_a-nano-vfprintf_float.o)
                0x0800b6a4                __cvt
 .text.__exponent
                0x0800b766       0x66 c:/ac6/systemworkbench/plugins/fr.ac6.mcu.externaltools.arm-none.win32_1.17.0.201812190825/tools/compiler/bin/../lib/gcc/arm-none-eabi/7.3.1/../../../../arm-none-eabi/lib/thumb/v7e-m/fpv4-sp/hard\libc_nano.a(lib_a-nano-vfprintf_float.o)
                0x0800b766                __exponent
 .text._printf_float
                0x0800b7cc      0x480 c:/ac6/systemworkbench/plugins/fr.ac6.mcu.externaltools.arm-none.win32_1.17.0.201812190825/tools/compiler/bin/../lib/gcc/arm-none-eabi/7.3.1/../../../../arm-none-eabi/lib/thumb/v7e-m/fpv4-sp/hard\libc_nano.a(lib_a-nano-vfprintf_float.o)
                0x0800b7cc                _printf_float
 .text._printf_common
                0x0800bc4c       0xea c:/ac6/systemworkbench/plugins/fr.ac6.mcu.externaltools.arm-none.win32_1.17.0.201812190825/tools/compiler/bin/../lib/gcc/arm-none-eabi/7.3.1/../../../../arm-none-eabi/lib/thumb/v7e-m/fpv4-sp/hard\libc_nano.a(lib_a-nano-vfprintf_i.o)
                0x0800bc4c                _printf_common
 *fill*         0x0800bd36        0x2 
 .text._printf_i
                0x0800bd38      0x224 c:/ac6/systemworkbench/plugins/fr.ac6.mcu.externaltools.arm-none.win32_1.17.0.201812190825/tools/compiler/bin/../lib/gcc/arm-none-eabi/7.3.1/../../../../arm-none-eabi/lib/thumb/v7e-m/fpv4-sp/hard\libc_nano.a(lib_a-nano-vfprintf_i.o)
                0x0800bd38                _printf_i
 .text.sprintf  0x0800bf5c       0x40 c:/ac6/systemworkbench/plugins/fr.ac6.mcu.externaltools.arm-none.win32_1.17.0.201812190825/tools/compiler/bin/../lib/gcc/arm-none-eabi/7.3.1/../../../../arm-none-eabi/lib/thumb/v7e-m/fpv4-sp/hard\libc_nano.a(lib_a-sprintf.o)
                0x0800bf5c                siprintf
                0x0800bf5c                sprintf
 .text.strcpy   0x0800bf9c       0x10 c:/ac6/systemworkbench/plugins/fr.ac6.mcu.externaltools.arm-none.win32_1.17.0.201812190825/tools/compiler/bin/../lib/gcc/arm-none-eabi/7.3.1/../../../../arm-none-eabi/lib/thumb/v7e-m/fpv4-sp/hard\libc_nano.a(lib_a-strcpy.o)
                0x0800bf9c                strcpy
 .text.quorem   0x0800bfac      0x118 c:/ac6/systemworkbench/plugins/fr.ac6.mcu.externaltools.arm-none.win32_1.17.0.201812190825/tools/compiler/bin/../lib/gcc/arm-none-eabi/7.3.1/../../../../arm-none-eabi/lib/thumb/v7e-m/fpv4-sp/hard\libc_nano.a(lib_a-dtoa.o)
 *fill*         0x0800c0c4        0x4 
 .text._dtoa_r  0x0800c0c8      0xb70 c:/ac6/systemworkbench/plugins/fr.ac6.mcu.externaltools.arm-none.win32_1.17.0.201812190825/tools/compiler/bin/../lib/gcc/arm-none-eabi/7.3.1/../../../../arm-none-eabi/lib/thumb/v7e-m/fpv4-sp/hard\libc_nano.a(lib_a-dtoa.o)
                0x0800c0c8                _dtoa_r
 .text._localeconv_r
                0x0800cc38       0x1c c:/ac6/systemworkbench/plugins/fr.ac6.mcu.externaltools.arm-none.win32_1.17.0.201812190825/tools/compiler/bin/../lib/gcc/arm-none-eabi/7.3.1/../../../../arm-none-eabi/lib/thumb/v7e-m/fpv4-sp/hard\libc_nano.a(lib_a-localeconv.o)
                0x0800cc38                _localeconv_r
 .text.malloc   0x0800cc54       0x10 c:/ac6/systemworkbench/plugins/fr.ac6.mcu.externaltools.arm-none.win32_1.17.0.201812190825/tools/compiler/bin/../lib/gcc/arm-none-eabi/7.3.1/../../../../arm-none-eabi/lib/thumb/v7e-m/fpv4-sp/hard\libc_nano.a(lib_a-malloc.o)
                0x0800cc54                malloc
 .text.memcpy   0x0800cc64       0x16 c:/ac6/systemworkbench/plugins/fr.ac6.mcu.externaltools.arm-none.win32_1.17.0.201812190825/tools/compiler/bin/../lib/gcc/arm-none-eabi/7.3.1/../../../../arm-none-eabi/lib/thumb/v7e-m/fpv4-sp/hard\libc_nano.a(lib_a-memcpy-stub.o)
                0x0800cc64                memcpy
 .text._Balloc  0x0800cc7a       0x68 c:/ac6/systemworkbench/plugins/fr.ac6.mcu.externaltools.arm-none.win32_1.17.0.201812190825/tools/compiler/bin/../lib/gcc/arm-none-eabi/7.3.1/../../../../arm-none-eabi/lib/thumb/v7e-m/fpv4-sp/hard\libc_nano.a(lib_a-mprec.o)
                0x0800cc7a                _Balloc
 .text._Bfree   0x0800cce2       0x2e c:/ac6/systemworkbench/plugins/fr.ac6.mcu.externaltools.arm-none.win32_1.17.0.201812190825/tools/compiler/bin/../lib/gcc/arm-none-eabi/7.3.1/../../../../arm-none-eabi/lib/thumb/v7e-m/fpv4-sp/hard\libc_nano.a(lib_a-mprec.o)
                0x0800cce2                _Bfree
 .text.__multadd
                0x0800cd10       0x76 c:/ac6/systemworkbench/plugins/fr.ac6.mcu.externaltools.arm-none.win32_1.17.0.201812190825/tools/compiler/bin/../lib/gcc/arm-none-eabi/7.3.1/../../../../arm-none-eabi/lib/thumb/v7e-m/fpv4-sp/hard\libc_nano.a(lib_a-mprec.o)
                0x0800cd10                __multadd
 .text.__hi0bits
                0x0800cd86       0x3e c:/ac6/systemworkbench/plugins/fr.ac6.mcu.externaltools.arm-none.win32_1.17.0.201812190825/tools/compiler/bin/../lib/gcc/arm-none-eabi/7.3.1/../../../../arm-none-eabi/lib/thumb/v7e-m/fpv4-sp/hard\libc_nano.a(lib_a-mprec.o)
                0x0800cd86                __hi0bits
 .text.__lo0bits
                0x0800cdc4       0x5e c:/ac6/systemworkbench/plugins/fr.ac6.mcu.externaltools.arm-none.win32_1.17.0.201812190825/tools/compiler/bin/../lib/gcc/arm-none-eabi/7.3.1/../../../../arm-none-eabi/lib/thumb/v7e-m/fpv4-sp/hard\libc_nano.a(lib_a-mprec.o)
                0x0800cdc4                __lo0bits
 .text.__i2b    0x0800ce22       0x12 c:/ac6/systemworkbench/plugins/fr.ac6.mcu.externaltools.arm-none.win32_1.17.0.201812190825/tools/compiler/bin/../lib/gcc/arm-none-eabi/7.3.1/../../../../arm-none-eabi/lib/thumb/v7e-m/fpv4-sp/hard\libc_nano.a(lib_a-mprec.o)
                0x0800ce22                __i2b
 .text.__multiply
                0x0800ce34      0x12c c:/ac6/systemworkbench/plugins/fr.ac6.mcu.externaltools.arm-none.win32_1.17.0.201812190825/tools/compiler/bin/../lib/gcc/arm-none-eabi/7.3.1/../../../../arm-none-eabi/lib/thumb/v7e-m/fpv4-sp/hard\libc_nano.a(lib_a-mprec.o)
                0x0800ce34                __multiply
 .text.__pow5mult
                0x0800cf60       0x9c c:/ac6/systemworkbench/plugins/fr.ac6.mcu.externaltools.arm-none.win32_1.17.0.201812190825/tools/compiler/bin/../lib/gcc/arm-none-eabi/7.3.1/../../../../arm-none-eabi/lib/thumb/v7e-m/fpv4-sp/hard\libc_nano.a(lib_a-mprec.o)
                0x0800cf60                __pow5mult
 .text.__lshift
                0x0800cffc       0xa8 c:/ac6/systemworkbench/plugins/fr.ac6.mcu.externaltools.arm-none.win32_1.17.0.201812190825/tools/compiler/bin/../lib/gcc/arm-none-eabi/7.3.1/../../../../arm-none-eabi/lib/thumb/v7e-m/fpv4-sp/hard\libc_nano.a(lib_a-mprec.o)
                0x0800cffc                __lshift
 .text.__mcmp   0x0800d0a4       0x34 c:/ac6/systemworkbench/plugins/fr.ac6.mcu.externaltools.arm-none.win32_1.17.0.201812190825/tools/compiler/bin/../lib/gcc/arm-none-eabi/7.3.1/../../../../arm-none-eabi/lib/thumb/v7e-m/fpv4-sp/hard\libc_nano.a(lib_a-mprec.o)
                0x0800d0a4                __mcmp
 .text.__mdiff  0x0800d0d8       0xba c:/ac6/systemworkbench/plugins/fr.ac6.mcu.externaltools.arm-none.win32_1.17.0.201812190825/tools/compiler/bin/../lib/gcc/arm-none-eabi/7.3.1/../../../../arm-none-eabi/lib/thumb/v7e-m/fpv4-sp/hard\libc_nano.a(lib_a-mprec.o)
                0x0800d0d8                __mdiff
 .text.__d2b    0x0800d192       0x9e c:/ac6/systemworkbench/plugins/fr.ac6.mcu.externaltools.arm-none.win32_1.17.0.201812190825/tools/compiler/bin/../lib/gcc/arm-none-eabi/7.3.1/../../../../arm-none-eabi/lib/thumb/v7e-m/fpv4-sp/hard\libc_nano.a(lib_a-mprec.o)
                0x0800d192                __d2b
 .text._calloc_r
                0x0800d230       0x1c c:/ac6/systemworkbench/plugins/fr.ac6.mcu.externaltools.arm-none.win32_1.17.0.201812190825/tools/compiler/bin/../lib/gcc/arm-none-eabi/7.3.1/../../../../arm-none-eabi/lib/thumb/v7e-m/fpv4-sp/hard\libc_nano.a(lib_a-nano-callocr.o)
                0x0800d230                _calloc_r
 .text._free_r  0x0800d24c       0x9c c:/ac6/systemworkbench/plugins/fr.ac6.mcu.externaltools.arm-none.win32_1.17.0.201812190825/tools/compiler/bin/../lib/gcc/arm-none-eabi/7.3.1/../../../../arm-none-eabi/lib/thumb/v7e-m/fpv4-sp/hard\libc_nano.a(lib_a-nano-freer.o)
                0x0800d24c                _free_r
 .text._malloc_r
                0x0800d2e8       0xb4 c:/ac6/systemworkbench/plugins/fr.ac6.mcu.externaltools.arm-none.win32_1.17.0.201812190825/tools/compiler/bin/../lib/gcc/arm-none-eabi/7.3.1/../../../../arm-none-eabi/lib/thumb/v7e-m/fpv4-sp/hard\libc_nano.a(lib_a-nano-mallocr.o)
                0x0800d2e8                _malloc_r
 .text.__ssputs_r
                0x0800d39c       0xb4 c:/ac6/systemworkbench/plugins/fr.ac6.mcu.externaltools.arm-none.win32_1.17.0.201812190825/tools/compiler/bin/../lib/gcc/arm-none-eabi/7.3.1/../../../../arm-none-eabi/lib/thumb/v7e-m/fpv4-sp/hard\libc_nano.a(lib_a-nano-svfprintf.o)
                0x0800d39c                __ssputs_r
 .text._svfprintf_r
                0x0800d450      0x1f0 c:/ac6/systemworkbench/plugins/fr.ac6.mcu.externaltools.arm-none.win32_1.17.0.201812190825/tools/compiler/bin/../lib/gcc/arm-none-eabi/7.3.1/../../../../arm-none-eabi/lib/thumb/v7e-m/fpv4-sp/hard\libc_nano.a(lib_a-nano-svfprintf.o)
                0x0800d450                _svfiprintf_r
                0x0800d450                _svfprintf_r
 .text._sbrk_r  0x0800d640       0x20 c:/ac6/systemworkbench/plugins/fr.ac6.mcu.externaltools.arm-none.win32_1.17.0.201812190825/tools/compiler/bin/../lib/gcc/arm-none-eabi/7.3.1/../../../../arm-none-eabi/lib/thumb/v7e-m/fpv4-sp/hard\libc_nano.a(lib_a-sbrkr.o)
                0x0800d640                _sbrk_r
 .text.__ascii_mbtowc
                0x0800d660       0x24 c:/ac6/systemworkbench/plugins/fr.ac6.mcu.externaltools.arm-none.win32_1.17.0.201812190825/tools/compiler/bin/../lib/gcc/arm-none-eabi/7.3.1/../../../../arm-none-eabi/lib/thumb/v7e-m/fpv4-sp/hard\libc_nano.a(lib_a-mbtowc_r.o)
                0x0800d660                __ascii_mbtowc
 .text.memmove  0x0800d684       0x32 c:/ac6/systemworkbench/plugins/fr.ac6.mcu.externaltools.arm-none.win32_1.17.0.201812190825/tools/compiler/bin/../lib/gcc/arm-none-eabi/7.3.1/../../../../arm-none-eabi/lib/thumb/v7e-m/fpv4-sp/hard\libc_nano.a(lib_a-memmove.o)
                0x0800d684                memmove
 .text.__malloc_lock
                0x0800d6b6        0x2 c:/ac6/systemworkbench/plugins/fr.ac6.mcu.externaltools.arm-none.win32_1.17.0.201812190825/tools/compiler/bin/../lib/gcc/arm-none-eabi/7.3.1/../../../../arm-none-eabi/lib/thumb/v7e-m/fpv4-sp/hard\libc_nano.a(lib_a-mlock.o)
                0x0800d6b6                __malloc_lock
 .text.__malloc_unlock
                0x0800d6b8        0x2 c:/ac6/systemworkbench/plugins/fr.ac6.mcu.externaltools.arm-none.win32_1.17.0.201812190825/tools/compiler/bin/../lib/gcc/arm-none-eabi/7.3.1/../../../../arm-none-eabi/lib/thumb/v7e-m/fpv4-sp/hard\libc_nano.a(lib_a-mlock.o)
                0x0800d6b8                __malloc_unlock
 .text._realloc_r
                0x0800d6ba       0x4c c:/ac6/systemworkbench/plugins/fr.ac6.mcu.externaltools.arm-none.win32_1.17.0.201812190825/tools/compiler/bin/../lib/gcc/arm-none-eabi/7.3.1/../../../../arm-none-eabi/lib/thumb/v7e-m/fpv4-sp/hard\libc_nano.a(lib_a-nano-reallocr.o)
                0x0800d6ba                _realloc_r
 .text.__ascii_wctomb
                0x0800d706       0x1a c:/ac6/systemworkbench/plugins/fr.ac6.mcu.externaltools.arm-none.win32_1.17.0.201812190825/tools/compiler/bin/../lib/gcc/arm-none-eabi/7.3.1/../../../../arm-none-eabi/lib/thumb/v7e-m/fpv4-sp/hard\libc_nano.a(lib_a-wctomb_r.o)
                0x0800d706                __ascii_wctomb
 .text._malloc_usable_size_r
                0x0800d720       0x10 c:/ac6/systemworkbench/plugins/fr.ac6.mcu.externaltools.arm-none.win32_1.17.0.201812190825/tools/compiler/bin/../lib/gcc/arm-none-eabi/7.3.1/../../../../arm-none-eabi/lib/thumb/v7e-m/fpv4-sp/hard\libc_nano.a(lib_a-nano-msizer.o)
                0x0800d720                _malloc_usable_size_r
 *(.glue_7)
 .glue_7        0x0800d730        0x0 linker stubs
 *(.glue_7t)
 .glue_7t       0x0800d730        0x0 linker stubs
 *(.eh_frame)
 .eh_frame      0x0800d730        0x0 c:/ac6/systemworkbench/plugins/fr.ac6.mcu.externaltools.arm-none.win32_1.17.0.201812190825/tools/compiler/bin/../lib/gcc/arm-none-eabi/7.3.1/thumb/v7e-m/fpv4-sp/hard/crtbegin.o
 *(.init)
 .init          0x0800d730        0x4 c:/ac6/systemworkbench/plugins/fr.ac6.mcu.externaltools.arm-none.win32_1.17.0.201812190825/tools/compiler/bin/../lib/gcc/arm-none-eabi/7.3.1/thumb/v7e-m/fpv4-sp/hard/crti.o
                0x0800d730                _init
 .init          0x0800d734        0x8 c:/ac6/systemworkbench/plugins/fr.ac6.mcu.externaltools.arm-none.win32_1.17.0.201812190825/tools/compiler/bin/../lib/gcc/arm-none-eabi/7.3.1/thumb/v7e-m/fpv4-sp/hard/crtn.o
 *(.fini)
 .fini          0x0800d73c        0x4 c:/ac6/systemworkbench/plugins/fr.ac6.mcu.externaltools.arm-none.win32_1.17.0.201812190825/tools/compiler/bin/../lib/gcc/arm-none-eabi/7.3.1/thumb/v7e-m/fpv4-sp/hard/crti.o
                0x0800d73c                _fini
 .fini          0x0800d740        0x8 c:/ac6/systemworkbench/plugins/fr.ac6.mcu.externaltools.arm-none.win32_1.17.0.201812190825/tools/compiler/bin/../lib/gcc/arm-none-eabi/7.3.1/thumb/v7e-m/fpv4-sp/hard/crtn.o
                0x0800d748                . = ALIGN (0x4)
                0x0800d748                _etext = .

.vfp11_veneer   0x0800d748        0x0
 .vfp11_veneer  0x0800d748        0x0 linker stubs

.v4_bx          0x0800d748        0x0
 .v4_bx         0x0800d748        0x0 linker stubs

.iplt           0x0800d748        0x0
 .iplt          0x0800d748        0x0 c:/ac6/systemworkbench/plugins/fr.ac6.mcu.externaltools.arm-none.win32_1.17.0.201812190825/tools/compiler/bin/../lib/gcc/arm-none-eabi/7.3.1/thumb/v7e-m/fpv4-sp/hard/crtbegin.o

.rodata         0x0800d748    0x11d30
                0x0800d748                . = ALIGN (0x4)
 *(.rodata)
 .rodata        0x0800d748     0xc058 src/SDR_func.o
                0x0800d7a0                FFTmaskAM_I
                0x0800f7a0                FFTmaskAM_R
                0x080117a0                FFTmaskSSB_I
                0x080137a0                FFTmaskSSB_R
                0x080157a0                FFTmaskCW_I
                0x080177a0                FFTmaskCW_R
 .rodata        0x080197a0     0x29d0 src/stm32f429i_discovery_lcd.o
                0x080197a0                ASCII8x8_Table
                0x08019da0                ASCII8x12_Table
                0x0801a6a0                ASCII12x12_Table
                0x0801afa0                ASCII16x24_Table
 *(.rodata*)
 .rodata.str1.4
                0x0801c170       0x82 src/main.o
 *fill*         0x0801c1f2        0x2 
 .rodata.arm_cfft_sR_f32_len1024
                0x0801c1f4       0x10 C:\STM32F429I-Discovery_FW_V1.0.1\Libraries\CMSIS\Lib\GCC\libarm_cortexM4lf_math.a(arm_const_structs.o)
                0x0801c1f4                arm_cfft_sR_f32_len1024
 .rodata.twiddleCoef_1024
                0x0801c204     0x2000 C:\STM32F429I-Discovery_FW_V1.0.1\Libraries\CMSIS\Lib\GCC\libarm_cortexM4lf_math.a(arm_common_tables.o)
                0x0801c204                twiddleCoef_1024
 .rodata.armBitRevIndexTable1024
                0x0801e204      0xe10 C:\STM32F429I-Discovery_FW_V1.0.1\Libraries\CMSIS\Lib\GCC\libarm_cortexM4lf_math.a(arm_common_tables.o)
                0x0801e204                armBitRevIndexTable1024
 .rodata.log10.str1.4
                0x0801f014        0x6 c:/ac6/systemworkbench/plugins/fr.ac6.mcu.externaltools.arm-none.win32_1.17.0.201812190825/tools/compiler/bin/../lib/gcc/arm-none-eabi/7.3.1/../../../../arm-none-eabi/lib/thumb/v7e-m/fpv4-sp/hard\libm.a(lib_a-w_log10.o)
                                  0x9 (size before relaxing)
 *fill*         0x0801f01a        0x2 
 .rodata.pow.str1.4
                0x0801f01c        0x4 c:/ac6/systemworkbench/plugins/fr.ac6.mcu.externaltools.arm-none.win32_1.17.0.201812190825/tools/compiler/bin/../lib/gcc/arm-none-eabi/7.3.1/../../../../arm-none-eabi/lib/thumb/v7e-m/fpv4-sp/hard\libm.a(lib_a-w_pow.o)
 .rodata.sqrt.str1.4
                0x0801f020        0x5 c:/ac6/systemworkbench/plugins/fr.ac6.mcu.externaltools.arm-none.win32_1.17.0.201812190825/tools/compiler/bin/../lib/gcc/arm-none-eabi/7.3.1/../../../../arm-none-eabi/lib/thumb/v7e-m/fpv4-sp/hard\libm.a(lib_a-w_sqrt.o)
 *fill*         0x0801f025        0x3 
 .rodata.sqrtf.str1.4
                0x0801f028        0x8 c:/ac6/systemworkbench/plugins/fr.ac6.mcu.externaltools.arm-none.win32_1.17.0.201812190825/tools/compiler/bin/../lib/gcc/arm-none-eabi/7.3.1/../../../../arm-none-eabi/lib/thumb/v7e-m/fpv4-sp/hard\libm.a(lib_a-wf_sqrt.o)
                                  0x6 (size before relaxing)
 .rodata.__ieee754_pow.str1.4
                0x0801f030        0x1 c:/ac6/systemworkbench/plugins/fr.ac6.mcu.externaltools.arm-none.win32_1.17.0.201812190825/tools/compiler/bin/../lib/gcc/arm-none-eabi/7.3.1/../../../../arm-none-eabi/lib/thumb/v7e-m/fpv4-sp/hard\libm.a(lib_a-e_pow.o)
 .rodata.npio2_hw
                0x0801f030       0x80 c:/ac6/systemworkbench/plugins/fr.ac6.mcu.externaltools.arm-none.win32_1.17.0.201812190825/tools/compiler/bin/../lib/gcc/arm-none-eabi/7.3.1/../../../../arm-none-eabi/lib/thumb/v7e-m/fpv4-sp/hard\libm.a(lib_a-e_rem_pio2.o)
 .rodata.two_over_pi
                0x0801f0b0      0x108 c:/ac6/systemworkbench/plugins/fr.ac6.mcu.externaltools.arm-none.win32_1.17.0.201812190825/tools/compiler/bin/../lib/gcc/arm-none-eabi/7.3.1/../../../../arm-none-eabi/lib/thumb/v7e-m/fpv4-sp/hard\libm.a(lib_a-e_rem_pio2.o)
 .rodata.PIo2   0x0801f1b8       0x40 c:/ac6/systemworkbench/plugins/fr.ac6.mcu.externaltools.arm-none.win32_1.17.0.201812190825/tools/compiler/bin/../lib/gcc/arm-none-eabi/7.3.1/../../../../arm-none-eabi/lib/thumb/v7e-m/fpv4-sp/hard\libm.a(lib_a-k_rem_pio2.o)
 .rodata.init_jk
                0x0801f1f8       0x10 c:/ac6/systemworkbench/plugins/fr.ac6.mcu.externaltools.arm-none.win32_1.17.0.201812190825/tools/compiler/bin/../lib/gcc/arm-none-eabi/7.3.1/../../../../arm-none-eabi/lib/thumb/v7e-m/fpv4-sp/hard\libm.a(lib_a-k_rem_pio2.o)
 .rodata.TWO52  0x0801f208       0x10 c:/ac6/systemworkbench/plugins/fr.ac6.mcu.externaltools.arm-none.win32_1.17.0.201812190825/tools/compiler/bin/../lib/gcc/arm-none-eabi/7.3.1/../../../../arm-none-eabi/lib/thumb/v7e-m/fpv4-sp/hard\libm.a(lib_a-s_rint.o)
 .rodata._printf_float.str1.1
                0x0801f218       0x12 c:/ac6/systemworkbench/plugins/fr.ac6.mcu.externaltools.arm-none.win32_1.17.0.201812190825/tools/compiler/bin/../lib/gcc/arm-none-eabi/7.3.1/../../../../arm-none-eabi/lib/thumb/v7e-m/fpv4-sp/hard\libc_nano.a(lib_a-nano-vfprintf_float.o)
 .rodata._printf_i.str1.1
                0x0801f22a       0x22 c:/ac6/systemworkbench/plugins/fr.ac6.mcu.externaltools.arm-none.win32_1.17.0.201812190825/tools/compiler/bin/../lib/gcc/arm-none-eabi/7.3.1/../../../../arm-none-eabi/lib/thumb/v7e-m/fpv4-sp/hard\libc_nano.a(lib_a-nano-vfprintf_i.o)
 .rodata._dtoa_r.str1.1
                0x0801f24c        0xd c:/ac6/systemworkbench/plugins/fr.ac6.mcu.externaltools.arm-none.win32_1.17.0.201812190825/tools/compiler/bin/../lib/gcc/arm-none-eabi/7.3.1/../../../../arm-none-eabi/lib/thumb/v7e-m/fpv4-sp/hard\libc_nano.a(lib_a-dtoa.o)
                                  0xf (size before relaxing)
 *fill*         0x0801f259        0x7 
 .rodata.__mprec_bigtens
                0x0801f260       0x28 c:/ac6/systemworkbench/plugins/fr.ac6.mcu.externaltools.arm-none.win32_1.17.0.201812190825/tools/compiler/bin/../lib/gcc/arm-none-eabi/7.3.1/../../../../arm-none-eabi/lib/thumb/v7e-m/fpv4-sp/hard\libc_nano.a(lib_a-mprec.o)
                0x0801f260                __mprec_bigtens
 .rodata.__mprec_tens
                0x0801f288       0xc8 c:/ac6/systemworkbench/plugins/fr.ac6.mcu.externaltools.arm-none.win32_1.17.0.201812190825/tools/compiler/bin/../lib/gcc/arm-none-eabi/7.3.1/../../../../arm-none-eabi/lib/thumb/v7e-m/fpv4-sp/hard\libc_nano.a(lib_a-mprec.o)
                0x0801f288                __mprec_tens
 .rodata.p05.7359
                0x0801f350        0xc c:/ac6/systemworkbench/plugins/fr.ac6.mcu.externaltools.arm-none.win32_1.17.0.201812190825/tools/compiler/bin/../lib/gcc/arm-none-eabi/7.3.1/../../../../arm-none-eabi/lib/thumb/v7e-m/fpv4-sp/hard\libc_nano.a(lib_a-mprec.o)
 .rodata._svfprintf_r.str1.1
                0x0801f35c       0x11 c:/ac6/systemworkbench/plugins/fr.ac6.mcu.externaltools.arm-none.win32_1.17.0.201812190825/tools/compiler/bin/../lib/gcc/arm-none-eabi/7.3.1/../../../../arm-none-eabi/lib/thumb/v7e-m/fpv4-sp/hard\libc_nano.a(lib_a-nano-svfprintf.o)
 .rodata._setlocale_r.str1.1
                0x0801f36d        0x8 c:/ac6/systemworkbench/plugins/fr.ac6.mcu.externaltools.arm-none.win32_1.17.0.201812190825/tools/compiler/bin/../lib/gcc/arm-none-eabi/7.3.1/../../../../arm-none-eabi/lib/thumb/v7e-m/fpv4-sp/hard\libc_nano.a(lib_a-locale.o)
                                  0x9 (size before relaxing)
 .rodata.str1.1
                0x0801f375        0x2 c:/ac6/systemworkbench/plugins/fr.ac6.mcu.externaltools.arm-none.win32_1.17.0.201812190825/tools/compiler/bin/../lib/gcc/arm-none-eabi/7.3.1/../../../../arm-none-eabi/lib/thumb/v7e-m/fpv4-sp/hard\libc_nano.a(lib_a-locale.o)
 .rodata._ctype_
                0x0801f377      0x101 c:/ac6/systemworkbench/plugins/fr.ac6.mcu.externaltools.arm-none.win32_1.17.0.201812190825/tools/compiler/bin/../lib/gcc/arm-none-eabi/7.3.1/../../../../arm-none-eabi/lib/thumb/v7e-m/fpv4-sp/hard\libc_nano.a(lib_a-ctype_.o)
                0x0801f377                _ctype_
                0x0801f478                . = ALIGN (0x4)

.rel.dyn        0x0801f478        0x0
 .rel.iplt      0x0801f478        0x0 c:/ac6/systemworkbench/plugins/fr.ac6.mcu.externaltools.arm-none.win32_1.17.0.201812190825/tools/compiler/bin/../lib/gcc/arm-none-eabi/7.3.1/thumb/v7e-m/fpv4-sp/hard/crtbegin.o

.ARM.extab      0x0801f478        0x0
                0x0801f478                . = ALIGN (0x4)
 *(.ARM.extab* .gnu.linkonce.armextab.*)
                0x0801f478                . = ALIGN (0x4)

.ARM            0x0801f478        0x0
                0x0801f478                . = ALIGN (0x4)
                0x0801f478                __exidx_start = .
 *(.ARM.exidx*)
                0x0801f478                __exidx_end = .
                0x0801f478                . = ALIGN (0x4)

.preinit_array  0x0801f478        0x0
                0x0801f478                . = ALIGN (0x4)
                0x0801f478                PROVIDE (__preinit_array_start = .)
 *(.preinit_array*)
                0x0801f478                PROVIDE (__preinit_array_end = .)
                0x0801f478                . = ALIGN (0x4)

.init_array     0x0801f478        0x4
                0x0801f478                . = ALIGN (0x4)
                0x0801f478                PROVIDE (__init_array_start = .)
 *(SORT_BY_NAME(.init_array.*))
 *(.init_array*)
 .init_array    0x0801f478        0x4 c:/ac6/systemworkbench/plugins/fr.ac6.mcu.externaltools.arm-none.win32_1.17.0.201812190825/tools/compiler/bin/../lib/gcc/arm-none-eabi/7.3.1/thumb/v7e-m/fpv4-sp/hard/crtbegin.o
                0x0801f47c                PROVIDE (__init_array_end = .)
                0x0801f47c                . = ALIGN (0x4)

.fini_array     0x0801f47c        0x4
                0x0801f47c                . = ALIGN (0x4)
                [!provide]                PROVIDE (__fini_array_start = .)
 *(SORT_BY_NAME(.fini_array.*))
 *(.fini_array*)
 .fini_array    0x0801f47c        0x4 c:/ac6/systemworkbench/plugins/fr.ac6.mcu.externaltools.arm-none.win32_1.17.0.201812190825/tools/compiler/bin/../lib/gcc/arm-none-eabi/7.3.1/thumb/v7e-m/fpv4-sp/hard/crtbegin.o
                [!provide]                PROVIDE (__fini_array_end = .)
                0x0801f480                . = ALIGN (0x4)
                0x0801f480                _sidata = LOADADDR (.data)

.data           0x20000000      0x41c load address 0x0801f480
                0x20000000                . = ALIGN (0x4)
                0x20000000                _sdata = .
 *(.data)
 .data          0x20000000       0xe1 src/SDR_func.o
 *fill*         0x200000e1        0x3 
 .data          0x200000e4       0x14 src/SDR_math.o
 .data          0x200000f8      0x100 src/main.o
                0x200000f8                FIRcoefs
 .data          0x200001f8        0x4 src/stm32f429i_discovery_ioe.o
                0x200001f8                IOE_TimeOut
 .data          0x200001fc       0x28 src/stm32f429i_discovery_lcd.o
                0x200001fc                Font16x24
                0x2000020c                Font8x8
                0x20000214                Font8x12
                0x2000021c                Font12x12
 .data          0x20000224       0x10 src/stm32f4xx_rcc.o
 .data          0x20000234       0x14 src/system_stm32f4xx.o
                0x20000234                AHBPrescTable
                0x20000244                SystemCoreClock
 *(.data*)
 .data.__fdlib_version
                0x20000248        0x1 c:/ac6/systemworkbench/plugins/fr.ac6.mcu.externaltools.arm-none.win32_1.17.0.201812190825/tools/compiler/bin/../lib/gcc/arm-none-eabi/7.3.1/../../../../arm-none-eabi/lib/thumb/v7e-m/fpv4-sp/hard\libm.a(lib_a-s_lib_ver.o)
                0x20000248                __fdlib_version
 *fill*         0x20000249        0x3 
 .data._impure_ptr
                0x2000024c        0x4 c:/ac6/systemworkbench/plugins/fr.ac6.mcu.externaltools.arm-none.win32_1.17.0.201812190825/tools/compiler/bin/../lib/gcc/arm-none-eabi/7.3.1/../../../../arm-none-eabi/lib/thumb/v7e-m/fpv4-sp/hard\libc_nano.a(lib_a-impure.o)
                0x2000024c                _impure_ptr
 .data.impure_data
                0x20000250       0x60 c:/ac6/systemworkbench/plugins/fr.ac6.mcu.externaltools.arm-none.win32_1.17.0.201812190825/tools/compiler/bin/../lib/gcc/arm-none-eabi/7.3.1/../../../../arm-none-eabi/lib/thumb/v7e-m/fpv4-sp/hard\libc_nano.a(lib_a-impure.o)
 .data.__global_locale
                0x200002b0      0x16c c:/ac6/systemworkbench/plugins/fr.ac6.mcu.externaltools.arm-none.win32_1.17.0.201812190825/tools/compiler/bin/../lib/gcc/arm-none-eabi/7.3.1/../../../../arm-none-eabi/lib/thumb/v7e-m/fpv4-sp/hard\libc_nano.a(lib_a-locale.o)
                0x200002b0                __global_locale
                0x2000041c                . = ALIGN (0x4)
                0x2000041c                _edata = .

.igot.plt       0x2000041c        0x0 load address 0x0801f89c
 .igot.plt      0x2000041c        0x0 c:/ac6/systemworkbench/plugins/fr.ac6.mcu.externaltools.arm-none.win32_1.17.0.201812190825/tools/compiler/bin/../lib/gcc/arm-none-eabi/7.3.1/thumb/v7e-m/fpv4-sp/hard/crtbegin.o
                0x2000041c                . = ALIGN (0x4)

.bss            0x2000041c     0xbd3c load address 0x0801f89c
                0x2000041c                _sbss = .
                0x2000041c                __bss_start__ = _sbss
 *(.bss)
 .bss           0x2000041c       0x1c c:/ac6/systemworkbench/plugins/fr.ac6.mcu.externaltools.arm-none.win32_1.17.0.201812190825/tools/compiler/bin/../lib/gcc/arm-none-eabi/7.3.1/thumb/v7e-m/fpv4-sp/hard/crtbegin.o
 .bss           0x20000438       0x6e src/SDR_func.o
 *fill*         0x200004a6        0x2 
 .bss           0x200004a8       0x34 src/SDR_math.o
 .bss           0x200004dc        0x4 src/main.o
 .bss           0x200004e0        0x8 src/stm32f429i_discovery_ioe.o
 .bss           0x200004e8        0xa src/stm32f429i_discovery_lcd.o
 *fill*         0x200004f2        0x2 
 .bss           0x200004f4        0x4 startup/sysmem.o
 *(.bss*)
 .bss.__malloc_free_list
                0x200004f8        0x4 c:/ac6/systemworkbench/plugins/fr.ac6.mcu.externaltools.arm-none.win32_1.17.0.201812190825/tools/compiler/bin/../lib/gcc/arm-none-eabi/7.3.1/../../../../arm-none-eabi/lib/thumb/v7e-m/fpv4-sp/hard\libc_nano.a(lib_a-nano-mallocr.o)
                0x200004f8                __malloc_free_list
 .bss.__malloc_sbrk_start
                0x200004fc        0x4 c:/ac6/systemworkbench/plugins/fr.ac6.mcu.externaltools.arm-none.win32_1.17.0.201812190825/tools/compiler/bin/../lib/gcc/arm-none-eabi/7.3.1/../../../../arm-none-eabi/lib/thumb/v7e-m/fpv4-sp/hard\libc_nano.a(lib_a-nano-mallocr.o)
                0x200004fc                __malloc_sbrk_start
 *(COMMON)
 COMMON         0x20000500     0xbc4c src/main.o
                0x20000500                SfirR
                0x2000050c                ADC_Data1
                0x2000090c                audiotmp
                0x20000910                fCbase
                0x20002910                Decay
                0x20002920                tmpSamp
                0x20003950                uhADCDualConvertedValue
                0x20003954                LO_R
                0x20004154                volume
                0x20004158                a1
                0x2000415c                msg
                0x2000417c                uwTick
                0x20004180                SamplingRate
                0x20004184                LO_I
                0x20004984                FIRstate1R
                0x20006a80                Muted
                0x20006a84                agc
                0x20006a88                mean
                0x20006a8c                ADC_Rdata
                0x2000728c                Hcount
                0x20007294                AudioRate
                0x20007298                currentmode
                0x2000729c                AudioOut0
                0x2000769c                USBindex
                0x200076a0                ADC_Idata
                0x20007ea0                PeakAudioValue
                0x20007ea4                SfirI
                0x20007eb0                psets
                0x20008000                AudioOut1
                0x20008400                a2
                0x20008404                Qfactor
                0x20008408                CWindex
                0x2000840c                bw
                0x20008410                IQdata
                0x20009410                AgcThreshold
                0x20009414                cwpitch
                0x20009418                Hangcount
                0x2000941c                LOfreq
                0x20009420                os_time
                0x20009424                FIRstate1I
                0x2000b520                meanavg
                0x2000b524                arc
                0x2000b528                b0
                0x2000b52c                NVIC_InitStructure
                0x2000b530                EXTI_InitStructure
                0x2000b538                AGC_decay
                0x2000b540                Fstep
                0x2000b544                TestSampledValue
                0x2000b548                fAudio
                0x2000bd48                ADC_Data0
                0x2000c148                LSBindex
                0x2000c14a                AMindex
 COMMON         0x2000c14c        0x8 src/stm32f429i_discovery_ioe.o
                0x2000c14c                TP_State
 COMMON         0x2000c154        0x4 c:/ac6/systemworkbench/plugins/fr.ac6.mcu.externaltools.arm-none.win32_1.17.0.201812190825/tools/compiler/bin/../lib/gcc/arm-none-eabi/7.3.1/../../../../arm-none-eabi/lib/thumb/v7e-m/fpv4-sp/hard\libc_nano.a(lib_a-reent.o)
                0x2000c154                errno
                0x2000c158                . = ALIGN (0x4)
                0x2000c158                _ebss = .
                0x2000c158                __bss_end__ = _ebss

._user_heap_stack
                0x2000c158      0x400 load address 0x0801f89c
                0x2000c158                . = ALIGN (0x8)
                0x2000c158                PROVIDE (end = .)
                [!provide]                PROVIDE (_end = .)
                0x2000c158                . = (. + _Min_Heap_Size)
                0x2000c558                . = (. + _Min_Stack_Size)
 *fill*         0x2000c158      0x400 
                0x2000c558                . = ALIGN (0x8)

.ccm            0x10000000     0xf000
                0x10000000                . = ALIGN (0x4)
                0x10000000                _sccm = .
 *(.ccm)
 .ccm           0x10000000     0xf000 src/main.o
                0x10000000                FFTbuf2
                0x10002000                FFTbuf
                0x10004000                FFTmask
                0x10006000                Idata
                0x10006800                Rdata
                0x10007000                Ibase
                0x10009000                Rbase
                0x1000b000                Ibasedata
                0x1000d000                Rbasedata
                0x1000f000                . = ALIGN (0x4)
                0x1000f000                _eccm = .

/DISCARD/
 libc.a(*)
 libm.a(*)
 libgcc.a(*)

.ARM.attributes
                0x00000000       0x30
 *(.ARM.attributes)
 .ARM.attributes
                0x00000000       0x22 c:/ac6/systemworkbench/plugins/fr.ac6.mcu.externaltools.arm-none.win32_1.17.0.201812190825/tools/compiler/bin/../lib/gcc/arm-none-eabi/7.3.1/thumb/v7e-m/fpv4-sp/hard/crti.o
 .ARM.attributes
                0x00000022       0x34 c:/ac6/systemworkbench/plugins/fr.ac6.mcu.externaltools.arm-none.win32_1.17.0.201812190825/tools/compiler/bin/../lib/gcc/arm-none-eabi/7.3.1/thumb/v7e-m/fpv4-sp/hard/crtbegin.o
 .ARM.attributes
                0x00000056       0x39 src/SDR_InitPeriph.o
 .ARM.attributes
                0x0000008f       0x39 src/SDR_func.o
 .ARM.attributes
                0x000000c8       0x39 src/SDR_math.o
 .ARM.attributes
                0x00000101       0x39 src/main.o
 .ARM.attributes
                0x0000013a       0x39 src/misc.o
 .ARM.attributes
                0x00000173       0x39 src/stm32f429i_discovery_ioe.o
 .ARM.attributes
                0x000001ac       0x39 src/stm32f429i_discovery_lcd.o
 .ARM.attributes
                0x000001e5       0x39 src/stm32f429i_discovery_sdram.o
 .ARM.attributes
                0x0000021e       0x39 src/stm32f4xx_adc.o
 .ARM.attributes
                0x00000257       0x39 src/stm32f4xx_dac.o
 .ARM.attributes
                0x00000290       0x39 src/stm32f4xx_dma.o
 .ARM.attributes
                0x000002c9       0x39 src/stm32f4xx_dma2d.o
 .ARM.attributes
                0x00000302       0x39 src/stm32f4xx_exti.o
 .ARM.attributes
                0x0000033b       0x39 src/stm32f4xx_fmc.o
 .ARM.attributes
                0x00000374       0x39 src/stm32f4xx_gpio.o
 .ARM.attributes
                0x000003ad       0x39 src/stm32f4xx_i2c.o
 .ARM.attributes
                0x000003e6       0x39 src/stm32f4xx_it.o
 .ARM.attributes
                0x0000041f       0x39 src/stm32f4xx_ltdc.o
 .ARM.attributes
                0x00000458       0x39 src/stm32f4xx_rcc.o
 .ARM.attributes
                0x00000491       0x39 src/stm32f4xx_spi.o
 .ARM.attributes
                0x000004ca       0x39 src/stm32f4xx_syscfg.o
 .ARM.attributes
                0x00000503       0x39 src/stm32f4xx_tim.o
 .ARM.attributes
                0x0000053c       0x39 src/system_stm32f4xx.o
 .ARM.attributes
                0x00000575       0x25 startup/startup_stm32.o
 .ARM.attributes
                0x0000059a       0x39 startup/sysmem.o
 .ARM.attributes
                0x000005d3       0x39 C:\STM32F429I-Discovery_FW_V1.0.1\Libraries\CMSIS\Lib\GCC\libarm_cortexM4lf_math.a(arm_const_structs.o)
 .ARM.attributes
                0x0000060c       0x39 C:\STM32F429I-Discovery_FW_V1.0.1\Libraries\CMSIS\Lib\GCC\libarm_cortexM4lf_math.a(arm_common_tables.o)
 .ARM.attributes
                0x00000645       0x39 C:\STM32F429I-Discovery_FW_V1.0.1\Libraries\CMSIS\Lib\GCC\libarm_cortexM4lf_math.a(arm_cfft_f32.o)
 .ARM.attributes
                0x0000067e       0x39 C:\STM32F429I-Discovery_FW_V1.0.1\Libraries\CMSIS\Lib\GCC\libarm_cortexM4lf_math.a(arm_fir_decimate_init_f32.o)
 .ARM.attributes
                0x000006b7       0x39 C:\STM32F429I-Discovery_FW_V1.0.1\Libraries\CMSIS\Lib\GCC\libarm_cortexM4lf_math.a(arm_fir_decimate_f32.o)
 .ARM.attributes
                0x000006f0       0x39 C:\STM32F429I-Discovery_FW_V1.0.1\Libraries\CMSIS\Lib\GCC\libarm_cortexM4lf_math.a(arm_cmplx_mult_cmplx_f32.o)
 .ARM.attributes
                0x00000729       0x25 C:\STM32F429I-Discovery_FW_V1.0.1\Libraries\CMSIS\Lib\GCC\libarm_cortexM4lf_math.a(arm_bitreversal2.o)
 .ARM.attributes
                0x0000074e       0x39 C:\STM32F429I-Discovery_FW_V1.0.1\Libraries\CMSIS\Lib\GCC\libarm_cortexM4lf_math.a(arm_cfft_radix8_f32.o)
 .ARM.attributes
                0x00000787       0x34 c:/ac6/systemworkbench/plugins/fr.ac6.mcu.externaltools.arm-none.win32_1.17.0.201812190825/tools/compiler/bin/../lib/gcc/arm-none-eabi/7.3.1/../../../../arm-none-eabi/lib/thumb/v7e-m/fpv4-sp/hard\libm.a(lib_a-s_cos.o)
 .ARM.attributes
                0x000007bb       0x34 c:/ac6/systemworkbench/plugins/fr.ac6.mcu.externaltools.arm-none.win32_1.17.0.201812190825/tools/compiler/bin/../lib/gcc/arm-none-eabi/7.3.1/../../../../arm-none-eabi/lib/thumb/v7e-m/fpv4-sp/hard\libm.a(lib_a-s_sin.o)
 .ARM.attributes
                0x000007ef       0x34 c:/ac6/systemworkbench/plugins/fr.ac6.mcu.externaltools.arm-none.win32_1.17.0.201812190825/tools/compiler/bin/../lib/gcc/arm-none-eabi/7.3.1/../../../../arm-none-eabi/lib/thumb/v7e-m/fpv4-sp/hard\libm.a(lib_a-w_log10.o)
 .ARM.attributes
                0x00000823       0x34 c:/ac6/systemworkbench/plugins/fr.ac6.mcu.externaltools.arm-none.win32_1.17.0.201812190825/tools/compiler/bin/../lib/gcc/arm-none-eabi/7.3.1/../../../../arm-none-eabi/lib/thumb/v7e-m/fpv4-sp/hard\libm.a(lib_a-w_pow.o)
 .ARM.attributes
                0x00000857       0x34 c:/ac6/systemworkbench/plugins/fr.ac6.mcu.externaltools.arm-none.win32_1.17.0.201812190825/tools/compiler/bin/../lib/gcc/arm-none-eabi/7.3.1/../../../../arm-none-eabi/lib/thumb/v7e-m/fpv4-sp/hard\libm.a(lib_a-w_sqrt.o)
 .ARM.attributes
                0x0000088b       0x34 c:/ac6/systemworkbench/plugins/fr.ac6.mcu.externaltools.arm-none.win32_1.17.0.201812190825/tools/compiler/bin/../lib/gcc/arm-none-eabi/7.3.1/../../../../arm-none-eabi/lib/thumb/v7e-m/fpv4-sp/hard\libm.a(lib_a-wf_sqrt.o)
 .ARM.attributes
                0x000008bf       0x34 c:/ac6/systemworkbench/plugins/fr.ac6.mcu.externaltools.arm-none.win32_1.17.0.201812190825/tools/compiler/bin/../lib/gcc/arm-none-eabi/7.3.1/../../../../arm-none-eabi/lib/thumb/v7e-m/fpv4-sp/hard\libm.a(lib_a-e_log10.o)
 .ARM.attributes
                0x000008f3       0x34 c:/ac6/systemworkbench/plugins/fr.ac6.mcu.externaltools.arm-none.win32_1.17.0.201812190825/tools/compiler/bin/../lib/gcc/arm-none-eabi/7.3.1/../../../../arm-none-eabi/lib/thumb/v7e-m/fpv4-sp/hard\libm.a(lib_a-e_pow.o)
 .ARM.attributes
                0x00000927       0x34 c:/ac6/systemworkbench/plugins/fr.ac6.mcu.externaltools.arm-none.win32_1.17.0.201812190825/tools/compiler/bin/../lib/gcc/arm-none-eabi/7.3.1/../../../../arm-none-eabi/lib/thumb/v7e-m/fpv4-sp/hard\libm.a(lib_a-e_rem_pio2.o)
 .ARM.attributes
                0x0000095b       0x34 c:/ac6/systemworkbench/plugins/fr.ac6.mcu.externaltools.arm-none.win32_1.17.0.201812190825/tools/compiler/bin/../lib/gcc/arm-none-eabi/7.3.1/../../../../arm-none-eabi/lib/thumb/v7e-m/fpv4-sp/hard\libm.a(lib_a-e_sqrt.o)
 .ARM.attributes
                0x0000098f       0x34 c:/ac6/systemworkbench/plugins/fr.ac6.mcu.externaltools.arm-none.win32_1.17.0.201812190825/tools/compiler/bin/../lib/gcc/arm-none-eabi/7.3.1/../../../../arm-none-eabi/lib/thumb/v7e-m/fpv4-sp/hard\libm.a(lib_a-ef_sqrt.o)
 .ARM.attributes
                0x000009c3       0x34 c:/ac6/systemworkbench/plugins/fr.ac6.mcu.externaltools.arm-none.win32_1.17.0.201812190825/tools/compiler/bin/../lib/gcc/arm-none-eabi/7.3.1/../../../../arm-none-eabi/lib/thumb/v7e-m/fpv4-sp/hard\libm.a(lib_a-k_cos.o)
 .ARM.attributes
                0x000009f7       0x34 c:/ac6/systemworkbench/plugins/fr.ac6.mcu.externaltools.arm-none.win32_1.17.0.201812190825/tools/compiler/bin/../lib/gcc/arm-none-eabi/7.3.1/../../../../arm-none-eabi/lib/thumb/v7e-m/fpv4-sp/hard\libm.a(lib_a-k_rem_pio2.o)
 .ARM.attributes
                0x00000a2b       0x34 c:/ac6/systemworkbench/plugins/fr.ac6.mcu.externaltools.arm-none.win32_1.17.0.201812190825/tools/compiler/bin/../lib/gcc/arm-none-eabi/7.3.1/../../../../arm-none-eabi/lib/thumb/v7e-m/fpv4-sp/hard\libm.a(lib_a-k_sin.o)
 .ARM.attributes
                0x00000a5f       0x34 c:/ac6/systemworkbench/plugins/fr.ac6.mcu.externaltools.arm-none.win32_1.17.0.201812190825/tools/compiler/bin/../lib/gcc/arm-none-eabi/7.3.1/../../../../arm-none-eabi/lib/thumb/v7e-m/fpv4-sp/hard\libm.a(lib_a-s_fabs.o)
 .ARM.attributes
                0x00000a93       0x34 c:/ac6/systemworkbench/plugins/fr.ac6.mcu.externaltools.arm-none.win32_1.17.0.201812190825/tools/compiler/bin/../lib/gcc/arm-none-eabi/7.3.1/../../../../arm-none-eabi/lib/thumb/v7e-m/fpv4-sp/hard\libm.a(lib_a-s_finite.o)
 .ARM.attributes
                0x00000ac7       0x34 c:/ac6/systemworkbench/plugins/fr.ac6.mcu.externaltools.arm-none.win32_1.17.0.201812190825/tools/compiler/bin/../lib/gcc/arm-none-eabi/7.3.1/../../../../arm-none-eabi/lib/thumb/v7e-m/fpv4-sp/hard\libm.a(lib_a-s_floor.o)
 .ARM.attributes
                0x00000afb       0x34 c:/ac6/systemworkbench/plugins/fr.ac6.mcu.externaltools.arm-none.win32_1.17.0.201812190825/tools/compiler/bin/../lib/gcc/arm-none-eabi/7.3.1/../../../../arm-none-eabi/lib/thumb/v7e-m/fpv4-sp/hard\libm.a(lib_a-s_lib_ver.o)
 .ARM.attributes
                0x00000b2f       0x34 c:/ac6/systemworkbench/plugins/fr.ac6.mcu.externaltools.arm-none.win32_1.17.0.201812190825/tools/compiler/bin/../lib/gcc/arm-none-eabi/7.3.1/../../../../arm-none-eabi/lib/thumb/v7e-m/fpv4-sp/hard\libm.a(lib_a-s_matherr.o)
 .ARM.attributes
                0x00000b63       0x34 c:/ac6/systemworkbench/plugins/fr.ac6.mcu.externaltools.arm-none.win32_1.17.0.201812190825/tools/compiler/bin/../lib/gcc/arm-none-eabi/7.3.1/../../../../arm-none-eabi/lib/thumb/v7e-m/fpv4-sp/hard\libm.a(lib_a-s_nan.o)
 .ARM.attributes
                0x00000b97       0x34 c:/ac6/systemworkbench/plugins/fr.ac6.mcu.externaltools.arm-none.win32_1.17.0.201812190825/tools/compiler/bin/../lib/gcc/arm-none-eabi/7.3.1/../../../../arm-none-eabi/lib/thumb/v7e-m/fpv4-sp/hard\libm.a(lib_a-s_rint.o)
 .ARM.attributes
                0x00000bcb       0x34 c:/ac6/systemworkbench/plugins/fr.ac6.mcu.externaltools.arm-none.win32_1.17.0.201812190825/tools/compiler/bin/../lib/gcc/arm-none-eabi/7.3.1/../../../../arm-none-eabi/lib/thumb/v7e-m/fpv4-sp/hard\libm.a(lib_a-s_scalbn.o)
 .ARM.attributes
                0x00000bff       0x34 c:/ac6/systemworkbench/plugins/fr.ac6.mcu.externaltools.arm-none.win32_1.17.0.201812190825/tools/compiler/bin/../lib/gcc/arm-none-eabi/7.3.1/../../../../arm-none-eabi/lib/thumb/v7e-m/fpv4-sp/hard\libm.a(lib_a-e_log.o)
 .ARM.attributes
                0x00000c33       0x34 c:/ac6/systemworkbench/plugins/fr.ac6.mcu.externaltools.arm-none.win32_1.17.0.201812190825/tools/compiler/bin/../lib/gcc/arm-none-eabi/7.3.1/../../../../arm-none-eabi/lib/thumb/v7e-m/fpv4-sp/hard\libm.a(lib_a-s_copysign.o)
 .ARM.attributes
                0x00000c67       0x22 c:/ac6/systemworkbench/plugins/fr.ac6.mcu.externaltools.arm-none.win32_1.17.0.201812190825/tools/compiler/bin/../lib/gcc/arm-none-eabi/7.3.1/thumb/v7e-m/fpv4-sp/hard\libgcc.a(_arm_addsubdf3.o)
 .ARM.attributes
                0x00000c89       0x22 c:/ac6/systemworkbench/plugins/fr.ac6.mcu.externaltools.arm-none.win32_1.17.0.201812190825/tools/compiler/bin/../lib/gcc/arm-none-eabi/7.3.1/thumb/v7e-m/fpv4-sp/hard\libgcc.a(_arm_muldivdf3.o)
 .ARM.attributes
                0x00000cab       0x22 c:/ac6/systemworkbench/plugins/fr.ac6.mcu.externaltools.arm-none.win32_1.17.0.201812190825/tools/compiler/bin/../lib/gcc/arm-none-eabi/7.3.1/thumb/v7e-m/fpv4-sp/hard\libgcc.a(_arm_cmpdf2.o)
 .ARM.attributes
                0x00000ccd       0x22 c:/ac6/systemworkbench/plugins/fr.ac6.mcu.externaltools.arm-none.win32_1.17.0.201812190825/tools/compiler/bin/../lib/gcc/arm-none-eabi/7.3.1/thumb/v7e-m/fpv4-sp/hard\libgcc.a(_arm_unorddf2.o)
 .ARM.attributes
                0x00000cef       0x22 c:/ac6/systemworkbench/plugins/fr.ac6.mcu.externaltools.arm-none.win32_1.17.0.201812190825/tools/compiler/bin/../lib/gcc/arm-none-eabi/7.3.1/thumb/v7e-m/fpv4-sp/hard\libgcc.a(_arm_fixdfsi.o)
 .ARM.attributes
                0x00000d11       0x22 c:/ac6/systemworkbench/plugins/fr.ac6.mcu.externaltools.arm-none.win32_1.17.0.201812190825/tools/compiler/bin/../lib/gcc/arm-none-eabi/7.3.1/thumb/v7e-m/fpv4-sp/hard\libgcc.a(_arm_fixunsdfsi.o)
 .ARM.attributes
                0x00000d33       0x22 c:/ac6/systemworkbench/plugins/fr.ac6.mcu.externaltools.arm-none.win32_1.17.0.201812190825/tools/compiler/bin/../lib/gcc/arm-none-eabi/7.3.1/thumb/v7e-m/fpv4-sp/hard\libgcc.a(_arm_truncdfsf2.o)
 .ARM.attributes
                0x00000d55       0x34 c:/ac6/systemworkbench/plugins/fr.ac6.mcu.externaltools.arm-none.win32_1.17.0.201812190825/tools/compiler/bin/../lib/gcc/arm-none-eabi/7.3.1/../../../../arm-none-eabi/lib/thumb/v7e-m/fpv4-sp/hard\libc_nano.a(lib_a-errno.o)
 .ARM.attributes
                0x00000d89       0x34 c:/ac6/systemworkbench/plugins/fr.ac6.mcu.externaltools.arm-none.win32_1.17.0.201812190825/tools/compiler/bin/../lib/gcc/arm-none-eabi/7.3.1/../../../../arm-none-eabi/lib/thumb/v7e-m/fpv4-sp/hard\libc_nano.a(lib_a-impure.o)
 .ARM.attributes
                0x00000dbd       0x34 c:/ac6/systemworkbench/plugins/fr.ac6.mcu.externaltools.arm-none.win32_1.17.0.201812190825/tools/compiler/bin/../lib/gcc/arm-none-eabi/7.3.1/../../../../arm-none-eabi/lib/thumb/v7e-m/fpv4-sp/hard\libc_nano.a(lib_a-init.o)
 .ARM.attributes
                0x00000df1       0x34 c:/ac6/systemworkbench/plugins/fr.ac6.mcu.externaltools.arm-none.win32_1.17.0.201812190825/tools/compiler/bin/../lib/gcc/arm-none-eabi/7.3.1/../../../../arm-none-eabi/lib/thumb/v7e-m/fpv4-sp/hard\libc_nano.a(lib_a-memset.o)
 .ARM.attributes
                0x00000e25       0x34 c:/ac6/systemworkbench/plugins/fr.ac6.mcu.externaltools.arm-none.win32_1.17.0.201812190825/tools/compiler/bin/../lib/gcc/arm-none-eabi/7.3.1/../../../../arm-none-eabi/lib/thumb/v7e-m/fpv4-sp/hard\libc_nano.a(lib_a-nano-vfprintf_float.o)
 .ARM.attributes
                0x00000e59       0x34 c:/ac6/systemworkbench/plugins/fr.ac6.mcu.externaltools.arm-none.win32_1.17.0.201812190825/tools/compiler/bin/../lib/gcc/arm-none-eabi/7.3.1/../../../../arm-none-eabi/lib/thumb/v7e-m/fpv4-sp/hard\libc_nano.a(lib_a-nano-vfprintf_i.o)
 .ARM.attributes
                0x00000e8d       0x34 c:/ac6/systemworkbench/plugins/fr.ac6.mcu.externaltools.arm-none.win32_1.17.0.201812190825/tools/compiler/bin/../lib/gcc/arm-none-eabi/7.3.1/../../../../arm-none-eabi/lib/thumb/v7e-m/fpv4-sp/hard\libc_nano.a(lib_a-sprintf.o)
 .ARM.attributes
                0x00000ec1       0x34 c:/ac6/systemworkbench/plugins/fr.ac6.mcu.externaltools.arm-none.win32_1.17.0.201812190825/tools/compiler/bin/../lib/gcc/arm-none-eabi/7.3.1/../../../../arm-none-eabi/lib/thumb/v7e-m/fpv4-sp/hard\libc_nano.a(lib_a-strcpy.o)
 .ARM.attributes
                0x00000ef5       0x1b c:/ac6/systemworkbench/plugins/fr.ac6.mcu.externaltools.arm-none.win32_1.17.0.201812190825/tools/compiler/bin/../lib/gcc/arm-none-eabi/7.3.1/../../../../arm-none-eabi/lib/thumb/v7e-m/fpv4-sp/hard\libc_nano.a(lib_a-strlen.o)
 .ARM.attributes
                0x00000f10       0x34 c:/ac6/systemworkbench/plugins/fr.ac6.mcu.externaltools.arm-none.win32_1.17.0.201812190825/tools/compiler/bin/../lib/gcc/arm-none-eabi/7.3.1/../../../../arm-none-eabi/lib/thumb/v7e-m/fpv4-sp/hard\libc_nano.a(lib_a-dtoa.o)
 .ARM.attributes
                0x00000f44       0x34 c:/ac6/systemworkbench/plugins/fr.ac6.mcu.externaltools.arm-none.win32_1.17.0.201812190825/tools/compiler/bin/../lib/gcc/arm-none-eabi/7.3.1/../../../../arm-none-eabi/lib/thumb/v7e-m/fpv4-sp/hard\libc_nano.a(lib_a-localeconv.o)
 .ARM.attributes
                0x00000f78       0x34 c:/ac6/systemworkbench/plugins/fr.ac6.mcu.externaltools.arm-none.win32_1.17.0.201812190825/tools/compiler/bin/../lib/gcc/arm-none-eabi/7.3.1/../../../../arm-none-eabi/lib/thumb/v7e-m/fpv4-sp/hard\libc_nano.a(lib_a-malloc.o)
 .ARM.attributes
                0x00000fac       0x20 c:/ac6/systemworkbench/plugins/fr.ac6.mcu.externaltools.arm-none.win32_1.17.0.201812190825/tools/compiler/bin/../lib/gcc/arm-none-eabi/7.3.1/../../../../arm-none-eabi/lib/thumb/v7e-m/fpv4-sp/hard\libc_nano.a(lib_a-memchr.o)
 .ARM.attributes
                0x00000fcc       0x34 c:/ac6/systemworkbench/plugins/fr.ac6.mcu.externaltools.arm-none.win32_1.17.0.201812190825/tools/compiler/bin/../lib/gcc/arm-none-eabi/7.3.1/../../../../arm-none-eabi/lib/thumb/v7e-m/fpv4-sp/hard\libc_nano.a(lib_a-memcpy-stub.o)
 .ARM.attributes